Archive member included to satisfy reference by file (symbol)

c:/st/stm32cubeide_1.8.0/stm32cubeide/plugins/com.st.stm32cube.ide.mcu.externaltools.gnu-tools-for-stm32.9-2020-q2-update.win32_2.0.0.202105311346/tools/bin/../lib/gcc/arm-none-eabi/9.3.1/../../../../arm-none-eabi/lib/thumb/v7e-m+fp/hard\libc_nano.a(lib_a-errno.o)
                              ./Core/Src/syscalls.o (__errno)
c:/st/stm32cubeide_1.8.0/stm32cubeide/plugins/com.st.stm32cube.ide.mcu.externaltools.gnu-tools-for-stm32.9-2020-q2-update.win32_2.0.0.202105311346/tools/bin/../lib/gcc/arm-none-eabi/9.3.1/../../../../arm-none-eabi/lib/thumb/v7e-m+fp/hard\libc_nano.a(lib_a-exit.o)
                              c:/st/stm32cubeide_1.8.0/stm32cubeide/plugins/com.st.stm32cube.ide.mcu.externaltools.gnu-tools-for-stm32.9-2020-q2-update.win32_2.0.0.202105311346/tools/bin/../lib/gcc/arm-none-eabi/9.3.1/../../../../arm-none-eabi/lib/thumb/v7e-m+fp/hard/crt0.o (exit)
c:/st/stm32cubeide_1.8.0/stm32cubeide/plugins/com.st.stm32cube.ide.mcu.externaltools.gnu-tools-for-stm32.9-2020-q2-update.win32_2.0.0.202105311346/tools/bin/../lib/gcc/arm-none-eabi/9.3.1/../../../../arm-none-eabi/lib/thumb/v7e-m+fp/hard\libc_nano.a(lib_a-impure.o)
                              c:/st/stm32cubeide_1.8.0/stm32cubeide/plugins/com.st.stm32cube.ide.mcu.externaltools.gnu-tools-for-stm32.9-2020-q2-update.win32_2.0.0.202105311346/tools/bin/../lib/gcc/arm-none-eabi/9.3.1/../../../../arm-none-eabi/lib/thumb/v7e-m+fp/hard\libc_nano.a(lib_a-exit.o) (_global_impure_ptr)
c:/st/stm32cubeide_1.8.0/stm32cubeide/plugins/com.st.stm32cube.ide.mcu.externaltools.gnu-tools-for-stm32.9-2020-q2-update.win32_2.0.0.202105311346/tools/bin/../lib/gcc/arm-none-eabi/9.3.1/../../../../arm-none-eabi/lib/thumb/v7e-m+fp/hard\libc_nano.a(lib_a-init.o)
                              c:/st/stm32cubeide_1.8.0/stm32cubeide/plugins/com.st.stm32cube.ide.mcu.externaltools.gnu-tools-for-stm32.9-2020-q2-update.win32_2.0.0.202105311346/tools/bin/../lib/gcc/arm-none-eabi/9.3.1/../../../../arm-none-eabi/lib/thumb/v7e-m+fp/hard/crt0.o (__libc_init_array)
c:/st/stm32cubeide_1.8.0/stm32cubeide/plugins/com.st.stm32cube.ide.mcu.externaltools.gnu-tools-for-stm32.9-2020-q2-update.win32_2.0.0.202105311346/tools/bin/../lib/gcc/arm-none-eabi/9.3.1/../../../../arm-none-eabi/lib/thumb/v7e-m+fp/hard\libc_nano.a(lib_a-memset.o)
                              c:/st/stm32cubeide_1.8.0/stm32cubeide/plugins/com.st.stm32cube.ide.mcu.externaltools.gnu-tools-for-stm32.9-2020-q2-update.win32_2.0.0.202105311346/tools/bin/../lib/gcc/arm-none-eabi/9.3.1/../../../../arm-none-eabi/lib/thumb/v7e-m+fp/hard/crt0.o (memset)
c:/st/stm32cubeide_1.8.0/stm32cubeide/plugins/com.st.stm32cube.ide.mcu.externaltools.gnu-tools-for-stm32.9-2020-q2-update.win32_2.0.0.202105311346/tools/bin/../lib/gcc/arm-none-eabi/9.3.1/thumb/v7e-m+fp/hard\libgcc.a(_arm_muldf3.o)
                              ./Core/Src/MOT.o (__aeabi_dmul)
c:/st/stm32cubeide_1.8.0/stm32cubeide/plugins/com.st.stm32cube.ide.mcu.externaltools.gnu-tools-for-stm32.9-2020-q2-update.win32_2.0.0.202105311346/tools/bin/../lib/gcc/arm-none-eabi/9.3.1/thumb/v7e-m+fp/hard\libgcc.a(_arm_addsubdf3.o)
                              ./Core/Src/main.o (__aeabi_dadd)
c:/st/stm32cubeide_1.8.0/stm32cubeide/plugins/com.st.stm32cube.ide.mcu.externaltools.gnu-tools-for-stm32.9-2020-q2-update.win32_2.0.0.202105311346/tools/bin/../lib/gcc/arm-none-eabi/9.3.1/thumb/v7e-m+fp/hard\libgcc.a(_arm_muldivdf3.o)
                              ./Core/Src/MOT.o (__aeabi_ddiv)
c:/st/stm32cubeide_1.8.0/stm32cubeide/plugins/com.st.stm32cube.ide.mcu.externaltools.gnu-tools-for-stm32.9-2020-q2-update.win32_2.0.0.202105311346/tools/bin/../lib/gcc/arm-none-eabi/9.3.1/thumb/v7e-m+fp/hard\libgcc.a(_arm_fixdfsi.o)
                              ./Core/Src/MOT.o (__aeabi_d2iz)
c:/st/stm32cubeide_1.8.0/stm32cubeide/plugins/com.st.stm32cube.ide.mcu.externaltools.gnu-tools-for-stm32.9-2020-q2-update.win32_2.0.0.202105311346/tools/bin/../lib/gcc/arm-none-eabi/9.3.1/thumb/v7e-m+fp/hard\libgcc.a(_arm_truncdfsf2.o)
                              ./Core/Src/MOT.o (__aeabi_d2f)

Allocating common symbols
Common symbol       size              file

Rozmiar             0x2               ./Core/Src/main.o
I4_V_MAX            0x2               ./Core/Src/main.o
hdma_usart2_rx      0x44              ./Core/Src/usart.o
Wiadomosc           0xc8              ./Core/Src/main.o
mot_przod_prawy     0x64              ./Core/Src/main.o
OFF_ON              0x1               ./Core/Src/main.o
MA                  0x1               ./Core/Src/main.o
htim17              0x4c              ./Core/Src/tim.o
mot_przod_lewy      0x64              ./Core/Src/main.o
I1_V                0x2               ./Core/Src/main.o
Pid_przod_lewy      0x40              ./Core/Src/main.o
uwTick              0x4               ./Drivers/STM32F3xx_HAL_Driver/Src/stm32f3xx_hal.o
mot_tyl_prawy       0x64              ./Core/Src/main.o
[...]
Memory Configuration

Name             Origin             Length             Attributes
CCMRAM           0x0000000010000000 0x0000000000001000 xrw
RAM              0x0000000020000000 0x0000000000003000 xrw
FLASH            0x0000000008000000 0x0000000000010000 xr
*default*        0x0000000000000000 0xffffffffffffffff

Linker script and memory map

LOAD c:/st/stm32cubeide_1.8.0/stm32cubeide/plugins/com.st.stm32cube.ide.mcu.externaltools.gnu-tools-for-stm32.9-2020-q2-update.win32_2.0.0.202105311346/tools/bin/../lib/gcc/arm-none-eabi/9.3.1/thumb/v7e-m+fp/hard/crti.o
LOAD c:/st/stm32cubeide_1.8.0/stm32cubeide/plugins/com.st.stm32cube.ide.mcu.externaltools.gnu-tools-for-stm32.9-2020-q2-update.win32_2.0.0.202105311346/tools/bin/../lib/gcc/arm-none-eabi/9.3.1/thumb/v7e-m+fp/hard/crtbegin.o
LOAD c:/st/stm32cubeide_1.8.0/stm32cubeide/plugins/com.st.stm32cube.ide.mcu.externaltools.gnu-tools-for-stm32.9-2020-q2-update.win32_2.0.0.202105311346/tools/bin/../lib/gcc/arm-none-eabi/9.3.1/../../../../arm-none-eabi/lib/thumb/v7e-m+fp/hard/crt0.o
LOAD ./Core/Src/MOT.o
LOAD ./Core/Src/PID.o
LOAD ./Core/Src/dma.o
LOAD ./Core/Src/gpio.o
LOAD ./Core/Src/ibus.o
LOAD ./Core/Src/main.o
LOAD ./Core/Src/stm32f3xx_hal_msp.o
LOAD ./Core/Src/stm32f3xx_it.o
LOAD ./Core/Src/syscalls.o
LOAD ./Core/Src/sysmem.o
LOAD ./Core/Src/system_stm32f3xx.o
LOAD ./Core/Src/tim.o
LOAD ./Core/Src/usart.o
LOAD ./Core/Startup/startup_stm32f303k8tx.o
LOAD ./Drivers/STM32F3xx_HAL_Driver/Src/stm32f3xx_hal.o
LOAD ./Drivers/STM32F3xx_HAL_Driver/Src/stm32f3xx_hal_cortex.o
LOAD ./Drivers/STM32F3xx_HAL_Driver/Src/stm32f3xx_hal_dma.o
LOAD ./Drivers/STM32F3xx_HAL_Driver/Src/stm32f3xx_hal_exti.o
LOAD ./Drivers/STM32F3xx_HAL_Driver/Src/stm32f3xx_hal_flash.o
LOAD ./Drivers/STM32F3xx_HAL_Driver/Src/stm32f3xx_hal_flash_ex.o
LOAD ./Drivers/STM32F3xx_HAL_Driver/Src/stm32f3xx_hal_gpio.o
LOAD ./Drivers/STM32F3xx_HAL_Driver/Src/stm32f3xx_hal_i2c.o
LOAD ./Drivers/STM32F3xx_HAL_Driver/Src/stm32f3xx_hal_i2c_ex.o
LOAD ./Drivers/STM32F3xx_HAL_Driver/Src/stm32f3xx_hal_pwr.o
LOAD ./Drivers/STM32F3xx_HAL_Driver/Src/stm32f3xx_hal_pwr_ex.o
LOAD ./Drivers/STM32F3xx_HAL_Driver/Src/stm32f3xx_hal_rcc.o
LOAD ./Drivers/STM32F3xx_HAL_Driver/Src/stm32f3xx_hal_rcc_ex.o
LOAD ./Drivers/STM32F3xx_HAL_Driver/Src/stm32f3xx_hal_tim.o
LOAD ./Drivers/STM32F3xx_HAL_Driver/Src/stm32f3xx_hal_tim_ex.o
LOAD ./Drivers/STM32F3xx_HAL_Driver/Src/stm32f3xx_hal_uart.o
LOAD ./Drivers/STM32F3xx_HAL_Driver/Src/stm32f3xx_hal_uart_ex.o
START GROUP
LOAD c:/st/stm32cubeide_1.8.0/stm32cubeide/plugins/com.st.stm32cube.ide.mcu.externaltools.gnu-tools-for-stm32.9-2020-q2-update.win32_2.0.0.202105311346/tools/bin/../lib/gcc/arm-none-eabi/9.3.1/../../../../arm-none-eabi/lib/thumb/v7e-m+fp/hard\libc_nano.a
LOAD c:/st/stm32cubeide_1.8.0/stm32cubeide/plugins/com.st.stm32cube.ide.mcu.externaltools.gnu-tools-for-stm32.9-2020-q2-update.win32_2.0.0.202105311346/tools/bin/../lib/gcc/arm-none-eabi/9.3.1/../../../../arm-none-eabi/lib/thumb/v7e-m+fp/hard\libm.a
END GROUP
START GROUP
LOAD c:/st/stm32cubeide_1.8.0/stm32cubeide/plugins/com.st.stm32cube.ide.mcu.externaltools.gnu-tools-for-stm32.9-2020-q2-update.win32_2.0.0.202105311346/tools/bin/../lib/gcc/arm-none-eabi/9.3.1/thumb/v7e-m+fp/hard\libgcc.a
LOAD c:/st/stm32cubeide_1.8.0/stm32cubeide/plugins/com.st.stm32cube.ide.mcu.externaltools.gnu-tools-for-stm32.9-2020-q2-update.win32_2.0.0.202105311346/tools/bin/../lib/gcc/arm-none-eabi/9.3.1/../../../../arm-none-eabi/lib/thumb/v7e-m+fp/hard\libc_nano.a
END GROUP
START GROUP
LOAD c:/st/stm32cubeide_1.8.0/stm32cubeide/plugins/com.st.stm32cube.ide.mcu.externaltools.gnu-tools-for-stm32.9-2020-q2-update.win32_2.0.0.202105311346/tools/bin/../lib/gcc/arm-none-eabi/9.3.1/thumb/v7e-m+fp/hard\libgcc.a
LOAD c:/st/stm32cubeide_1.8.0/stm32cubeide/plugins/com.st.stm32cube.ide.mcu.externaltools.gnu-tools-for-stm32.9-2020-q2-update.win32_2.0.0.202105311346/tools/bin/../lib/gcc/arm-none-eabi/9.3.1/../../../../arm-none-eabi/lib/thumb/v7e-m+fp/hard\libc_nano.a
LOAD c:/st/stm32cubeide_1.8.0/stm32cubeide/plugins/com.st.stm32cube.ide.mcu.externaltools.gnu-tools-for-stm32.9-2020-q2-update.win32_2.0.0.202105311346/tools/bin/../lib/gcc/arm-none-eabi/9.3.1/../../../../arm-none-eabi/lib/thumb/v7e-m+fp/hard\libnosys.a
END GROUP
START GROUP
LOAD c:/st/stm32cubeide_1.8.0/stm32cubeide/plugins/com.st.stm32cube.ide.mcu.externaltools.gnu-tools-for-stm32.9-2020-q2-update.win32_2.0.0.202105311346/tools/bin/../lib/gcc/arm-none-eabi/9.3.1/thumb/v7e-m+fp/hard\libgcc.a
LOAD c:/st/stm32cubeide_1.8.0/stm32cubeide/plugins/com.st.stm32cube.ide.mcu.externaltools.gnu-tools-for-stm32.9-2020-q2-update.win32_2.0.0.202105311346/tools/bin/../lib/gcc/arm-none-eabi/9.3.1/../../../../arm-none-eabi/lib/thumb/v7e-m+fp/hard\libc_nano.a
LOAD c:/st/stm32cubeide_1.8.0/stm32cubeide/plugins/com.st.stm32cube.ide.mcu.externaltools.gnu-tools-for-stm32.9-2020-q2-update.win32_2.0.0.202105311346/tools/bin/../lib/gcc/arm-none-eabi/9.3.1/../../../../arm-none-eabi/lib/thumb/v7e-m+fp/hard\libnosys.a
END GROUP
LOAD c:/st/stm32cubeide_1.8.0/stm32cubeide/plugins/com.st.stm32cube.ide.mcu.externaltools.gnu-tools-for-stm32.9-2020-q2-update.win32_2.0.0.202105311346/tools/bin/../lib/gcc/arm-none-eabi/9.3.1/thumb/v7e-m+fp/hard/crtend.o
LOAD c:/st/stm32cubeide_1.8.0/stm32cubeide/plugins/com.st.stm32cube.ide.mcu.externaltools.gnu-tools-for-stm32.9-2020-q2-update.win32_2.0.0.202105311346/tools/bin/../lib/gcc/arm-none-eabi/9.3.1/thumb/v7e-m+fp/hard/crtn.o
                0x0000000020003000                _estack = (ORIGIN (RAM) + LENGTH (RAM))
                0x0000000000000200                _Min_Heap_Size = 0x200
                0x0000000000000400                _Min_Stack_Size = 0x400

.isr_vector     0x0000000008000000      0x188
                0x0000000008000000                . = ALIGN (0x4)
 *(.isr_vector)
 .isr_vector    0x0000000008000000      0x188 ./Core/Startup/startup_stm32f303k8tx.o
                0x0000000008000000                g_pfnVectors
                0x0000000008000188                . = ALIGN (0x4)

.text           0x0000000008000188     0x535c
                0x0000000008000188                . = ALIGN (0x4)
 *(.text)
 .text          0x0000000008000188       0x40 c:/st/stm32cubeide_1.8.0/stm32cubeide/plugins/com.st.stm32cube.ide.mcu.externaltools.gnu-tools-for-stm32.9-2020-q2-update.win32_2.0.0.202105311346/tools/bin/../lib/gcc/arm-none-eabi/9.3.1/thumb/v7e-m+fp/hard/crtbegin.o
 *(.text*)
 .text.motor_init
                0x00000000080001c8       0x66 ./Core/Src/MOT.o
                0x00000000080001c8                motor_init
 *fill*         0x000000000800022e        0x2 
 .text.pid_init
                0x0000000008000230       0x90 ./Core/Src/PID.o
                0x0000000008000230                pid_init
 .text.pid_scaling
                0x00000000080002c0       0x68 ./Core/Src/PID.o
                0x00000000080002c0                pid_scaling
 .text.MX_DMA_Init
                0x0000000008000328       0x4c ./Core/Src/dma.o
                0x0000000008000328                MX_DMA_Init
 .text.MX_GPIO_Init
                0x0000000008000374      0x12c ./Core/Src/gpio.o
                0x0000000008000374                MX_GPIO_Init
 .text.ibus_init
                0x00000000080004a0       0x1c ./Core/Src/ibus.o
                0x00000000080004a0                ibus_init
 .text.ibus_reset_failsafe
                0x00000000080004bc       0x18 ./Core/Src/ibus.o
                0x00000000080004bc                ibus_reset_failsafe
 .text.main     0x00000000080004d4      0x1a4 ./Core/Src/main.o
                0x00000000080004d4                main
 .text.SystemClock_Config
                0x0000000008000678       0xbe ./Core/Src/main.o
                0x0000000008000678                SystemClock_Config
 *fill*         0x0000000008000736        0x2 
 .text.HAL_UART_RxCpltCallback
                0x0000000008000738       0x20 ./Core/Src/main.o
                0x0000000008000738                HAL_UART_RxCpltCallback
 .text.HAL_TIM_PeriodElapsedCallback
                0x0000000008000758       0x40 ./Core/Src/main.o
                0x0000000008000758                HAL_TIM_PeriodElapsedCallback
 .text.Error_Handler
                0x0000000008000798        0xe ./Core/Src/main.o
                0x0000000008000798                Error_Handler
 *fill*         0x00000000080007a6        0x2 
 .text.HAL_MspInit
                0x00000000080007a8       0x48 ./Core/Src/stm32f3xx_hal_msp.o
                0x00000000080007a8                HAL_MspInit
 .text.NMI_Handler
                0x00000000080007f0        0x6 ./Core/Src/stm32f3xx_it.o
                0x00000000080007f0                NMI_Handler
 .text.HardFault_Handler
                0x00000000080007f6        0x6 ./Core/Src/stm32f3xx_it.o
                0x00000000080007f6                HardFault_Handler
 .text.MemManage_Handler
                0x00000000080007fc        0x6 ./Core/Src/stm32f3xx_it.o
                0x00000000080007fc                MemManage_Handler
 .text.BusFault_Handler
                0x0000000008000802        0x6 ./Core/Src/stm32f3xx_it.o
                0x0000000008000802                BusFault_Handler
 .text.UsageFault_Handler
                0x0000000008000808        0x6 ./Core/Src/stm32f3xx_it.o
                0x0000000008000808                UsageFault_Handler
 .text.SVC_Handler
                0x000000000800080e        0xe ./Core/Src/stm32f3xx_it.o
                0x000000000800080e                SVC_Handler
 .text.DebugMon_Handler
                0x000000000800081c        0xe ./Core/Src/stm32f3xx_it.o
                0x000000000800081c                DebugMon_Handler
 .text.PendSV_Handler
                0x000000000800082a        0xe ./Core/Src/stm32f3xx_it.o
                0x000000000800082a                PendSV_Handler
 .text.SysTick_Handler
                0x0000000008000838        0xc ./Core/Src/stm32f3xx_it.o
                0x0000000008000838                SysTick_Handler
 .text.EXTI1_IRQHandler
                0x0000000008000844        0xe ./Core/Src/stm32f3xx_it.o
                0x0000000008000844                EXTI1_IRQHandler
 .text.EXTI3_IRQHandler
                0x0000000008000852        0xe ./Core/Src/stm32f3xx_it.o
                0x0000000008000852                EXTI3_IRQHandler
 .text.EXTI4_IRQHandler
                0x0000000008000860        0xe ./Core/Src/stm32f3xx_it.o
                0x0000000008000860                EXTI4_IRQHandler
 *fill*         0x000000000800086e        0x2 
 .text.DMA1_Channel5_IRQHandler
                0x0000000008000870       0x14 ./Core/Src/stm32f3xx_it.o
                0x0000000008000870                DMA1_Channel5_IRQHandler
 .text.DMA1_Channel6_IRQHandler
                0x0000000008000884       0x14 ./Core/Src/stm32f3xx_it.o
                0x0000000008000884                DMA1_Channel6_IRQHandler
 .text.USART1_IRQHandler
                0x0000000008000898       0x14 ./Core/Src/stm32f3xx_it.o
                0x0000000008000898                USART1_IRQHandler
 .text.USART2_IRQHandler
                0x00000000080008ac       0x14 ./Core/Src/stm32f3xx_it.o
                0x00000000080008ac                USART2_IRQHandler
 .text.TIM6_DAC1_IRQHandler
                0x00000000080008c0       0x14 ./Core/Src/stm32f3xx_it.o
                0x00000000080008c0                TIM6_DAC1_IRQHandler
 .text.TIM7_DAC2_IRQHandler
                0x00000000080008d4       0x14 ./Core/Src/stm32f3xx_it.o
                0x00000000080008d4                TIM7_DAC2_IRQHandler
 .text.SystemInit
                0x00000000080008e8       0x24 ./Core/Src/system_stm32f3xx.o
                0x00000000080008e8                SystemInit
 .text.MX_TIM1_Init
                0x000000000800090c      0x168 ./Core/Src/tim.o
                0x000000000800090c                MX_TIM1_Init
 .text.MX_TIM2_Init
                0x0000000008000a74       0xa8 ./Core/Src/tim.o
                0x0000000008000a74                MX_TIM2_Init
 .text.MX_TIM3_Init
                0x0000000008000b1c       0xac ./Core/Src/tim.o
                0x0000000008000b1c                MX_TIM3_Init
 .text.MX_TIM6_Init
                0x0000000008000bc8       0x70 ./Core/Src/tim.o
                0x0000000008000bc8                MX_TIM6_Init
 .text.MX_TIM7_Init
                0x0000000008000c38       0x70 ./Core/Src/tim.o
                0x0000000008000c38                MX_TIM7_Init
 .text.MX_TIM17_Init
                0x0000000008000ca8       0xf4 ./Core/Src/tim.o
                0x0000000008000ca8                MX_TIM17_Init
 .text.HAL_TIM_PWM_MspInit
                0x0000000008000d9c       0x40 ./Core/Src/tim.o
                0x0000000008000d9c                HAL_TIM_PWM_MspInit
 .text.HAL_TIM_Encoder_MspInit
                0x0000000008000ddc       0xe4 ./Core/Src/tim.o
                0x0000000008000ddc                HAL_TIM_Encoder_MspInit
 .text.HAL_TIM_Base_MspInit
                0x0000000008000ec0       0xac ./Core/Src/tim.o
                0x0000000008000ec0                HAL_TIM_Base_MspInit
 .text.HAL_TIM_MspPostInit
                0x0000000008000f6c       0xe0 ./Core/Src/tim.o
                0x0000000008000f6c                HAL_TIM_MspPostInit
 .text.MX_USART1_UART_Init
                0x000000000800104c       0x60 ./Core/Src/usart.o
                0x000000000800104c                MX_USART1_UART_Init
 .text.MX_USART2_UART_Init
                0x00000000080010ac       0x60 ./Core/Src/usart.o
                0x00000000080010ac                MX_USART2_UART_Init
 .text.HAL_UART_MspInit
                0x000000000800110c      0x1b4 ./Core/Src/usart.o
                0x000000000800110c                HAL_UART_MspInit
 .text.Reset_Handler
                0x00000000080012c0       0x50 ./Core/Startup/startup_stm32f303k8tx.o
                0x00000000080012c0                Reset_Handler
 .text.Default_Handler
                0x0000000008001310        0x2 ./Core/Startup/startup_stm32f303k8tx.o
                0x0000000008001310                RTC_Alarm_IRQHandler
                0x0000000008001310                TIM1_CC_IRQHandler
                0x0000000008001310                PVD_IRQHandler
                0x0000000008001310                TAMP_STAMP_IRQHandler
                0x0000000008001310                EXTI0_IRQHandler
                0x0000000008001310                FPU_IRQHandler
                0x0000000008001310                CAN_TX_IRQHandler
                0x0000000008001310                TIM1_UP_TIM16_IRQHandler
                0x0000000008001310                ADC1_2_IRQHandler
                0x0000000008001310                SPI1_IRQHandler
                0x0000000008001310                CAN_SCE_IRQHandler
                0x0000000008001310                DMA1_Channel4_IRQHandler
                0x0000000008001310                USART3_IRQHandler
                0x0000000008001310                DMA1_Channel7_IRQHandler
                0x0000000008001310                CAN_RX1_IRQHandler
                0x0000000008001310                I2C1_EV_IRQHandler
                0x0000000008001310                TIM3_IRQHandler
                0x0000000008001310                RCC_IRQHandler
                0x0000000008001310                DMA1_Channel1_IRQHandler
                0x0000000008001310                Default_Handler
                0x0000000008001310                EXTI15_10_IRQHandler
                0x0000000008001310                COMP2_IRQHandler
                0x0000000008001310                EXTI9_5_IRQHandler
                0x0000000008001310                RTC_WKUP_IRQHandler
                0x0000000008001310                TIM1_TRG_COM_TIM17_IRQHandler
                0x0000000008001310                DMA1_Channel3_IRQHandler
                0x0000000008001310                WWDG_IRQHandler
                0x0000000008001310                TIM2_IRQHandler
                0x0000000008001310                COMP4_6_IRQHandler
                0x0000000008001310                DMA1_Channel2_IRQHandler
                0x0000000008001310                FLASH_IRQHandler
                0x0000000008001310                CAN_RX0_IRQHandler
                0x0000000008001310                I2C1_ER_IRQHandler
                0x0000000008001310                EXTI2_TSC_IRQHandler
                0x0000000008001310                TIM1_BRK_TIM15_IRQHandler
 *fill*         0x0000000008001312        0x2 
 .text.HAL_Init
                0x0000000008001314       0x2c ./Drivers/STM32F3xx_HAL_Driver/Src/stm32f3xx_hal.o
                0x0000000008001314                HAL_Init
 .text.HAL_InitTick
                0x0000000008001340       0x60 ./Drivers/STM32F3xx_HAL_Driver/Src/stm32f3xx_hal.o
                0x0000000008001340                HAL_InitTick
 .text.HAL_IncTick
                0x00000000080013a0       0x28 ./Drivers/STM32F3xx_HAL_Driver/Src/stm32f3xx_hal.o
                0x00000000080013a0                HAL_IncTick
 .text.HAL_GetTick
                0x00000000080013c8       0x18 ./Drivers/STM32F3xx_HAL_Driver/Src/stm32f3xx_hal.o
                0x00000000080013c8                HAL_GetTick
 .text.__NVIC_SetPriorityGrouping
                0x00000000080013e0       0x48 ./Drivers/STM32F3xx_HAL_Driver/Src/stm32f3xx_hal_cortex.o
 .text.__NVIC_GetPriorityGrouping
                0x0000000008001428       0x1c ./Drivers/STM32F3xx_HAL_Driver/Src/stm32f3xx_hal_cortex.o
 .text.__NVIC_EnableIRQ
                0x0000000008001444       0x3c ./Drivers/STM32F3xx_HAL_Driver/Src/stm32f3xx_hal_cortex.o
 .text.__NVIC_SetPriority
                0x0000000008001480       0x54 ./Drivers/STM32F3xx_HAL_Driver/Src/stm32f3xx_hal_cortex.o
 .text.NVIC_EncodePriority
                0x00000000080014d4       0x66 ./Drivers/STM32F3xx_HAL_Driver/Src/stm32f3xx_hal_cortex.o
 *fill*         0x000000000800153a        0x2 
 .text.SysTick_Config
                0x000000000800153c       0x44 ./Drivers/STM32F3xx_HAL_Driver/Src/stm32f3xx_hal_cortex.o
 .text.HAL_NVIC_SetPriorityGrouping
                0x0000000008001580       0x16 ./Drivers/STM32F3xx_HAL_Driver/Src/stm32f3xx_hal_cortex.o
                0x0000000008001580                HAL_NVIC_SetPriorityGrouping
 .text.HAL_NVIC_SetPriority
                0x0000000008001596       0x38 ./Drivers/STM32F3xx_HAL_Driver/Src/stm32f3xx_hal_cortex.o
                0x0000000008001596                HAL_NVIC_SetPriority
 .text.HAL_NVIC_EnableIRQ
                0x00000000080015ce       0x1c ./Drivers/STM32F3xx_HAL_Driver/Src/stm32f3xx_hal_cortex.o
                0x00000000080015ce                HAL_NVIC_EnableIRQ
 .text.HAL_SYSTICK_Config
                0x00000000080015ea       0x18 ./Drivers/STM32F3xx_HAL_Driver/Src/stm32f3xx_hal_cortex.o
                0x00000000080015ea                HAL_SYSTICK_Config
 .text.HAL_DMA_Init
                0x0000000008001602       0x8e ./Drivers/STM32F3xx_HAL_Driver/Src/stm32f3xx_hal_dma.o
                0x0000000008001602                HAL_DMA_Init
 .text.HAL_DMA_Start_IT
                0x0000000008001690       0xbe ./Drivers/STM32F3xx_HAL_Driver/Src/stm32f3xx_hal_dma.o
                0x0000000008001690                HAL_DMA_Start_IT
 .text.HAL_DMA_Abort
                0x000000000800174e       0x72 ./Drivers/STM32F3xx_HAL_Driver/Src/stm32f3xx_hal_dma.o
                0x000000000800174e                HAL_DMA_Abort
 .text.HAL_DMA_Abort_IT
                0x00000000080017c0       0x7c ./Drivers/STM32F3xx_HAL_Driver/Src/stm32f3xx_hal_dma.o
                0x00000000080017c0                HAL_DMA_Abort_IT
 .text.HAL_DMA_IRQHandler
                0x000000000800183c      0x146 ./Drivers/STM32F3xx_HAL_Driver/Src/stm32f3xx_hal_dma.o
                0x000000000800183c                HAL_DMA_IRQHandler
 .text.DMA_SetConfig
                0x0000000008001982       0x5c ./Drivers/STM32F3xx_HAL_Driver/Src/stm32f3xx_hal_dma.o
 *fill*         0x00000000080019de        0x2 
 .text.DMA_CalcBaseAndBitshift
                0x00000000080019e0       0x40 ./Drivers/STM32F3xx_HAL_Driver/Src/stm32f3xx_hal_dma.o
 .text.HAL_GPIO_Init
                0x0000000008001a20      0x2e4 ./Drivers/STM32F3xx_HAL_Driver/Src/stm32f3xx_hal_gpio.o
                0x0000000008001a20                HAL_GPIO_Init
 .text.HAL_GPIO_WritePin
                0x0000000008001d04       0x30 ./Drivers/STM32F3xx_HAL_Driver/Src/stm32f3xx_hal_gpio.o
                0x0000000008001d04                HAL_GPIO_WritePin
 .text.HAL_GPIO_EXTI_IRQHandler
                0x0000000008001d34       0x30 ./Drivers/STM32F3xx_HAL_Driver/Src/stm32f3xx_hal_gpio.o
                0x0000000008001d34                HAL_GPIO_EXTI_IRQHandler
 .text.HAL_GPIO_EXTI_Callback
                0x0000000008001d64       0x16 ./Drivers/STM32F3xx_HAL_Driver/Src/stm32f3xx_hal_gpio.o
                0x0000000008001d64                HAL_GPIO_EXTI_Callback
 *fill*         0x0000000008001d7a        0x2 
 .text.HAL_RCC_OscConfig
                0x0000000008001d7c      0xe10 ./Drivers/STM32F3xx_HAL_Driver/Src/stm32f3xx_hal_rcc.o
                0x0000000008001d7c                HAL_RCC_OscConfig
 .text.HAL_RCC_ClockConfig
                0x0000000008002b8c      0x2f8 ./Drivers/STM32F3xx_HAL_Driver/Src/stm32f3xx_hal_rcc.o
                0x0000000008002b8c                HAL_RCC_ClockConfig
 .text.HAL_RCC_GetSysClockFreq
                0x0000000008002e84       0xd8 ./Drivers/STM32F3xx_HAL_Driver/Src/stm32f3xx_hal_rcc.o
                0x0000000008002e84                HAL_RCC_GetSysClockFreq
 .text.HAL_RCC_GetHCLKFreq
                0x0000000008002f5c       0x18 ./Drivers/STM32F3xx_HAL_Driver/Src/stm32f3xx_hal_rcc.o
                0x0000000008002f5c                HAL_RCC_GetHCLKFreq
 .text.HAL_RCC_GetPCLK1Freq
                0x0000000008002f74       0x44 ./Drivers/STM32F3xx_HAL_Driver/Src/stm32f3xx_hal_rcc.o
                0x0000000008002f74                HAL_RCC_GetPCLK1Freq
 .text.HAL_RCC_GetPCLK2Freq
                0x0000000008002fb8       0x44 ./Drivers/STM32F3xx_HAL_Driver/Src/stm32f3xx_hal_rcc.o
                0x0000000008002fb8                HAL_RCC_GetPCLK2Freq
 .text.HAL_RCCEx_PeriphCLKConfig
                0x0000000008002ffc      0x24c ./Drivers/STM32F3xx_HAL_Driver/Src/stm32f3xx_hal_rcc_ex.o
                0x0000000008002ffc                HAL_RCCEx_PeriphCLKConfig
 .text.HAL_TIM_Base_Init
                0x0000000008003248       0xae ./Drivers/STM32F3xx_HAL_Driver/Src/stm32f3xx_hal_tim.o
                0x0000000008003248                HAL_TIM_Base_Init
 *fill*         0x00000000080032f6        0x2 
 .text.HAL_TIM_Base_Start_IT
                0x00000000080032f8       0xb8 ./Drivers/STM32F3xx_HAL_Driver/Src/stm32f3xx_hal_tim.o
                0x00000000080032f8                HAL_TIM_Base_Start_IT
 .text.HAL_TIM_PWM_Init
                0x00000000080033b0       0xae ./Drivers/STM32F3xx_HAL_Driver/Src/stm32f3xx_hal_tim.o
                0x00000000080033b0                HAL_TIM_PWM_Init
 .text.HAL_TIM_Encoder_Init
                0x000000000800345e      0x14c ./Drivers/STM32F3xx_HAL_Driver/Src/stm32f3xx_hal_tim.o
                0x000000000800345e                HAL_TIM_Encoder_Init
 .text.HAL_TIM_IRQHandler
                0x00000000080035aa      0x23e ./Drivers/STM32F3xx_HAL_Driver/Src/stm32f3xx_hal_tim.o
                0x00000000080035aa                HAL_TIM_IRQHandler
 .text.HAL_TIM_PWM_ConfigChannel
                0x00000000080037e8      0x228 ./Drivers/STM32F3xx_HAL_Driver/Src/stm32f3xx_hal_tim.o
                0x00000000080037e8                HAL_TIM_PWM_ConfigChannel
 .text.HAL_TIM_OC_DelayElapsedCallback
                0x0000000008003a10       0x14 ./Drivers/STM32F3xx_HAL_Driver/Src/stm32f3xx_hal_tim.o
                0x0000000008003a10                HAL_TIM_OC_DelayElapsedCallback
 .text.HAL_TIM_IC_CaptureCallback
                0x0000000008003a24       0x14 ./Drivers/STM32F3xx_HAL_Driver/Src/stm32f3xx_hal_tim.o
                0x0000000008003a24                HAL_TIM_IC_CaptureCallback
 .text.HAL_TIM_PWM_PulseFinishedCallback
                0x0000000008003a38       0x14 ./Drivers/STM32F3xx_HAL_Driver/Src/stm32f3xx_hal_tim.o
                0x0000000008003a38                HAL_TIM_PWM_PulseFinishedCallback
 .text.HAL_TIM_TriggerCallback
                0x0000000008003a4c       0x14 ./Drivers/STM32F3xx_HAL_Driver/Src/stm32f3xx_hal_tim.o
                0x0000000008003a4c                HAL_TIM_TriggerCallback
 .text.TIM_Base_SetConfig
                0x0000000008003a60       0xf0 ./Drivers/STM32F3xx_HAL_Driver/Src/stm32f3xx_hal_tim.o
                0x0000000008003a60                TIM_Base_SetConfig
 .text.TIM_OC1_SetConfig
                0x0000000008003b50      0x10c ./Drivers/STM32F3xx_HAL_Driver/Src/stm32f3xx_hal_tim.o
 .text.TIM_OC2_SetConfig
                0x0000000008003c5c      0x100 ./Drivers/STM32F3xx_HAL_Driver/Src/stm32f3xx_hal_tim.o
                0x0000000008003c5c                TIM_OC2_SetConfig
 .text.TIM_OC3_SetConfig
                0x0000000008003d5c       0xfc ./Drivers/STM32F3xx_HAL_Driver/Src/stm32f3xx_hal_tim.o
 .text.TIM_OC4_SetConfig
                0x0000000008003e58       0xc8 ./Drivers/STM32F3xx_HAL_Driver/Src/stm32f3xx_hal_tim.o
 .text.TIM_OC5_SetConfig
                0x0000000008003f20       0xbc ./Drivers/STM32F3xx_HAL_Driver/Src/stm32f3xx_hal_tim.o
 .text.TIM_OC6_SetConfig
                0x0000000008003fdc       0xc0 ./Drivers/STM32F3xx_HAL_Driver/Src/stm32f3xx_hal_tim.o
 .text.HAL_TIMEx_MasterConfigSynchronization
                0x000000000800409c       0xdc ./Drivers/STM32F3xx_HAL_Driver/Src/stm32f3xx_hal_tim_ex.o
                0x000000000800409c                HAL_TIMEx_MasterConfigSynchronization
 .text.HAL_TIMEx_ConfigBreakDeadTime
                0x0000000008004178       0xf0 ./Drivers/STM32F3xx_HAL_Driver/Src/stm32f3xx_hal_tim_ex.o
                0x0000000008004178                HAL_TIMEx_ConfigBreakDeadTime
 .text.HAL_TIMEx_CommutCallback
                0x0000000008004268       0x14 ./Drivers/STM32F3xx_HAL_Driver/Src/stm32f3xx_hal_tim_ex.o
                0x0000000008004268                HAL_TIMEx_CommutCallback
 .text.HAL_TIMEx_BreakCallback
                0x000000000800427c       0x14 ./Drivers/STM32F3xx_HAL_Driver/Src/stm32f3xx_hal_tim_ex.o
                0x000000000800427c                HAL_TIMEx_BreakCallback
 .text.HAL_TIMEx_Break2Callback
                0x0000000008004290       0x14 ./Drivers/STM32F3xx_HAL_Driver/Src/stm32f3xx_hal_tim_ex.o
                0x0000000008004290                HAL_TIMEx_Break2Callback
 .text.HAL_UART_Init
                0x00000000080042a4       0x9c ./Drivers/STM32F3xx_HAL_Driver/Src/stm32f3xx_hal_uart.o
                0x00000000080042a4                HAL_UART_Init
 .text.HAL_UART_Receive_DMA
                0x0000000008004340       0x9c ./Drivers/STM32F3xx_HAL_Driver/Src/stm32f3xx_hal_uart.o
                0x0000000008004340                HAL_UART_Receive_DMA
 .text.HAL_UART_IRQHandler
                0x00000000080043dc      0x5bc ./Drivers/STM32F3xx_HAL_Driver/Src/stm32f3xx_hal_uart.o
                0x00000000080043dc                HAL_UART_IRQHandler
 .text.HAL_UART_TxCpltCallback
                0x0000000008004998       0x14 ./Drivers/STM32F3xx_HAL_Driver/Src/stm32f3xx_hal_uart.o
                0x0000000008004998                HAL_UART_TxCpltCallback
 .text.HAL_UART_RxHalfCpltCallback
                0x00000000080049ac       0x14 ./Drivers/STM32F3xx_HAL_Driver/Src/stm32f3xx_hal_uart.o
                0x00000000080049ac                HAL_UART_RxHalfCpltCallback
 .text.HAL_UART_ErrorCallback
                0x00000000080049c0       0x14 ./Drivers/STM32F3xx_HAL_Driver/Src/stm32f3xx_hal_uart.o
                0x00000000080049c0                HAL_UART_ErrorCallback
 .text.HAL_UARTEx_RxEventCallback
                0x00000000080049d4       0x18 ./Drivers/STM32F3xx_HAL_Driver/Src/stm32f3xx_hal_uart.o
                0x00000000080049d4                HAL_UARTEx_RxEventCallback
 .text.UART_SetConfig
                0x00000000080049ec      0x26c ./Drivers/STM32F3xx_HAL_Driver/Src/stm32f3xx_hal_uart.o
                0x00000000080049ec                UART_SetConfig
 .text.UART_AdvFeatureConfig
                0x0000000008004c58      0x144 ./Drivers/STM32F3xx_HAL_Driver/Src/stm32f3xx_hal_uart.o
                0x0000000008004c58                UART_AdvFeatureConfig
 .text.UART_CheckIdleState
                0x0000000008004d9c       0x92 ./Drivers/STM32F3xx_HAL_Driver/Src/stm32f3xx_hal_uart.o
                0x0000000008004d9c                UART_CheckIdleState
 .text.UART_WaitOnFlagUntilTimeout
                0x0000000008004e2e      0x188 ./Drivers/STM32F3xx_HAL_Driver/Src/stm32f3xx_hal_uart.o
                0x0000000008004e2e                UART_WaitOnFlagUntilTimeout
 *fill*         0x0000000008004fb6        0x2 
 .text.UART_Start_Receive_DMA
                0x0000000008004fb8      0x144 ./Drivers/STM32F3xx_HAL_Driver/Src/stm32f3xx_hal_uart.o
                0x0000000008004fb8                UART_Start_Receive_DMA
 .text.UART_EndTxTransfer
                0x00000000080050fc       0x4c ./Drivers/STM32F3xx_HAL_Driver/Src/stm32f3xx_hal_uart.o
 .text.UART_EndRxTransfer
                0x0000000008005148       0xc6 ./Drivers/STM32F3xx_HAL_Driver/Src/stm32f3xx_hal_uart.o
 .text.UART_DMAReceiveCplt
                0x000000000800520e      0x11e ./Drivers/STM32F3xx_HAL_Driver/Src/stm32f3xx_hal_uart.o
 .text.UART_DMARxHalfCplt
                0x000000000800532c       0x38 ./Drivers/STM32F3xx_HAL_Driver/Src/stm32f3xx_hal_uart.o
 .text.UART_DMAError
                0x0000000008005364       0x7c ./Drivers/STM32F3xx_HAL_Driver/Src/stm32f3xx_hal_uart.o
 .text.UART_DMAAbortOnError
                0x00000000080053e0       0x2c ./Drivers/STM32F3xx_HAL_Driver/Src/stm32f3xx_hal_uart.o
 .text.UART_EndTransmit_IT
                0x000000000800540c       0x54 ./Drivers/STM32F3xx_HAL_Driver/Src/stm32f3xx_hal_uart.o
 .text.HAL_UARTEx_WakeupCallback
                0x0000000008005460       0x14 ./Drivers/STM32F3xx_HAL_Driver/Src/stm32f3xx_hal_uart_ex.o
                0x0000000008005460                HAL_UARTEx_WakeupCallback
 .text.__libc_init_array
                0x0000000008005474       0x48 c:/st/stm32cubeide_1.8.0/stm32cubeide/plugins/com.st.stm32cube.ide.mcu.externaltools.gnu-tools-for-stm32.9-2020-q2-update.win32_2.0.0.202105311346/tools/bin/../lib/gcc/arm-none-eabi/9.3.1/../../../../arm-none-eabi/lib/thumb/v7e-m+fp/hard\libc_nano.a(lib_a-init.o)
                0x0000000008005474                __libc_init_array
 .text.memset   0x00000000080054bc       0x10 c:/st/stm32cubeide_1.8.0/stm32cubeide/plugins/com.st.stm32cube.ide.mcu.externaltools.gnu-tools-for-stm32.9-2020-q2-update.win32_2.0.0.202105311346/tools/bin/../lib/gcc/arm-none-eabi/9.3.1/../../../../arm-none-eabi/lib/thumb/v7e-m+fp/hard\libc_nano.a(lib_a-memset.o)
                0x00000000080054bc                memset
 *(.glue_7)
 .glue_7        0x00000000080054cc        0x0 linker stubs
 *(.glue_7t)
 .glue_7t       0x00000000080054cc        0x0 linker stubs
 *(.eh_frame)
 .eh_frame      0x00000000080054cc        0x0 c:/st/stm32cubeide_1.8.0/stm32cubeide/plugins/com.st.stm32cube.ide.mcu.externaltools.gnu-tools-for-stm32.9-2020-q2-update.win32_2.0.0.202105311346/tools/bin/../lib/gcc/arm-none-eabi/9.3.1/thumb/v7e-m+fp/hard/crtbegin.o
 *(.init)
 .init          0x00000000080054cc        0x4 c:/st/stm32cubeide_1.8.0/stm32cubeide/plugins/com.st.stm32cube.ide.mcu.externaltools.gnu-tools-for-stm32.9-2020-q2-update.win32_2.0.0.202105311346/tools/bin/../lib/gcc/arm-none-eabi/9.3.1/thumb/v7e-m+fp/hard/crti.o
                0x00000000080054cc                _init
 .init          0x00000000080054d0        0x8 c:/st/stm32cubeide_1.8.0/stm32cubeide/plugins/com.st.stm32cube.ide.mcu.externaltools.gnu-tools-for-stm32.9-2020-q2-update.win32_2.0.0.202105311346/tools/bin/../lib/gcc/arm-none-eabi/9.3.1/thumb/v7e-m+fp/hard/crtn.o
 *(.fini)
 .fini          0x00000000080054d8        0x4 c:/st/stm32cubeide_1.8.0/stm32cubeide/plugins/com.st.stm32cube.ide.mcu.externaltools.gnu-tools-for-stm32.9-2020-q2-update.win32_2.0.0.202105311346/tools/bin/../lib/gcc/arm-none-eabi/9.3.1/thumb/v7e-m+fp/hard/crti.o
                0x00000000080054d8                _fini
 .fini          0x00000000080054dc        0x8 c:/st/stm32cubeide_1.8.0/stm32cubeide/plugins/com.st.stm32cube.ide.mcu.externaltools.gnu-tools-for-stm32.9-2020-q2-update.win32_2.0.0.202105311346/tools/bin/../lib/gcc/arm-none-eabi/9.3.1/thumb/v7e-m+fp/hard/crtn.o
                0x00000000080054e4                . = ALIGN (0x4)
                0x00000000080054e4                _etext = .

.vfp11_veneer   0x00000000080054e4        0x0
 .vfp11_veneer  0x00000000080054e4        0x0 linker stubs

.v4_bx          0x00000000080054e4        0x0
 .v4_bx         0x00000000080054e4        0x0 linker stubs

.iplt           0x00000000080054e4        0x0
 .iplt          0x00000000080054e4        0x0 c:/st/stm32cubeide_1.8.0/stm32cubeide/plugins/com.st.stm32cube.ide.mcu.externaltools.gnu-tools-for-stm32.9-2020-q2-update.win32_2.0.0.202105311346/tools/bin/../lib/gcc/arm-none-eabi/9.3.1/thumb/v7e-m+fp/hard/crtbegin.o

.rodata         0x00000000080054e4       0x38
                0x00000000080054e4                . = ALIGN (0x4)
 *(.rodata)
 *(.rodata*)
 .rodata.AHBPrescTable
                0x00000000080054e4       0x10 ./Core/Src/system_stm32f3xx.o
                0x00000000080054e4                AHBPrescTable
 .rodata.APBPrescTable
                0x00000000080054f4        0x8 ./Core/Src/system_stm32f3xx.o
                0x00000000080054f4                APBPrescTable
 .rodata.aPLLMULFactorTable
                0x00000000080054fc       0x10 ./Drivers/STM32F3xx_HAL_Driver/Src/stm32f3xx_hal_rcc.o
                0x00000000080054fc                aPLLMULFactorTable
 .rodata.aPredivFactorTable
                0x000000000800550c       0x10 ./Drivers/STM32F3xx_HAL_Driver/Src/stm32f3xx_hal_rcc.o
                0x000000000800550c                aPredivFactorTable
                0x000000000800551c                . = ALIGN (0x4)

.rel.dyn        0x000000000800551c        0x0
 .rel.iplt      0x000000000800551c        0x0 c:/st/stm32cubeide_1.8.0/stm32cubeide/plugins/com.st.stm32cube.ide.mcu.externaltools.gnu-tools-for-stm32.9-2020-q2-update.win32_2.0.0.202105311346/tools/bin/../lib/gcc/arm-none-eabi/9.3.1/thumb/v7e-m+fp/hard/crtbegin.o

.ARM.extab      0x000000000800551c        0x0
                0x000000000800551c                . = ALIGN (0x4)
 *(.ARM.extab* .gnu.linkonce.armextab.*)
                0x000000000800551c                . = ALIGN (0x4)

.ARM            0x000000000800551c        0x0
                0x000000000800551c                . = ALIGN (0x4)
                0x000000000800551c                __exidx_start = .
 *(.ARM.exidx*)
                0x000000000800551c                __exidx_end = .
                0x000000000800551c                . = ALIGN (0x4)

.preinit_array  0x000000000800551c        0x0
                0x000000000800551c                . = ALIGN (0x4)
                0x000000000800551c                PROVIDE (__preinit_array_start = .)
 *(.preinit_array*)
                0x000000000800551c                PROVIDE (__preinit_array_end = .)
                0x000000000800551c                . = ALIGN (0x4)

.init_array     0x000000000800551c        0x4
                0x000000000800551c                . = ALIGN (0x4)
                0x000000000800551c                PROVIDE (__init_array_start = .)
 *(SORT_BY_NAME(.init_array.*))
 *(.init_array*)
 .init_array    0x000000000800551c        0x4 c:/st/stm32cubeide_1.8.0/stm32cubeide/plugins/com.st.stm32cube.ide.mcu.externaltools.gnu-tools-for-stm32.9-2020-q2-update.win32_2.0.0.202105311346/tools/bin/../lib/gcc/arm-none-eabi/9.3.1/thumb/v7e-m+fp/hard/crtbegin.o
                0x0000000008005520                PROVIDE (__init_array_end = .)
                0x0000000008005520                . = ALIGN (0x4)

.fini_array     0x0000000008005520        0x4
                0x0000000008005520                . = ALIGN (0x4)
                [!provide]                        PROVIDE (__fini_array_start = .)
 *(SORT_BY_NAME(.fini_array.*))
 *(.fini_array*)
 .fini_array    0x0000000008005520        0x4 c:/st/stm32cubeide_1.8.0/stm32cubeide/plugins/com.st.stm32cube.ide.mcu.externaltools.gnu-tools-for-stm32.9-2020-q2-update.win32_2.0.0.202105311346/tools/bin/../lib/gcc/arm-none-eabi/9.3.1/thumb/v7e-m+fp/hard/crtbegin.o
                [!provide]                        PROVIDE (__fini_array_end = .)
                0x0000000008005524                . = ALIGN (0x4)
                0x0000000008005524                _sidata = LOADADDR (.data)

.data           0x0000000020000000       0x10 load address 0x0000000008005524
                0x0000000020000000                . = ALIGN (0x4)
                0x0000000020000000                _sdata = .
 *(.data)
 *(.data*)
 .data.ms       0x0000000020000000        0x2 ./Core/Src/main.o
                0x0000000020000000                ms
 *fill*         0x0000000020000002        0x2 
 .data.SystemCoreClock
                0x0000000020000004        0x4 ./Core/Src/system_stm32f3xx.o
                0x0000000020000004                SystemCoreClock
 .data.uwTickPrio
                0x0000000020000008        0x4 ./Drivers/STM32F3xx_HAL_Driver/Src/stm32f3xx_hal.o
                0x0000000020000008                uwTickPrio
 .data.uwTickFreq
                0x000000002000000c        0x1 ./Drivers/STM32F3xx_HAL_Driver/Src/stm32f3xx_hal.o
                0x000000002000000c                uwTickFreq
 *(.RamFunc)
 *(.RamFunc*)
                0x0000000020000010                . = ALIGN (0x4)
 *fill*         0x000000002000000d        0x3 
                0x0000000020000010                _edata = .
                0x0000000008005534                _siccmram = LOADADDR (.ccmram)

.igot.plt       0x0000000020000010        0x0 load address 0x0000000008005534
 .igot.plt      0x0000000020000010        0x0 c:/st/stm32cubeide_1.8.0/stm32cubeide/plugins/com.st.stm32cube.ide.mcu.externaltools.gnu-tools-for-stm32.9-2020-q2-update.win32_2.0.0.202105311346/tools/bin/../lib/gcc/arm-none-eabi/9.3.1/thumb/v7e-m+fp/hard/crtbegin.o

.ccmram         0x0000000010000000        0x0 load address 0x0000000008005534
                0x0000000010000000                . = ALIGN (0x4)
                0x0000000010000000                _sccmram = .
 *(.ccmram)
 *(.ccmram*)
                0x0000000010000000                . = ALIGN (0x4)
                0x0000000010000000                _eccmram = .
                0x0000000010000000                . = ALIGN (0x4)

.bss            0x0000000020000010      0x718
                0x0000000020000010                _sbss = .
                0x0000000020000010                __bss_start__ = _sbss
 *(.bss)
 .bss           0x0000000020000010       0x1c c:/st/stm32cubeide_1.8.0/stm32cubeide/plugins/com.st.stm32cube.ide.mcu.externaltools.gnu-tools-for-stm32.9-2020-q2-update.win32_2.0.0.202105311346/tools/bin/../lib/gcc/arm-none-eabi/9.3.1/thumb/v7e-m+fp/hard/crtbegin.o
 *(.bss*)
 .bss.uart_rx_buffer
                0x000000002000002c       0x20 ./Core/Src/ibus.o
 .bss.fail_safe_flag
                0x000000002000004c        0x1 ./Core/Src/ibus.o
 .bss.PID_flaga
                0x000000002000004d        0x1 ./Core/Src/main.o
                0x000000002000004d                PID_flaga
 .bss.COMM_flaga
                0x000000002000004e        0x1 ./Core/Src/main.o
                0x000000002000004e                COMM_flaga
 *(COMMON)
 *fill*         0x000000002000004f        0x1 
 COMMON         0x0000000020000050      0x37c ./Core/Src/main.o
                0x0000000020000050                Rozmiar
                0x0000000020000052                I4_V_MAX
                0x0000000020000054                Wiadomosc
                0x000000002000011c                mot_przod_prawy
                0x0000000020000180                OFF_ON
                0x0000000020000181                MA
                0x0000000020000184                mot_przod_lewy
                0x00000000200001e8                I1_V
                0x00000000200001ec                Pid_przod_lewy
                0x000000002000022c                mot_tyl_prawy
                0x0000000020000290                ibus_data
                0x000000002000029c                Pid_tyl_prawy
                0x00000000200002dc                I6_ONOFF
                0x00000000200002e0                Pid_tyl_lewy
                0x0000000020000320                Pid_przod_prawy
                0x0000000020000360                I2_OMEGA
                0x0000000020000362                odebranie
                0x0000000020000364                mot_tyl_lewy
                0x00000000200003c8                I3_PLCHLDR
                0x00000000200003ca                I5_MA
 COMMON         0x00000000200003cc      0x1c8 ./Core/Src/tim.o
                0x00000000200003cc                htim17
                0x0000000020000418                htim3
                0x0000000020000464                htim6
                0x00000000200004b0                htim1
                0x00000000200004fc                htim2
                0x0000000020000548                htim7
 COMMON         0x0000000020000594      0x190 ./Core/Src/usart.o
                0x0000000020000594                hdma_usart2_rx
                0x00000000200005d8                hdma_usart1_rx
                0x000000002000061c                huart1
                0x00000000200006a0                huart2
 COMMON         0x0000000020000724        0x4 ./Drivers/STM32F3xx_HAL_Driver/Src/stm32f3xx_hal.o
                0x0000000020000724                uwTick
                0x0000000020000728                . = ALIGN (0x4)
                0x0000000020000728                _ebss = .
                0x0000000020000728                __bss_end__ = _ebss

._user_heap_stack
                0x0000000020000728      0x600
                0x0000000020000728                . = ALIGN (0x8)
                [!provide]                        PROVIDE (end = .)
                0x0000000020000728                PROVIDE (_end = .)
                0x0000000020000928                . = (. + _Min_Heap_Size)
 *fill*         0x0000000020000728      0x200 
                0x0000000020000d28                . = (. + _Min_Stack_Size)
 *fill*         0x0000000020000928      0x400 
                0x0000000020000d28                . = ALIGN (0x8)

/DISCARD/
 libc.a(*)
 libm.a(*)
 libgcc.a(*)

.ARM.attributes
                0x0000000000000000       0x30
 *(.ARM.attributes)
 .ARM.attributes
                0x0000000000000000       0x1e c:/st/stm32cubeide_1.8.0/stm32cubeide/plugins/com.st.stm32cube.ide.mcu.externaltools.gnu-tools-for-stm32.9-2020-q2-update.win32_2.0.0.202105311346/tools/bin/../lib/gcc/arm-none-eabi/9.3.1/thumb/v7e-m+fp/hard/crti.o
 .ARM.attributes
                0x000000000000001e       0x34 c:/st/stm32cubeide_1.8.0/stm32cubeide/plugins/com.st.stm32cube.ide.mcu.externaltools.gnu-tools-for-stm32.9-2020-q2-update.win32_2.0.0.202105311346/tools/bin/../lib/gcc/arm-none-eabi/9.3.1/thumb/v7e-m+fp/hard/crtbegin.o
 .ARM.attributes
                0x0000000000000052       0x34 ./Core/Src/MOT.o
 .ARM.attributes
                0x0000000000000086       0x34 ./Core/Src/PID.o
 .ARM.attributes
                0x00000000000000ba       0x34 ./Core/Src/dma.o
 .ARM.attributes
                0x00000000000000ee       0x34 ./Core/Src/gpio.o
 .ARM.attributes
                0x0000000000000122       0x34 ./Core/Src/ibus.o
 .ARM.attributes
                0x0000000000000156       0x34 ./Core/Src/main.o
 .ARM.attributes
                0x000000000000018a       0x34 ./Core/Src/stm32f3xx_hal_msp.o
 .ARM.attributes
                0x00000000000001be       0x34 ./Core/Src/stm32f3xx_it.o
 .ARM.attributes
                0x00000000000001f2       0x34 ./Core/Src/system_stm32f3xx.o
 .ARM.attributes
                0x0000000000000226       0x34 ./Core/Src/tim.o
 .ARM.attributes
                0x000000000000025a       0x34 ./Core/Src/usart.o
 .ARM.attributes
                0x000000000000028e       0x21 ./Core/Startup/startup_stm32f303k8tx.o
 .ARM.attributes
                0x00000000000002af       0x34 ./Drivers/STM32F3xx_HAL_Driver/Src/stm32f3xx_hal.o
 .ARM.attributes
                0x00000000000002e3       0x34 ./Drivers/STM32F3xx_HAL_Driver/Src/stm32f3xx_hal_cortex.o
 .ARM.attributes
                0x0000000000000317       0x34 ./Drivers/STM32F3xx_HAL_Driver/Src/stm32f3xx_hal_dma.o
 .ARM.attributes
                0x000000000000034b       0x34 ./Drivers/STM32F3xx_HAL_Driver/Src/stm32f3xx_hal_gpio.o
 .ARM.attributes
                0x000000000000037f       0x34 ./Drivers/STM32F3xx_HAL_Driver/Src/stm32f3xx_hal_rcc.o
 .ARM.attributes
                0x00000000000003b3       0x34 ./Drivers/STM32F3xx_HAL_Driver/Src/stm32f3xx_hal_rcc_ex.o
 .ARM.attributes
                0x00000000000003e7       0x34 ./Drivers/STM32F3xx_HAL_Driver/Src/stm32f3xx_hal_tim.o
 .ARM.attributes
                0x000000000000041b       0x34 ./Drivers/STM32F3xx_HAL_Driver/Src/stm32f3xx_hal_tim_ex.o
 .ARM.attributes
                0x000000000000044f       0x34 ./Drivers/STM32F3xx_HAL_Driver/Src/stm32f3xx_hal_uart.o
 .ARM.attributes
                0x0000000000000483       0x34 ./Drivers/STM32F3xx_HAL_Driver/Src/stm32f3xx_hal_uart_ex.o
 .ARM.attributes
                0x00000000000004b7       0x34 c:/st/stm32cubeide_1.8.0/stm32cubeide/plugins/com.st.stm32cube.ide.mcu.externaltools.gnu-tools-for-stm32.9-2020-q2-update.win32_2.0.0.202105311346/tools/bin/../lib/gcc/arm-none-eabi/9.3.1/../../../../arm-none-eabi/lib/thumb/v7e-m+fp/hard\libc_nano.a(lib_a-init.o)
 .ARM.attributes
                0x00000000000004eb       0x34 c:/st/stm32cubeide_1.8.0/stm32cubeide/plugins/com.st.stm32cube.ide.mcu.externaltools.gnu-tools-for-stm32.9-2020-q2-update.win32_2.0.0.202105311346/tools/bin/../lib/gcc/arm-none-eabi/9.3.1/../../../../arm-none-eabi/lib/thumb/v7e-m+fp/hard\libc_nano.a(lib_a-memset.o)
 .ARM.attributes
                0x000000000000051f       0x1e c:/st/stm32cubeide_1.8.0/stm32cubeide/plugins/com.st.stm32cube.ide.mcu.externaltools.gnu-tools-for-stm32.9-2020-q2-update.win32_2.0.0.202105311346/tools/bin/../lib/gcc/arm-none-eabi/9.3.1/thumb/v7e-m+fp/hard/crtn.o
OUTPUT(Projekt_roboty_transportowe_master_mcu.elf elf32-littlearm)
LOAD linker stubs
LOAD c:/st/stm32cubeide_1.8.0/stm32cubeide/plugins/com.st.stm32cube.ide.mcu.externaltools.gnu-tools-for-stm32.9-2020-q2-update.win32_2.0.0.202105311346/tools/bin/../lib/gcc/arm-none-eabi/9.3.1/../../../../arm-none-eabi/lib/thumb/v7e-m+fp/hard\libc.a
LOAD c:/st/stm32cubeide_1.8.0/stm32cubeide/plugins/com.st.stm32cube.ide.mcu.externaltools.gnu-tools-for-stm32.9-2020-q2-update.win32_2.0.0.202105311346/tools/bin/../lib/gcc/arm-none-eabi/9.3.1/../../../../arm-none-eabi/lib/thumb/v7e-m+fp/hard\libm.a
LOAD c:/st/stm32cubeide_1.8.0/stm32cubeide/plugins/com.st.stm32cube.ide.mcu.externaltools.gnu-tools-for-stm32.9-2020-q2-update.win32_2.0.0.202105311346/tools/bin/../lib/gcc/arm-none-eabi/9.3.1/thumb/v7e-m+fp/hard\libgcc.a

.debug_info     0x0000000000000000    0x135ea
 .debug_info    0x0000000000000000      0xa32 ./Core/Src/MOT.o
 .debug_info    0x0000000000000a32      0x2d2 ./Core/Src/PID.o
 .debug_info    0x0000000000000d04      0x3c3 ./Core/Src/dma.o
 .debug_info    0x00000000000010c7      0x54f ./Core/Src/gpio.o
 .debug_info    0x0000000000001616      0x8cd ./Core/Src/ibus.o
 .debug_info    0x0000000000001ee3     0x1c6a ./Core/Src/main.o
 .debug_info    0x0000000000003b4d      0x299 ./Core/Src/stm32f3xx_hal_msp.o
 .debug_info    0x0000000000003de6      0xc2b ./Core/Src/stm32f3xx_it.o
 .debug_info    0x0000000000004a11      0x49a ./Core/Src/system_stm32f3xx.o
 .debug_info    0x0000000000004eab     0x10b6 ./Core/Src/tim.o
 .debug_info    0x0000000000005f61      0xba3 ./Core/Src/usart.o
 .debug_info    0x0000000000006b04       0x22 ./Core/Startup/startup_stm32f303k8tx.o
 .debug_info    0x0000000000006b26      0x7b3 ./Drivers/STM32F3xx_HAL_Driver/Src/stm32f3xx_hal.o
 .debug_info    0x00000000000072d9      0xbdf ./Drivers/STM32F3xx_HAL_Driver/Src/stm32f3xx_hal_cortex.o
 .debug_info    0x0000000000007eb8      0x839 ./Drivers/STM32F3xx_HAL_Driver/Src/stm32f3xx_hal_dma.o
 .debug_info    0x00000000000086f1      0x83d ./Drivers/STM32F3xx_HAL_Driver/Src/stm32f3xx_hal_gpio.o
 .debug_info    0x0000000000008f2e     0x15b5 ./Drivers/STM32F3xx_HAL_Driver/Src/stm32f3xx_hal_rcc.o
 .debug_info    0x000000000000a4e3      0x60f ./Drivers/STM32F3xx_HAL_Driver/Src/stm32f3xx_hal_rcc_ex.o
 .debug_info    0x000000000000aaf2     0x2cf6 ./Drivers/STM32F3xx_HAL_Driver/Src/stm32f3xx_hal_tim.o
 .debug_info    0x000000000000d7e8     0x163e ./Drivers/STM32F3xx_HAL_Driver/Src/stm32f3xx_hal_tim_ex.o
 .debug_info    0x000000000000ee26     0x3af9 ./Drivers/STM32F3xx_HAL_Driver/Src/stm32f3xx_hal_uart.o
 .debug_info    0x000000000001291f      0xccb ./Drivers/STM32F3xx_HAL_Driver/Src/stm32f3xx_hal_uart_ex.o

.debug_abbrev   0x0000000000000000     0x2a6a
 .debug_abbrev  0x0000000000000000      0x1ee ./Core/Src/MOT.o
 .debug_abbrev  0x00000000000001ee      0x10e ./Core/Src/PID.o
 .debug_abbrev  0x00000000000002fc      0x11b ./Core/Src/dma.o
 .debug_abbrev  0x0000000000000417      0x157 ./Core/Src/gpio.o
 .debug_abbrev  0x000000000000056e      0x216 ./Core/Src/ibus.o
 .debug_abbrev  0x0000000000000784      0x2d3 ./Core/Src/main.o
 .debug_abbrev  0x0000000000000a57      0x11d ./Core/Src/stm32f3xx_hal_msp.o
 .debug_abbrev  0x0000000000000b74      0x190 ./Core/Src/stm32f3xx_it.o
 .debug_abbrev  0x0000000000000d04      0x145 ./Core/Src/system_stm32f3xx.o
 .debug_abbrev  0x0000000000000e49      0x220 ./Core/Src/tim.o
 .debug_abbrev  0x0000000000001069      0x1d7 ./Core/Src/usart.o
 .debug_abbrev  0x0000000000001240       0x12 ./Core/Startup/startup_stm32f303k8tx.o
 .debug_abbrev  0x0000000000001252      0x1ed ./Drivers/STM32F3xx_HAL_Driver/Src/stm32f3xx_hal.o
 .debug_abbrev  0x000000000000143f      0x313 ./Drivers/STM32F3xx_HAL_Driver/Src/stm32f3xx_hal_cortex.o
 .debug_abbrev  0x0000000000001752      0x228 ./Drivers/STM32F3xx_HAL_Driver/Src/stm32f3xx_hal_dma.o
 .debug_abbrev  0x000000000000197a      0x1e8 ./Drivers/STM32F3xx_HAL_Driver/Src/stm32f3xx_hal_gpio.o
 .debug_abbrev  0x0000000000001b62      0x2c4 ./Drivers/STM32F3xx_HAL_Driver/Src/stm32f3xx_hal_rcc.o
 .debug_abbrev  0x0000000000001e26      0x22b ./Drivers/STM32F3xx_HAL_Driver/Src/stm32f3xx_hal_rcc_ex.o
 .debug_abbrev  0x0000000000002051      0x25e ./Drivers/STM32F3xx_HAL_Driver/Src/stm32f3xx_hal_tim.o
 .debug_abbrev  0x00000000000022af      0x266 ./Drivers/STM32F3xx_HAL_Driver/Src/stm32f3xx_hal_tim_ex.o
 .debug_abbrev  0x0000000000002515      0x2b3 ./Drivers/STM32F3xx_HAL_Driver/Src/stm32f3xx_hal_uart.o
 .debug_abbrev  0x00000000000027c8      0x2a2 ./Drivers/STM32F3xx_HAL_Driver/Src/stm32f3xx_hal_uart_ex.o

.debug_aranges  0x0000000000000000      0xe90
 .debug_aranges
                0x0000000000000000       0x38 ./Core/Src/MOT.o
 .debug_aranges
                0x0000000000000038       0x30 ./Core/Src/PID.o
 .debug_aranges
                0x0000000000000068       0x20 ./Core/Src/dma.o
 .debug_aranges
                0x0000000000000088       0x20 ./Core/Src/gpio.o
 .debug_aranges
                0x00000000000000a8       0x50 ./Core/Src/ibus.o
 .debug_aranges
                0x00000000000000f8       0x60 ./Core/Src/main.o
 .debug_aranges
                0x0000000000000158       0x20 ./Core/Src/stm32f3xx_hal_msp.o
 .debug_aranges
                0x0000000000000178       0xa8 ./Core/Src/stm32f3xx_it.o
 .debug_aranges
                0x0000000000000220       0x28 ./Core/Src/system_stm32f3xx.o
 .debug_aranges
                0x0000000000000248       0x80 ./Core/Src/tim.o
 .debug_aranges
                0x00000000000002c8       0x38 ./Core/Src/usart.o
 .debug_aranges
                0x0000000000000300       0x28 ./Core/Startup/startup_stm32f303k8tx.o
 .debug_aranges
                0x0000000000000328       0xe0 ./Drivers/STM32F3xx_HAL_Driver/Src/stm32f3xx_hal.o
 .debug_aranges
                0x0000000000000408      0x100 ./Drivers/STM32F3xx_HAL_Driver/Src/stm32f3xx_hal_cortex.o
 .debug_aranges
                0x0000000000000508       0x88 ./Drivers/STM32F3xx_HAL_Driver/Src/stm32f3xx_hal_dma.o
 .debug_aranges
                0x0000000000000590       0x58 ./Drivers/STM32F3xx_HAL_Driver/Src/stm32f3xx_hal_gpio.o
 .debug_aranges
                0x00000000000005e8       0x88 ./Drivers/STM32F3xx_HAL_Driver/Src/stm32f3xx_hal_rcc.o
 .debug_aranges
                0x0000000000000670       0x38 ./Drivers/STM32F3xx_HAL_Driver/Src/stm32f3xx_hal_rcc_ex.o
 .debug_aranges
                0x00000000000006a8      0x3e0 ./Drivers/STM32F3xx_HAL_Driver/Src/stm32f3xx_hal_tim.o
 .debug_aranges
                0x0000000000000a88      0x178 ./Drivers/STM32F3xx_HAL_Driver/Src/stm32f3xx_hal_tim_ex.o
 .debug_aranges
                0x0000000000000c00      0x228 ./Drivers/STM32F3xx_HAL_Driver/Src/stm32f3xx_hal_uart.o
 .debug_aranges
                0x0000000000000e28       0x68 ./Drivers/STM32F3xx_HAL_Driver/Src/stm32f3xx_hal_uart_ex.o

.debug_ranges   0x0000000000000000      0xd68
 .debug_ranges  0x0000000000000000       0x28 ./Core/Src/MOT.o
 .debug_ranges  0x0000000000000028       0x20 ./Core/Src/PID.o
 .debug_ranges  0x0000000000000048       0x10 ./Core/Src/dma.o
 .debug_ranges  0x0000000000000058       0x10 ./Core/Src/gpio.o
 .debug_ranges  0x0000000000000068       0x40 ./Core/Src/ibus.o
 .debug_ranges  0x00000000000000a8       0x50 ./Core/Src/main.o
 .debug_ranges  0x00000000000000f8       0x10 ./Core/Src/stm32f3xx_hal_msp.o
 .debug_ranges  0x0000000000000108       0x98 ./Core/Src/stm32f3xx_it.o
 .debug_ranges  0x00000000000001a0       0x18 ./Core/Src/system_stm32f3xx.o
 .debug_ranges  0x00000000000001b8       0x70 ./Core/Src/tim.o
 .debug_ranges  0x0000000000000228       0x28 ./Core/Src/usart.o
 .debug_ranges  0x0000000000000250       0x20 ./Core/Startup/startup_stm32f303k8tx.o
 .debug_ranges  0x0000000000000270       0xd0 ./Drivers/STM32F3xx_HAL_Driver/Src/stm32f3xx_hal.o
 .debug_ranges  0x0000000000000340       0xf0 ./Drivers/STM32F3xx_HAL_Driver/Src/stm32f3xx_hal_cortex.o
 .debug_ranges  0x0000000000000430       0x78 ./Drivers/STM32F3xx_HAL_Driver/Src/stm32f3xx_hal_dma.o
 .debug_ranges  0x00000000000004a8       0x48 ./Drivers/STM32F3xx_HAL_Driver/Src/stm32f3xx_hal_gpio.o
 .debug_ranges  0x00000000000004f0       0x78 ./Drivers/STM32F3xx_HAL_Driver/Src/stm32f3xx_hal_rcc.o
 .debug_ranges  0x0000000000000568       0x28 ./Drivers/STM32F3xx_HAL_Driver/Src/stm32f3xx_hal_rcc_ex.o
 .debug_ranges  0x0000000000000590      0x3d0 ./Drivers/STM32F3xx_HAL_Driver/Src/stm32f3xx_hal_tim.o
 .debug_ranges  0x0000000000000960      0x168 ./Drivers/STM32F3xx_HAL_Driver/Src/stm32f3xx_hal_tim_ex.o
 .debug_ranges  0x0000000000000ac8      0x248 ./Drivers/STM32F3xx_HAL_Driver/Src/stm32f3xx_hal_uart.o
 .debug_ranges  0x0000000000000d10       0x58 ./Drivers/STM32F3xx_HAL_Driver/Src/stm32f3xx_hal_uart_ex.o

.debug_macro    0x0000000000000000    0x1c5b8
 .debug_macro   0x0000000000000000      0x1e8 ./Core/Src/MOT.o
 .debug_macro   0x00000000000001e8      0xaa8 ./Core/Src/MOT.o
 .debug_macro   0x0000000000000c90       0x40 ./Core/Src/MOT.o
 .debug_macro   0x0000000000000cd0       0x22 ./Core/Src/MOT.o
 .debug_macro   0x0000000000000cf2       0x8e ./Core/Src/MOT.o
 .debug_macro   0x0000000000000d80       0x51 ./Core/Src/MOT.o
 .debug_macro   0x0000000000000dd1      0x103 ./Core/Src/MOT.o
 .debug_macro   0x0000000000000ed4       0x6a ./Core/Src/MOT.o
 .debug_macro   0x0000000000000f3e      0x1df ./Core/Src/MOT.o
 .debug_macro   0x000000000000111d      0x157 ./Core/Src/MOT.o
 .debug_macro   0x0000000000001274       0x2e ./Core/Src/MOT.o
 .debug_macro   0x00000000000012a2       0x28 ./Core/Src/MOT.o
 .debug_macro   0x00000000000012ca       0x1c ./Core/Src/MOT.o
 .debug_macro   0x00000000000012e6       0x22 ./Core/Src/MOT.o
 .debug_macro   0x0000000000001308       0xdf ./Core/Src/MOT.o
 .debug_macro   0x00000000000013e7      0xf07 ./Core/Src/MOT.o
 .debug_macro   0x00000000000022ee    0x10be0 ./Core/Src/MOT.o
 .debug_macro   0x0000000000012ece       0x6d ./Core/Src/MOT.o
 .debug_macro   0x0000000000012f3b     0x3540 ./Core/Src/MOT.o
 .debug_macro   0x000000000001647b      0x174 ./Core/Src/MOT.o
 .debug_macro   0x00000000000165ef       0x55 ./Core/Src/MOT.o
 .debug_macro   0x0000000000016644      0x8f9 ./Core/Src/MOT.o
 .debug_macro   0x0000000000016f3d      0x304 ./Core/Src/MOT.o
 .debug_macro   0x0000000000017241      0x1b6 ./Core/Src/MOT.o
 .debug_macro   0x00000000000173f7      0x11b ./Core/Src/MOT.o
 .debug_macro   0x0000000000017512      0x1d5 ./Core/Src/MOT.o
 .debug_macro   0x00000000000176e7      0x1bc ./Core/Src/MOT.o
 .debug_macro   0x00000000000178a3       0x34 ./Core/Src/MOT.o
 .debug_macro   0x00000000000178d7       0x3c ./Core/Src/MOT.o
 .debug_macro   0x0000000000017913       0x57 ./Core/Src/MOT.o
 .debug_macro   0x000000000001796a       0xc5 ./Core/Src/MOT.o
 .debug_macro   0x0000000000017a2f      0x19f ./Core/Src/MOT.o
 .debug_macro   0x0000000000017bce      0x22c ./Core/Src/MOT.o
 .debug_macro   0x0000000000017dfa       0x5b ./Core/Src/MOT.o
 .debug_macro   0x0000000000017e55       0xa5 ./Core/Src/MOT.o
 .debug_macro   0x0000000000017efa       0x81 ./Core/Src/MOT.o
 .debug_macro   0x0000000000017f7b       0xd3 ./Core/Src/MOT.o
 .debug_macro   0x000000000001804e      0xa3d ./Core/Src/MOT.o
 .debug_macro   0x0000000000018a8b       0x59 ./Core/Src/MOT.o
 .debug_macro   0x0000000000018ae4      0x5a5 ./Core/Src/MOT.o
 .debug_macro   0x0000000000019089       0x44 ./Core/Src/MOT.o
 .debug_macro   0x00000000000190cd      0x285 ./Core/Src/MOT.o
 .debug_macro   0x0000000000019352      0x15a ./Core/Src/MOT.o
 .debug_macro   0x00000000000194ac       0x72 ./Core/Src/PID.o
 .debug_macro   0x000000000001951e       0x10 ./Core/Src/PID.o
 .debug_macro   0x000000000001952e      0x1df ./Core/Src/dma.o
 .debug_macro   0x000000000001970d      0x1df ./Core/Src/gpio.o
 .debug_macro   0x00000000000198ec      0x1f7 ./Core/Src/ibus.o
 .debug_macro   0x0000000000019ae3       0x22 ./Core/Src/ibus.o
 .debug_macro   0x0000000000019b05       0x22 ./Core/Src/ibus.o
 .debug_macro   0x0000000000019b27      0x438 ./Core/Src/main.o
 .debug_macro   0x0000000000019f5f       0x52 ./Core/Src/main.o
 .debug_macro   0x0000000000019fb1       0x18 ./Core/Src/main.o
 .debug_macro   0x0000000000019fc9       0x3c ./Core/Src/main.o
 .debug_macro   0x000000000001a005       0x34 ./Core/Src/main.o
 .debug_macro   0x000000000001a039       0x16 ./Core/Src/main.o
 .debug_macro   0x000000000001a04f       0x35 ./Core/Src/main.o
 .debug_macro   0x000000000001a084      0x333 ./Core/Src/main.o
 .debug_macro   0x000000000001a3b7       0x10 ./Core/Src/main.o
 .debug_macro   0x000000000001a3c7       0x16 ./Core/Src/main.o
 .debug_macro   0x000000000001a3dd       0x43 ./Core/Src/main.o
 .debug_macro   0x000000000001a420       0x34 ./Core/Src/main.o
 .debug_macro   0x000000000001a454       0x10 ./Core/Src/main.o
 .debug_macro   0x000000000001a464       0x58 ./Core/Src/main.o
 .debug_macro   0x000000000001a4bc       0x71 ./Core/Src/main.o
 .debug_macro   0x000000000001a52d       0x1c ./Core/Src/main.o
 .debug_macro   0x000000000001a549      0x12a ./Core/Src/main.o
 .debug_macro   0x000000000001a673       0x10 ./Core/Src/main.o
 .debug_macro   0x000000000001a683       0x1c ./Core/Src/main.o
 .debug_macro   0x000000000001a69f       0x52 ./Core/Src/main.o
 .debug_macro   0x000000000001a6f1       0x22 ./Core/Src/main.o
 .debug_macro   0x000000000001a713       0x10 ./Core/Src/main.o
 .debug_macro   0x000000000001a723       0x40 ./Core/Src/main.o
 .debug_macro   0x000000000001a763       0xd5 ./Core/Src/main.o
 .debug_macro   0x000000000001a838       0x1c ./Core/Src/main.o
 .debug_macro   0x000000000001a854       0x3d ./Core/Src/main.o
 .debug_macro   0x000000000001a891       0x16 ./Core/Src/main.o
 .debug_macro   0x000000000001a8a7      0x145 ./Core/Src/main.o
 .debug_macro   0x000000000001a9ec       0x16 ./Core/Src/main.o
 .debug_macro   0x000000000001aa02       0x16 ./Core/Src/main.o
 .debug_macro   0x000000000001aa18       0x29 ./Core/Src/main.o
 .debug_macro   0x000000000001aa41       0x16 ./Core/Src/main.o
 .debug_macro   0x000000000001aa57      0x1d5 ./Core/Src/stm32f3xx_hal_msp.o
 .debug_macro   0x000000000001ac2c      0x1df ./Core/Src/stm32f3xx_it.o
 .debug_macro   0x000000000001ae0b      0x1c6 ./Core/Src/system_stm32f3xx.o
 .debug_macro   0x000000000001afd1      0x1df ./Core/Src/tim.o
 .debug_macro   0x000000000001b1b0      0x1df ./Core/Src/usart.o
 .debug_macro   0x000000000001b38f      0x1ea ./Drivers/STM32F3xx_HAL_Driver/Src/stm32f3xx_hal.o
 .debug_macro   0x000000000001b579      0x1c6 ./Drivers/STM32F3xx_HAL_Driver/Src/stm32f3xx_hal_cortex.o
 .debug_macro   0x000000000001b73f      0x1c6 ./Drivers/STM32F3xx_HAL_Driver/Src/stm32f3xx_hal_dma.o
 .debug_macro   0x000000000001b905      0x1cd ./Drivers/STM32F3xx_HAL_Driver/Src/stm32f3xx_hal_gpio.o
 .debug_macro   0x000000000001bad2      0x1ea ./Drivers/STM32F3xx_HAL_Driver/Src/stm32f3xx_hal_rcc.o
 .debug_macro   0x000000000001bcbc      0x1c6 ./Drivers/STM32F3xx_HAL_Driver/Src/stm32f3xx_hal_rcc_ex.o
 .debug_macro   0x000000000001be82      0x1c7 ./Drivers/STM32F3xx_HAL_Driver/Src/stm32f3xx_hal_tim.o
 .debug_macro   0x000000000001c049      0x1c6 ./Drivers/STM32F3xx_HAL_Driver/Src/stm32f3xx_hal_tim_ex.o
 .debug_macro   0x000000000001c20f      0x1e3 ./Drivers/STM32F3xx_HAL_Driver/Src/stm32f3xx_hal_uart.o
 .debug_macro   0x000000000001c3f2      0x1c6 ./Drivers/STM32F3xx_HAL_Driver/Src/stm32f3xx_hal_uart_ex.o

.debug_line     0x0000000000000000    0x1337d
 .debug_line    0x0000000000000000      0x7db ./Core/Src/MOT.o
 .debug_line    0x00000000000007db      0x4a5 ./Core/Src/PID.o
 .debug_line    0x0000000000000c80      0x6e0 ./Core/Src/dma.o
 .debug_line    0x0000000000001360      0x719 ./Core/Src/gpio.o
 .debug_line    0x0000000000001a79      0x8a4 ./Core/Src/ibus.o
 .debug_line    0x000000000000231d      0xac9 ./Core/Src/main.o
 .debug_line    0x0000000000002de6      0x6e2 ./Core/Src/stm32f3xx_hal_msp.o
 .debug_line    0x00000000000034c8      0x87d ./Core/Src/stm32f3xx_it.o
 .debug_line    0x0000000000003d45      0x759 ./Core/Src/system_stm32f3xx.o
 .debug_line    0x000000000000449e      0xab8 ./Core/Src/tim.o
 .debug_line    0x0000000000004f56      0x80f ./Core/Src/usart.o
 .debug_line    0x0000000000005765       0x88 ./Core/Startup/startup_stm32f303k8tx.o
 .debug_line    0x00000000000057ed      0x98e ./Drivers/STM32F3xx_HAL_Driver/Src/stm32f3xx_hal.o
 .debug_line    0x000000000000617b      0xb76 ./Drivers/STM32F3xx_HAL_Driver/Src/stm32f3xx_hal_cortex.o
 .debug_line    0x0000000000006cf1      0xc7c ./Drivers/STM32F3xx_HAL_Driver/Src/stm32f3xx_hal_dma.o
 .debug_line    0x000000000000796d      0xadb ./Drivers/STM32F3xx_HAL_Driver/Src/stm32f3xx_hal_gpio.o
 .debug_line    0x0000000000008448     0x1369 ./Drivers/STM32F3xx_HAL_Driver/Src/stm32f3xx_hal_rcc.o
 .debug_line    0x00000000000097b1      0xa31 ./Drivers/STM32F3xx_HAL_Driver/Src/stm32f3xx_hal_rcc_ex.o
 .debug_line    0x000000000000a1e2     0x3bb3 ./Drivers/STM32F3xx_HAL_Driver/Src/stm32f3xx_hal_tim.o
 .debug_line    0x000000000000dd95     0x1a01 ./Drivers/STM32F3xx_HAL_Driver/Src/stm32f3xx_hal_tim_ex.o
 .debug_line    0x000000000000f796     0x30a2 ./Drivers/STM32F3xx_HAL_Driver/Src/stm32f3xx_hal_uart.o
 .debug_line    0x0000000000012838      0xb45 ./Drivers/STM32F3xx_HAL_Driver/Src/stm32f3xx_hal_uart_ex.o

.debug_str      0x0000000000000000    0xa5964
 .debug_str     0x0000000000000000    0x9dbb6 ./Core/Src/MOT.o
                                      0x9df02 (size before relaxing)
 .debug_str     0x000000000009dbb6       0xdc ./Core/Src/PID.o
                                       0x3df9 (size before relaxing)
 .debug_str     0x000000000009dc92      0x29f ./Core/Src/dma.o
                                      0x9db79 (size before relaxing)
 .debug_str     0x000000000009df31       0x7e ./Core/Src/gpio.o
                                      0x9dc19 (size before relaxing)
 .debug_str     0x000000000009dfaf      0x3a6 ./Core/Src/ibus.o
                                      0x9ddc1 (size before relaxing)
 .debug_str     0x000000000009e355     0x46d3 ./Core/Src/main.o
                                      0xa2994 (size before relaxing)
 .debug_str     0x00000000000a2a28       0x2c ./Core/Src/stm32f3xx_hal_msp.o
                                      0x9d898 (size before relaxing)
 .debug_str     0x00000000000a2a54      0x164 ./Core/Src/stm32f3xx_it.o
                                      0x9e0d9 (size before relaxing)
 .debug_str     0x00000000000a2bb8       0xbd ./Core/Src/system_stm32f3xx.o
                                      0x9d3aa (size before relaxing)
 .debug_str     0x00000000000a2c75      0x33a ./Core/Src/tim.o
                                      0x9e463 (size before relaxing)
 .debug_str     0x00000000000a2faf       0x6b ./Core/Src/usart.o
                                      0x9e082 (size before relaxing)
 .debug_str     0x00000000000a301a       0x36 ./Core/Startup/startup_stm32f303k8tx.o
                                         0xbd (size before relaxing)
 .debug_str     0x00000000000a3050      0x317 ./Drivers/STM32F3xx_HAL_Driver/Src/stm32f3xx_hal.o
                                      0x9d9f8 (size before relaxing)
 .debug_str     0x00000000000a3367      0x2a2 ./Drivers/STM32F3xx_HAL_Driver/Src/stm32f3xx_hal_cortex.o
                                      0x9d9d9 (size before relaxing)
 .debug_str     0x00000000000a3609      0x248 ./Drivers/STM32F3xx_HAL_Driver/Src/stm32f3xx_hal_dma.o
                                      0x9d724 (size before relaxing)
 .debug_str     0x00000000000a3851      0x1bd ./Drivers/STM32F3xx_HAL_Driver/Src/stm32f3xx_hal_gpio.o
                                      0x9d5c7 (size before relaxing)
 .debug_str     0x00000000000a3a0e      0x2f0 ./Drivers/STM32F3xx_HAL_Driver/Src/stm32f3xx_hal_rcc.o
                                      0x9d818 (size before relaxing)
 .debug_str     0x00000000000a3cfe       0xd8 ./Drivers/STM32F3xx_HAL_Driver/Src/stm32f3xx_hal_rcc_ex.o
                                      0x9d52c (size before relaxing)
 .debug_str     0x00000000000a3dd6      0xcf7 ./Drivers/STM32F3xx_HAL_Driver/Src/stm32f3xx_hal_tim.o
                                      0x9e76d (size before relaxing)
 .debug_str     0x00000000000a4acd      0x494 ./Drivers/STM32F3xx_HAL_Driver/Src/stm32f3xx_hal_tim_ex.o
                                      0x9df71 (size before relaxing)
 .debug_str     0x00000000000a4f61      0x865 ./Drivers/STM32F3xx_HAL_Driver/Src/stm32f3xx_hal_uart.o
                                      0x9e028 (size before relaxing)
 .debug_str     0x00000000000a57c6      0x19e ./Drivers/STM32F3xx_HAL_Driver/Src/stm32f3xx_hal_uart_ex.o
                                      0x9d912 (size before relaxing)

.comment        0x0000000000000000       0x53
 .comment       0x0000000000000000       0x53 ./Core/Src/MOT.o
                                         0x54 (size before relaxing)
 .comment       0x0000000000000053       0x54 ./Core/Src/PID.o
 .comment       0x0000000000000053       0x54 ./Core/Src/dma.o
 .comment       0x0000000000000053       0x54 ./Core/Src/gpio.o
 .comment       0x0000000000000053       0x54 ./Core/Src/ibus.o
 .comment       0x0000000000000053       0x54 ./Core/Src/main.o
 .comment       0x0000000000000053       0x54 ./Core/Src/stm32f3xx_hal_msp.o
 .comment       0x0000000000000053       0x54 ./Core/Src/stm32f3xx_it.o
 .comment       0x0000000000000053       0x54 ./Core/Src/system_stm32f3xx.o
 .comment       0x0000000000000053       0x54 ./Core/Src/tim.o
 .comment       0x0000000000000053       0x54 ./Core/Src/usart.o
 .comment       0x0000000000000053       0x54 ./Drivers/STM32F3xx_HAL_Driver/Src/stm32f3xx_hal.o
 .comment       0x0000000000000053       0x54 ./Drivers/STM32F3xx_HAL_Driver/Src/stm32f3xx_hal_cortex.o
 .comment       0x0000000000000053       0x54 ./Drivers/STM32F3xx_HAL_Driver/Src/stm32f3xx_hal_dma.o
 .comment       0x0000000000000053       0x54 ./Drivers/STM32F3xx_HAL_Driver/Src/stm32f3xx_hal_gpio.o
 .comment       0x0000000000000053       0x54 ./Drivers/STM32F3xx_HAL_Driver/Src/stm32f3xx_hal_rcc.o
 .comment       0x0000000000000053       0x54 ./Drivers/STM32F3xx_HAL_Driver/Src/stm32f3xx_hal_rcc_ex.o
 .comment       0x0000000000000053       0x54 ./Drivers/STM32F3xx_HAL_Driver/Src/stm32f3xx_hal_tim.o
 .comment       0x0000000000000053       0x54 ./Drivers/STM32F3xx_HAL_Driver/Src/stm32f3xx_hal_tim_ex.o
 .comment       0x0000000000000053       0x54 ./Drivers/STM32F3xx_HAL_Driver/Src/stm32f3xx_hal_uart.o
 .comment       0x0000000000000053       0x54 ./Drivers/STM32F3xx_HAL_Driver/Src/stm32f3xx_hal_uart_ex.o

.debug_frame    0x0000000000000000     0x3b04
 .debug_frame   0x0000000000000000       0xac ./Core/Src/MOT.o
 .debug_frame   0x00000000000000ac       0x88 ./Core/Src/PID.o
 .debug_frame   0x0000000000000134       0x34 ./Core/Src/dma.o
 .debug_frame   0x0000000000000168       0x34 ./Core/Src/gpio.o
 .debug_frame   0x000000000000019c      0x108 ./Core/Src/ibus.o
 .debug_frame   0x00000000000002a4      0x158 ./Core/Src/main.o
 .debug_frame   0x00000000000003fc       0x38 ./Core/Src/stm32f3xx_hal_msp.o
 .debug_frame   0x0000000000000434      0x200 ./Core/Src/stm32f3xx_it.o
 .debug_frame   0x0000000000000634       0x58 ./Core/Src/system_stm32f3xx.o
 .debug_frame   0x000000000000068c      0x1ec ./Core/Src/tim.o
 .debug_frame   0x0000000000000878       0x90 ./Core/Src/usart.o
 .debug_frame   0x0000000000000908      0x334 ./Drivers/STM32F3xx_HAL_Driver/Src/stm32f3xx_hal.o
 .debug_frame   0x0000000000000c3c      0x428 ./Drivers/STM32F3xx_HAL_Driver/Src/stm32f3xx_hal_cortex.o
 .debug_frame   0x0000000000001064      0x224 ./Drivers/STM32F3xx_HAL_Driver/Src/stm32f3xx_hal_dma.o
 .debug_frame   0x0000000000001288      0x14c ./Drivers/STM32F3xx_HAL_Driver/Src/stm32f3xx_hal_gpio.o
 .debug_frame   0x00000000000013d4      0x214 ./Drivers/STM32F3xx_HAL_Driver/Src/stm32f3xx_hal_rcc.o
 .debug_frame   0x00000000000015e8       0xb4 ./Drivers/STM32F3xx_HAL_Driver/Src/stm32f3xx_hal_rcc_ex.o
 .debug_frame   0x000000000000169c     0x121c ./Drivers/STM32F3xx_HAL_Driver/Src/stm32f3xx_hal_tim.o
 .debug_frame   0x00000000000028b8      0x688 ./Drivers/STM32F3xx_HAL_Driver/Src/stm32f3xx_hal_tim_ex.o
 .debug_frame   0x0000000000002f40      0x9e8 ./Drivers/STM32F3xx_HAL_Driver/Src/stm32f3xx_hal_uart.o
 .debug_frame   0x0000000000003928      0x190 ./Drivers/STM32F3xx_HAL_Driver/Src/stm32f3xx_hal_uart_ex.o
 .debug_frame   0x0000000000003ab8       0x2c c:/st/stm32cubeide_1.8.0/stm32cubeide/plugins/com.st.stm32cube.ide.mcu.externaltools.gnu-tools-for-stm32.9-2020-q2-update.win32_2.0.0.202105311346/tools/bin/../lib/gcc/arm-none-eabi/9.3.1/../../../../arm-none-eabi/lib/thumb/v7e-m+fp/hard\libc_nano.a(lib_a-init.o)
 .debug_frame   0x0000000000003ae4       0x20 c:/st/stm32cubeide_1.8.0/stm32cubeide/plugins/com.st.stm32cube.ide.mcu.externaltools.gnu-tools-for-stm32.9-2020-q2-update.win32_2.0.0.202105311346/tools/bin/../lib/gcc/arm-none-eabi/9.3.1/../../../../arm-none-eabi/lib/thumb/v7e-m+fp/hard\libc_nano.a(lib_a-memset.o)
