Archive member included to satisfy reference by file (symbol)

c:/st/stm32cubeide_1.8.0/stm32cubeide/plugins/com.st.stm32cube.ide.mcu.externaltools.gnu-tools-for-stm32.9-2020-q2-update.win32_2.0.0.202105311346/tools/bin/../lib/gcc/arm-none-eabi/9.3.1/../../../../arm-none-eabi/lib/thumb/v7e-m+fp/hard\libc_nano.a(lib_a-errno.o)
                              ./Core/Src/syscalls.o (__errno)
c:/st/stm32cubeide_1.8.0/stm32cubeide/plugins/com.st.stm32cube.ide.mcu.externaltools.gnu-tools-for-stm32.9-2020-q2-update.win32_2.0.0.202105311346/tools/bin/../lib/gcc/arm-none-eabi/9.3.1/../../../../arm-none-eabi/lib/thumb/v7e-m+fp/hard\libc_nano.a(lib_a-exit.o)
                              c:/st/stm32cubeide_1.8.0/stm32cubeide/plugins/com.st.stm32cube.ide.mcu.externaltools.gnu-tools-for-stm32.9-2020-q2-update.win32_2.0.0.202105311346/tools/bin/../lib/gcc/arm-none-eabi/9.3.1/../../../../arm-none-eabi/lib/thumb/v7e-m+fp/hard/crt0.o (exit)
c:/st/stm32cubeide_1.8.0/stm32cubeide/plugins/com.st.stm32cube.ide.mcu.externaltools.gnu-tools-for-stm32.9-2020-q2-update.win32_2.0.0.202105311346/tools/bin/../lib/gcc/arm-none-eabi/9.3.1/../../../../arm-none-eabi/lib/thumb/v7e-m+fp/hard\libc_nano.a(lib_a-impure.o)
                              c:/st/stm32cubeide_1.8.0/stm32cubeide/plugins/com.st.stm32cube.ide.mcu.externaltools.gnu-tools-for-stm32.9-2020-q2-update.win32_2.0.0.202105311346/tools/bin/../lib/gcc/arm-none-eabi/9.3.1/../../../../arm-none-eabi/lib/thumb/v7e-m+fp/hard\libc_nano.a(lib_a-exit.o) (_global_impure_ptr)
c:/st/stm32cubeide_1.8.0/stm32cubeide/plugins/com.st.stm32cube.ide.mcu.externaltools.gnu-tools-for-stm32.9-2020-q2-update.win32_2.0.0.202105311346/tools/bin/../lib/gcc/arm-none-eabi/9.3.1/../../../../arm-none-eabi/lib/thumb/v7e-m+fp/hard\libc_nano.a(lib_a-init.o)
                              c:/st/stm32cubeide_1.8.0/stm32cubeide/plugins/com.st.stm32cube.ide.mcu.externaltools.gnu-tools-for-stm32.9-2020-q2-update.win32_2.0.0.202105311346/tools/bin/../lib/gcc/arm-none-eabi/9.3.1/../../../../arm-none-eabi/lib/thumb/v7e-m+fp/hard/crt0.o (__libc_init_array)
c:/st/stm32cubeide_1.8.0/stm32cubeide/plugins/com.st.stm32cube.ide.mcu.externaltools.gnu-tools-for-stm32.9-2020-q2-update.win32_2.0.0.202105311346/tools/bin/../lib/gcc/arm-none-eabi/9.3.1/../../../../arm-none-eabi/lib/thumb/v7e-m+fp/hard\libc_nano.a(lib_a-memset.o)
                              c:/st/stm32cubeide_1.8.0/stm32cubeide/plugins/com.st.stm32cube.ide.mcu.externaltools.gnu-tools-for-stm32.9-2020-q2-update.win32_2.0.0.202105311346/tools/bin/../lib/gcc/arm-none-eabi/9.3.1/../../../../arm-none-eabi/lib/thumb/v7e-m+fp/hard/crt0.o (memset)
c:/st/stm32cubeide_1.8.0/stm32cubeide/plugins/com.st.stm32cube.ide.mcu.externaltools.gnu-tools-for-stm32.9-2020-q2-update.win32_2.0.0.202105311346/tools/bin/../lib/gcc/arm-none-eabi/9.3.1/thumb/v7e-m+fp/hard\libgcc.a(_arm_muldf3.o)
                              ./Core/Src/MOT.o (__aeabi_dmul)
c:/st/stm32cubeide_1.8.0/stm32cubeide/plugins/com.st.stm32cube.ide.mcu.externaltools.gnu-tools-for-stm32.9-2020-q2-update.win32_2.0.0.202105311346/tools/bin/../lib/gcc/arm-none-eabi/9.3.1/thumb/v7e-m+fp/hard\libgcc.a(_arm_addsubdf3.o)
                              ./Core/Src/main.o (__aeabi_dadd)
c:/st/stm32cubeide_1.8.0/stm32cubeide/plugins/com.st.stm32cube.ide.mcu.externaltools.gnu-tools-for-stm32.9-2020-q2-update.win32_2.0.0.202105311346/tools/bin/../lib/gcc/arm-none-eabi/9.3.1/thumb/v7e-m+fp/hard\libgcc.a(_arm_muldivdf3.o)
                              ./Core/Src/MOT.o (__aeabi_ddiv)
c:/st/stm32cubeide_1.8.0/stm32cubeide/plugins/com.st.stm32cube.ide.mcu.externaltools.gnu-tools-for-stm32.9-2020-q2-update.win32_2.0.0.202105311346/tools/bin/../lib/gcc/arm-none-eabi/9.3.1/thumb/v7e-m+fp/hard\libgcc.a(_arm_fixdfsi.o)
                              ./Core/Src/MOT.o (__aeabi_d2iz)
c:/st/stm32cubeide_1.8.0/stm32cubeide/plugins/com.st.stm32cube.ide.mcu.externaltools.gnu-tools-for-stm32.9-2020-q2-update.win32_2.0.0.202105311346/tools/bin/../lib/gcc/arm-none-eabi/9.3.1/thumb/v7e-m+fp/hard\libgcc.a(_arm_truncdfsf2.o)
                              ./Core/Src/MOT.o (__aeabi_d2f)

Allocating common symbols
Common symbol       size              file

Rozmiar             0x2               ./Core/Src/main.o
I4_V_MAX            0x2               ./Core/Src/main.o
hdma_usart2_rx      0x44              ./Core/Src/usart.o
Wiadomosc           0xc8              ./Core/Src/main.o
hdac1               0x14              ./Core/Src/dac.o
hadc2               0x50              ./Core/Src/adc.o
OFF_ON              0x1               ./Core/Src/main.o
MA                  0x1               ./Core/Src/main.o
I1_V                0x2               ./Core/Src/main.o
uwTick              0x4               ./Drivers/STM32F3xx_HAL_Driver/Src/stm32f3xx_hal.o
mot_tyl_prawy       0x68              ./Core/Src/main.o
pFlash              0x20              ./Drivers/STM32F3xx_HAL_Driver/Src/stm32f3xx_hal_flash.o
[...]
Memory Configuration

Name             Origin             Length             Attributes
CCMRAM           0x0000000010000000 0x0000000000001000 xrw
RAM              0x0000000020000000 0x0000000000003000 xrw
FLASH            0x0000000008000000 0x0000000000010000 xr
*default*        0x0000000000000000 0xffffffffffffffff

Linker script and memory map

LOAD c:/st/stm32cubeide_1.8.0/stm32cubeide/plugins/com.st.stm32cube.ide.mcu.externaltools.gnu-tools-for-stm32.9-2020-q2-update.win32_2.0.0.202105311346/tools/bin/../lib/gcc/arm-none-eabi/9.3.1/thumb/v7e-m+fp/hard/crti.o
LOAD c:/st/stm32cubeide_1.8.0/stm32cubeide/plugins/com.st.stm32cube.ide.mcu.externaltools.gnu-tools-for-stm32.9-2020-q2-update.win32_2.0.0.202105311346/tools/bin/../lib/gcc/arm-none-eabi/9.3.1/thumb/v7e-m+fp/hard/crtbegin.o
LOAD c:/st/stm32cubeide_1.8.0/stm32cubeide/plugins/com.st.stm32cube.ide.mcu.externaltools.gnu-tools-for-stm32.9-2020-q2-update.win32_2.0.0.202105311346/tools/bin/../lib/gcc/arm-none-eabi/9.3.1/../../../../arm-none-eabi/lib/thumb/v7e-m+fp/hard/crt0.o
LOAD ./Core/Src/MOT.o
LOAD ./Core/Src/PID.o
LOAD ./Core/Src/adc.o
LOAD ./Core/Src/dac.o
LOAD ./Core/Src/dma.o
LOAD ./Core/Src/gpio.o
LOAD ./Core/Src/ibus.o
LOAD ./Core/Src/main.o
LOAD ./Core/Src/stm32f3xx_hal_msp.o
LOAD ./Core/Src/stm32f3xx_it.o
LOAD ./Core/Src/syscalls.o
LOAD ./Core/Src/sysmem.o
LOAD ./Core/Src/system_stm32f3xx.o
LOAD ./Core/Src/tim.o
LOAD ./Core/Src/usart.o
LOAD ./Core/Startup/startup_stm32f303k8tx.o
LOAD ./Drivers/STM32F3xx_HAL_Driver/Src/stm32f3xx_hal.o
LOAD ./Drivers/STM32F3xx_HAL_Driver/Src/stm32f3xx_hal_adc.o
LOAD ./Drivers/STM32F3xx_HAL_Driver/Src/stm32f3xx_hal_adc_ex.o
LOAD ./Drivers/STM32F3xx_HAL_Driver/Src/stm32f3xx_hal_cortex.o
LOAD ./Drivers/STM32F3xx_HAL_Driver/Src/stm32f3xx_hal_dac.o
LOAD ./Drivers/STM32F3xx_HAL_Driver/Src/stm32f3xx_hal_dac_ex.o
LOAD ./Drivers/STM32F3xx_HAL_Driver/Src/stm32f3xx_hal_dma.o
LOAD ./Drivers/STM32F3xx_HAL_Driver/Src/stm32f3xx_hal_exti.o
LOAD ./Drivers/STM32F3xx_HAL_Driver/Src/stm32f3xx_hal_flash.o
LOAD ./Drivers/STM32F3xx_HAL_Driver/Src/stm32f3xx_hal_flash_ex.o
LOAD ./Drivers/STM32F3xx_HAL_Driver/Src/stm32f3xx_hal_gpio.o
LOAD ./Drivers/STM32F3xx_HAL_Driver/Src/stm32f3xx_hal_i2c.o
LOAD ./Drivers/STM32F3xx_HAL_Driver/Src/stm32f3xx_hal_i2c_ex.o
LOAD ./Drivers/STM32F3xx_HAL_Driver/Src/stm32f3xx_hal_pwr.o
LOAD ./Drivers/STM32F3xx_HAL_Driver/Src/stm32f3xx_hal_pwr_ex.o
LOAD ./Drivers/STM32F3xx_HAL_Driver/Src/stm32f3xx_hal_rcc.o
LOAD ./Drivers/STM32F3xx_HAL_Driver/Src/stm32f3xx_hal_rcc_ex.o
LOAD ./Drivers/STM32F3xx_HAL_Driver/Src/stm32f3xx_hal_tim.o
LOAD ./Drivers/STM32F3xx_HAL_Driver/Src/stm32f3xx_hal_tim_ex.o
LOAD ./Drivers/STM32F3xx_HAL_Driver/Src/stm32f3xx_hal_uart.o
LOAD ./Drivers/STM32F3xx_HAL_Driver/Src/stm32f3xx_hal_uart_ex.o
START GROUP
LOAD c:/st/stm32cubeide_1.8.0/stm32cubeide/plugins/com.st.stm32cube.ide.mcu.externaltools.gnu-tools-for-stm32.9-2020-q2-update.win32_2.0.0.202105311346/tools/bin/../lib/gcc/arm-none-eabi/9.3.1/../../../../arm-none-eabi/lib/thumb/v7e-m+fp/hard\libc_nano.a
LOAD c:/st/stm32cubeide_1.8.0/stm32cubeide/plugins/com.st.stm32cube.ide.mcu.externaltools.gnu-tools-for-stm32.9-2020-q2-update.win32_2.0.0.202105311346/tools/bin/../lib/gcc/arm-none-eabi/9.3.1/../../../../arm-none-eabi/lib/thumb/v7e-m+fp/hard\libm.a
END GROUP
START GROUP
LOAD c:/st/stm32cubeide_1.8.0/stm32cubeide/plugins/com.st.stm32cube.ide.mcu.externaltools.gnu-tools-for-stm32.9-2020-q2-update.win32_2.0.0.202105311346/tools/bin/../lib/gcc/arm-none-eabi/9.3.1/thumb/v7e-m+fp/hard\libgcc.a
LOAD c:/st/stm32cubeide_1.8.0/stm32cubeide/plugins/com.st.stm32cube.ide.mcu.externaltools.gnu-tools-for-stm32.9-2020-q2-update.win32_2.0.0.202105311346/tools/bin/../lib/gcc/arm-none-eabi/9.3.1/../../../../arm-none-eabi/lib/thumb/v7e-m+fp/hard\libc_nano.a
END GROUP
START GROUP
LOAD c:/st/stm32cubeide_1.8.0/stm32cubeide/plugins/com.st.stm32cube.ide.mcu.externaltools.gnu-tools-for-stm32.9-2020-q2-update.win32_2.0.0.202105311346/tools/bin/../lib/gcc/arm-none-eabi/9.3.1/thumb/v7e-m+fp/hard\libgcc.a
LOAD c:/st/stm32cubeide_1.8.0/stm32cubeide/plugins/com.st.stm32cube.ide.mcu.externaltools.gnu-tools-for-stm32.9-2020-q2-update.win32_2.0.0.202105311346/tools/bin/../lib/gcc/arm-none-eabi/9.3.1/../../../../arm-none-eabi/lib/thumb/v7e-m+fp/hard\libc_nano.a
LOAD c:/st/stm32cubeide_1.8.0/stm32cubeide/plugins/com.st.stm32cube.ide.mcu.externaltools.gnu-tools-for-stm32.9-2020-q2-update.win32_2.0.0.202105311346/tools/bin/../lib/gcc/arm-none-eabi/9.3.1/../../../../arm-none-eabi/lib/thumb/v7e-m+fp/hard\libnosys.a
END GROUP
START GROUP
LOAD c:/st/stm32cubeide_1.8.0/stm32cubeide/plugins/com.st.stm32cube.ide.mcu.externaltools.gnu-tools-for-stm32.9-2020-q2-update.win32_2.0.0.202105311346/tools/bin/../lib/gcc/arm-none-eabi/9.3.1/thumb/v7e-m+fp/hard\libgcc.a
LOAD c:/st/stm32cubeide_1.8.0/stm32cubeide/plugins/com.st.stm32cube.ide.mcu.externaltools.gnu-tools-for-stm32.9-2020-q2-update.win32_2.0.0.202105311346/tools/bin/../lib/gcc/arm-none-eabi/9.3.1/../../../../arm-none-eabi/lib/thumb/v7e-m+fp/hard\libc_nano.a
LOAD c:/st/stm32cubeide_1.8.0/stm32cubeide/plugins/com.st.stm32cube.ide.mcu.externaltools.gnu-tools-for-stm32.9-2020-q2-update.win32_2.0.0.202105311346/tools/bin/../lib/gcc/arm-none-eabi/9.3.1/../../../../arm-none-eabi/lib/thumb/v7e-m+fp/hard\libnosys.a
END GROUP
LOAD c:/st/stm32cubeide_1.8.0/stm32cubeide/plugins/com.st.stm32cube.ide.mcu.externaltools.gnu-tools-for-stm32.9-2020-q2-update.win32_2.0.0.202105311346/tools/bin/../lib/gcc/arm-none-eabi/9.3.1/thumb/v7e-m+fp/hard/crtend.o
LOAD c:/st/stm32cubeide_1.8.0/stm32cubeide/plugins/com.st.stm32cube.ide.mcu.externaltools.gnu-tools-for-stm32.9-2020-q2-update.win32_2.0.0.202105311346/tools/bin/../lib/gcc/arm-none-eabi/9.3.1/thumb/v7e-m+fp/hard/crtn.o
                0x0000000020003000                _estack = (ORIGIN (RAM) + LENGTH (RAM))
                0x0000000000000200                _Min_Heap_Size = 0x200
                0x0000000000000400                _Min_Stack_Size = 0x400

.isr_vector     0x0000000008000000      0x188
                0x0000000008000000                . = ALIGN (0x4)
 *(.isr_vector)
 .isr_vector    0x0000000008000000      0x188 ./Core/Startup/startup_stm32f303k8tx.o
                0x0000000008000000                g_pfnVectors
                0x0000000008000188                . = ALIGN (0x4)

.text           0x0000000008000188     0x774c
                0x0000000008000188                . = ALIGN (0x4)
 *(.text)
 .text          0x0000000008000188       0x40 c:/st/stm32cubeide_1.8.0/stm32cubeide/plugins/com.st.stm32cube.ide.mcu.externaltools.gnu-tools-for-stm32.9-2020-q2-update.win32_2.0.0.202105311346/tools/bin/../lib/gcc/arm-none-eabi/9.3.1/thumb/v7e-m+fp/hard/crtbegin.o
 .text          0x00000000080001c8      0x378 c:/st/stm32cubeide_1.8.0/stm32cubeide/plugins/com.st.stm32cube.ide.mcu.externaltools.gnu-tools-for-stm32.9-2020-q2-update.win32_2.0.0.202105311346/tools/bin/../lib/gcc/arm-none-eabi/9.3.1/thumb/v7e-m+fp/hard\libgcc.a(_arm_addsubdf3.o)
                0x00000000080001c8                __aeabi_drsub
                0x00000000080001d0                __aeabi_dsub
                0x00000000080001d0                __subdf3
                0x00000000080001d4                __aeabi_dadd
                0x00000000080001d4                __adddf3
                0x000000000800044c                __floatunsidf
                0x000000000800044c                __aeabi_ui2d
                0x000000000800046c                __floatsidf
                0x000000000800046c                __aeabi_i2d
                0x0000000008000490                __aeabi_f2d
                0x0000000008000490                __extendsfdf2
                0x00000000080004d4                __floatundidf
                0x00000000080004d4                __aeabi_ul2d
                0x00000000080004e4                __floatdidf
                0x00000000080004e4                __aeabi_l2d
 .text          0x0000000008000540      0x424 c:/st/stm32cubeide_1.8.0/stm32cubeide/plugins/com.st.stm32cube.ide.mcu.externaltools.gnu-tools-for-stm32.9-2020-q2-update.win32_2.0.0.202105311346/tools/bin/../lib/gcc/arm-none-eabi/9.3.1/thumb/v7e-m+fp/hard\libgcc.a(_arm_muldivdf3.o)
                0x0000000008000540                __aeabi_dmul
                0x0000000008000540                __muldf3
                0x0000000008000794                __divdf3
                0x0000000008000794                __aeabi_ddiv
 .text          0x0000000008000964       0x50 c:/st/stm32cubeide_1.8.0/stm32cubeide/plugins/com.st.stm32cube.ide.mcu.externaltools.gnu-tools-for-stm32.9-2020-q2-update.win32_2.0.0.202105311346/tools/bin/../lib/gcc/arm-none-eabi/9.3.1/thumb/v7e-m+fp/hard\libgcc.a(_arm_fixdfsi.o)
                0x0000000008000964                __aeabi_d2iz
                0x0000000008000964                __fixdfsi
 .text          0x00000000080009b4       0xa0 c:/st/stm32cubeide_1.8.0/stm32cubeide/plugins/com.st.stm32cube.ide.mcu.externaltools.gnu-tools-for-stm32.9-2020-q2-update.win32_2.0.0.202105311346/tools/bin/../lib/gcc/arm-none-eabi/9.3.1/thumb/v7e-m+fp/hard\libgcc.a(_arm_truncdfsf2.o)
                0x00000000080009b4                __truncdfsf2
                0x00000000080009b4                __aeabi_d2f
 *(.text*)
 .text.motor_update_count
                0x0000000008000a54       0x2c ./Core/Src/MOT.o
                0x0000000008000a54                motor_update_count
 .text.motor_calculate_speed
                0x0000000008000a80      0x124 ./Core/Src/MOT.o
                0x0000000008000a80                motor_calculate_speed
 .text.motor_init
                0x0000000008000ba4       0x70 ./Core/Src/MOT.o
                0x0000000008000ba4                motor_init
 .text.set_motor_dir
                0x0000000008000c14       0xa2 ./Core/Src/MOT.o
                0x0000000008000c14                set_motor_dir
 *fill*         0x0000000008000cb6        0x2 
 .text.pid_init
                0x0000000008000cb8       0x90 ./Core/Src/PID.o
                0x0000000008000cb8                pid_init
 .text.pid_calc
                0x0000000008000d48      0x20e ./Core/Src/PID.o
                0x0000000008000d48                pid_calc
 .text.pid_scaling
                0x0000000008000f56       0x68 ./Core/Src/PID.o
                0x0000000008000f56                pid_scaling
 *fill*         0x0000000008000fbe        0x2 
 .text.MX_ADC1_Init
                0x0000000008000fc0       0xe0 ./Core/Src/adc.o
                0x0000000008000fc0                MX_ADC1_Init
 .text.MX_ADC2_Init
                0x00000000080010a0       0xbc ./Core/Src/adc.o
                0x00000000080010a0                MX_ADC2_Init
 .text.HAL_ADC_MspInit
                0x000000000800115c      0x11c ./Core/Src/adc.o
                0x000000000800115c                HAL_ADC_MspInit
 .text.MX_DAC1_Init
                0x0000000008001278       0x54 ./Core/Src/dac.o
                0x0000000008001278                MX_DAC1_Init
 .text.HAL_DAC_MspInit
                0x00000000080012cc       0x8c ./Core/Src/dac.o
                0x00000000080012cc                HAL_DAC_MspInit
 .text.MX_DMA_Init
                0x0000000008001358       0x3c ./Core/Src/dma.o
                0x0000000008001358                MX_DMA_Init
 .text.MX_GPIO_Init
                0x0000000008001394       0xec ./Core/Src/gpio.o
                0x0000000008001394                MX_GPIO_Init
 .text.ibus_init
                0x0000000008001480       0x1c ./Core/Src/ibus.o
                0x0000000008001480                ibus_init
 .text.ibus_read
                0x000000000800149c       0x40 ./Core/Src/ibus.o
                0x000000000800149c                ibus_read
 .text.ibus_is_valid
                0x00000000080014dc       0x30 ./Core/Src/ibus.o
                0x00000000080014dc                ibus_is_valid
 .text.ibus_checksum
                0x000000000800150c       0x60 ./Core/Src/ibus.o
                0x000000000800150c                ibus_checksum
 .text.ibus_update
                0x000000000800156c       0x5c ./Core/Src/ibus.o
                0x000000000800156c                ibus_update
 .text.ibus_soft_failsafe
                0x00000000080015c8       0x78 ./Core/Src/ibus.o
                0x00000000080015c8                ibus_soft_failsafe
 .text.ibus_reset_failsafe
                0x0000000008001640       0x18 ./Core/Src/ibus.o
                0x0000000008001640                ibus_reset_failsafe
 .text.main     0x0000000008001658      0x4a8 ./Core/Src/main.o
                0x0000000008001658                main
 .text.SystemClock_Config
                0x0000000008001b00       0xc4 ./Core/Src/main.o
                0x0000000008001b00                SystemClock_Config
 .text.HAL_UART_RxCpltCallback
                0x0000000008001bc4       0x20 ./Core/Src/main.o
                0x0000000008001bc4                HAL_UART_RxCpltCallback
 .text.HAL_TIM_PeriodElapsedCallback
                0x0000000008001be4       0x40 ./Core/Src/main.o
                0x0000000008001be4                HAL_TIM_PeriodElapsedCallback
 .text.to_process_range
                0x0000000008001c24       0x74 ./Core/Src/main.o
                0x0000000008001c24                to_process_range
 .text.to_communication_range
                0x0000000008001c98       0x44 ./Core/Src/main.o
                0x0000000008001c98                to_communication_range
 .text.check_communication
                0x0000000008001cdc       0x40 ./Core/Src/main.o
                0x0000000008001cdc                check_communication
 .text.Error_Handler
                0x0000000008001d1c        0xe ./Core/Src/main.o
                0x0000000008001d1c                Error_Handler
 *fill*         0x0000000008001d2a        0x2 
 .text.HAL_MspInit
                0x0000000008001d2c       0x48 ./Core/Src/stm32f3xx_hal_msp.o
                0x0000000008001d2c                HAL_MspInit
 .text.NMI_Handler
                0x0000000008001d74        0x6 ./Core/Src/stm32f3xx_it.o
                0x0000000008001d74                NMI_Handler
 .text.HardFault_Handler
                0x0000000008001d7a        0x6 ./Core/Src/stm32f3xx_it.o
                0x0000000008001d7a                HardFault_Handler
 .text.MemManage_Handler
                0x0000000008001d80        0x6 ./Core/Src/stm32f3xx_it.o
                0x0000000008001d80                MemManage_Handler
 .text.BusFault_Handler
                0x0000000008001d86        0x6 ./Core/Src/stm32f3xx_it.o
                0x0000000008001d86                BusFault_Handler
 .text.UsageFault_Handler
                0x0000000008001d8c        0x6 ./Core/Src/stm32f3xx_it.o
                0x0000000008001d8c                UsageFault_Handler
 .text.SVC_Handler
                0x0000000008001d92        0xe ./Core/Src/stm32f3xx_it.o
                0x0000000008001d92                SVC_Handler
 .text.DebugMon_Handler
                0x0000000008001da0        0xe ./Core/Src/stm32f3xx_it.o
                0x0000000008001da0                DebugMon_Handler
 .text.PendSV_Handler
                0x0000000008001dae        0xe ./Core/Src/stm32f3xx_it.o
                0x0000000008001dae                PendSV_Handler
 .text.SysTick_Handler
                0x0000000008001dbc        0xc ./Core/Src/stm32f3xx_it.o
                0x0000000008001dbc                SysTick_Handler
 .text.DMA1_Channel6_IRQHandler
                0x0000000008001dc8       0x14 ./Core/Src/stm32f3xx_it.o
                0x0000000008001dc8                DMA1_Channel6_IRQHandler
 .text.ADC1_2_IRQHandler
                0x0000000008001ddc       0x1c ./Core/Src/stm32f3xx_it.o
                0x0000000008001ddc                ADC1_2_IRQHandler
 .text.USART2_IRQHandler
                0x0000000008001df8       0x14 ./Core/Src/stm32f3xx_it.o
                0x0000000008001df8                USART2_IRQHandler
 .text.TIM6_DAC1_IRQHandler
                0x0000000008001e0c       0x1c ./Core/Src/stm32f3xx_it.o
                0x0000000008001e0c                TIM6_DAC1_IRQHandler
 .text.TIM7_DAC2_IRQHandler
                0x0000000008001e28       0x14 ./Core/Src/stm32f3xx_it.o
                0x0000000008001e28                TIM7_DAC2_IRQHandler
 .text.SystemInit
                0x0000000008001e3c       0x24 ./Core/Src/system_stm32f3xx.o
                0x0000000008001e3c                SystemInit
 .text.MX_TIM1_Init
                0x0000000008001e60       0xb4 ./Core/Src/tim.o
                0x0000000008001e60                MX_TIM1_Init
 .text.MX_TIM2_Init
                0x0000000008001f14       0xa8 ./Core/Src/tim.o
                0x0000000008001f14                MX_TIM2_Init
 .text.MX_TIM3_Init
                0x0000000008001fbc       0xf8 ./Core/Src/tim.o
                0x0000000008001fbc                MX_TIM3_Init
 .text.MX_TIM6_Init
                0x00000000080020b4       0x70 ./Core/Src/tim.o
                0x00000000080020b4                MX_TIM6_Init
 .text.MX_TIM7_Init
                0x0000000008002124       0x70 ./Core/Src/tim.o
                0x0000000008002124                MX_TIM7_Init
 .text.HAL_TIM_Encoder_MspInit
                0x0000000008002194       0xe4 ./Core/Src/tim.o
                0x0000000008002194                HAL_TIM_Encoder_MspInit
 .text.HAL_TIM_PWM_MspInit
                0x0000000008002278       0x40 ./Core/Src/tim.o
                0x0000000008002278                HAL_TIM_PWM_MspInit
 .text.HAL_TIM_Base_MspInit
                0x00000000080022b8       0x84 ./Core/Src/tim.o
                0x00000000080022b8                HAL_TIM_Base_MspInit
 .text.HAL_TIM_MspPostInit
                0x000000000800233c       0xa8 ./Core/Src/tim.o
                0x000000000800233c                HAL_TIM_MspPostInit
 .text.MX_USART1_UART_Init
                0x00000000080023e4       0x60 ./Core/Src/usart.o
                0x00000000080023e4                MX_USART1_UART_Init
 .text.MX_USART2_UART_Init
                0x0000000008002444       0x60 ./Core/Src/usart.o
                0x0000000008002444                MX_USART2_UART_Init
 .text.HAL_UART_MspInit
                0x00000000080024a4      0x188 ./Core/Src/usart.o
                0x00000000080024a4                HAL_UART_MspInit
 .text.Reset_Handler
                0x000000000800262c       0x50 ./Core/Startup/startup_stm32f303k8tx.o
                0x000000000800262c                Reset_Handler
 .text.Default_Handler
                0x000000000800267c        0x2 ./Core/Startup/startup_stm32f303k8tx.o
                0x000000000800267c                RTC_Alarm_IRQHandler
                0x000000000800267c                TIM1_CC_IRQHandler
                0x000000000800267c                PVD_IRQHandler
                0x000000000800267c                TAMP_STAMP_IRQHandler
                0x000000000800267c                EXTI3_IRQHandler
                0x000000000800267c                EXTI0_IRQHandler
                0x000000000800267c                FPU_IRQHandler
                0x000000000800267c                CAN_TX_IRQHandler
                0x000000000800267c                TIM1_UP_TIM16_IRQHandler
                0x000000000800267c                SPI1_IRQHandler
                0x000000000800267c                CAN_SCE_IRQHandler
                0x000000000800267c                DMA1_Channel4_IRQHandler
                0x000000000800267c                USART3_IRQHandler
                0x000000000800267c                DMA1_Channel7_IRQHandler
                0x000000000800267c                CAN_RX1_IRQHandler
                0x000000000800267c                I2C1_EV_IRQHandler
                0x000000000800267c                TIM3_IRQHandler
                0x000000000800267c                RCC_IRQHandler
                0x000000000800267c                DMA1_Channel1_IRQHandler
                0x000000000800267c                Default_Handler
                0x000000000800267c                EXTI15_10_IRQHandler
                0x000000000800267c                COMP2_IRQHandler
                0x000000000800267c                EXTI9_5_IRQHandler
                0x000000000800267c                RTC_WKUP_IRQHandler
                0x000000000800267c                DMA1_Channel5_IRQHandler
                0x000000000800267c                EXTI4_IRQHandler
                0x000000000800267c                TIM1_TRG_COM_TIM17_IRQHandler
                0x000000000800267c                DMA1_Channel3_IRQHandler
                0x000000000800267c                WWDG_IRQHandler
                0x000000000800267c                TIM2_IRQHandler
                0x000000000800267c                EXTI1_IRQHandler
                0x000000000800267c                COMP4_6_IRQHandler
                0x000000000800267c                DMA1_Channel2_IRQHandler
                0x000000000800267c                FLASH_IRQHandler
                0x000000000800267c                USART1_IRQHandler
                0x000000000800267c                CAN_RX0_IRQHandler
                0x000000000800267c                I2C1_ER_IRQHandler
                0x000000000800267c                EXTI2_TSC_IRQHandler
                0x000000000800267c                TIM1_BRK_TIM15_IRQHandler
 *fill*         0x000000000800267e        0x2 
 .text.HAL_Init
                0x0000000008002680       0x2c ./Drivers/STM32F3xx_HAL_Driver/Src/stm32f3xx_hal.o
                0x0000000008002680                HAL_Init
 .text.HAL_InitTick
                0x00000000080026ac       0x60 ./Drivers/STM32F3xx_HAL_Driver/Src/stm32f3xx_hal.o
                0x00000000080026ac                HAL_InitTick
 .text.HAL_IncTick
                0x000000000800270c       0x28 ./Drivers/STM32F3xx_HAL_Driver/Src/stm32f3xx_hal.o
                0x000000000800270c                HAL_IncTick
 .text.HAL_GetTick
                0x0000000008002734       0x18 ./Drivers/STM32F3xx_HAL_Driver/Src/stm32f3xx_hal.o
                0x0000000008002734                HAL_GetTick
 .text.HAL_ADC_ConvCpltCallback
                0x000000000800274c       0x14 ./Drivers/STM32F3xx_HAL_Driver/Src/stm32f3xx_hal_adc.o
                0x000000000800274c                HAL_ADC_ConvCpltCallback
 .text.HAL_ADC_LevelOutOfWindowCallback
                0x0000000008002760       0x14 ./Drivers/STM32F3xx_HAL_Driver/Src/stm32f3xx_hal_adc.o
                0x0000000008002760                HAL_ADC_LevelOutOfWindowCallback
 .text.HAL_ADC_ErrorCallback
                0x0000000008002774       0x14 ./Drivers/STM32F3xx_HAL_Driver/Src/stm32f3xx_hal_adc.o
                0x0000000008002774                HAL_ADC_ErrorCallback
 .text.HAL_ADC_Init
                0x0000000008002788      0x324 ./Drivers/STM32F3xx_HAL_Driver/Src/stm32f3xx_hal_adc_ex.o
                0x0000000008002788                HAL_ADC_Init
 .text.HAL_ADC_IRQHandler
                0x0000000008002aac      0x440 ./Drivers/STM32F3xx_HAL_Driver/Src/stm32f3xx_hal_adc_ex.o
                0x0000000008002aac                HAL_ADC_IRQHandler
 .text.HAL_ADCEx_InjectedConvCpltCallback
                0x0000000008002eec       0x14 ./Drivers/STM32F3xx_HAL_Driver/Src/stm32f3xx_hal_adc_ex.o
                0x0000000008002eec                HAL_ADCEx_InjectedConvCpltCallback
 .text.HAL_ADCEx_InjectedQueueOverflowCallback
                0x0000000008002f00       0x14 ./Drivers/STM32F3xx_HAL_Driver/Src/stm32f3xx_hal_adc_ex.o
                0x0000000008002f00                HAL_ADCEx_InjectedQueueOverflowCallback
 .text.HAL_ADCEx_LevelOutOfWindow2Callback
                0x0000000008002f14       0x14 ./Drivers/STM32F3xx_HAL_Driver/Src/stm32f3xx_hal_adc_ex.o
                0x0000000008002f14                HAL_ADCEx_LevelOutOfWindow2Callback
 .text.HAL_ADCEx_LevelOutOfWindow3Callback
                0x0000000008002f28       0x14 ./Drivers/STM32F3xx_HAL_Driver/Src/stm32f3xx_hal_adc_ex.o
                0x0000000008002f28                HAL_ADCEx_LevelOutOfWindow3Callback
 .text.HAL_ADC_ConfigChannel
                0x0000000008002f3c      0x584 ./Drivers/STM32F3xx_HAL_Driver/Src/stm32f3xx_hal_adc_ex.o
                0x0000000008002f3c                HAL_ADC_ConfigChannel
 .text.HAL_ADCEx_MultiModeConfigChannel
                0x00000000080034c0      0x18c ./Drivers/STM32F3xx_HAL_Driver/Src/stm32f3xx_hal_adc_ex.o
                0x00000000080034c0                HAL_ADCEx_MultiModeConfigChannel
 .text.ADC_Disable
                0x000000000800364c       0xcc ./Drivers/STM32F3xx_HAL_Driver/Src/stm32f3xx_hal_adc_ex.o
 .text.__NVIC_SetPriorityGrouping
                0x0000000008003718       0x48 ./Drivers/STM32F3xx_HAL_Driver/Src/stm32f3xx_hal_cortex.o
 .text.__NVIC_GetPriorityGrouping
                0x0000000008003760       0x1c ./Drivers/STM32F3xx_HAL_Driver/Src/stm32f3xx_hal_cortex.o
 .text.__NVIC_EnableIRQ
                0x000000000800377c       0x3c ./Drivers/STM32F3xx_HAL_Driver/Src/stm32f3xx_hal_cortex.o
 .text.__NVIC_SetPriority
                0x00000000080037b8       0x54 ./Drivers/STM32F3xx_HAL_Driver/Src/stm32f3xx_hal_cortex.o
 .text.NVIC_EncodePriority
                0x000000000800380c       0x66 ./Drivers/STM32F3xx_HAL_Driver/Src/stm32f3xx_hal_cortex.o
 *fill*         0x0000000008003872        0x2 
 .text.SysTick_Config
                0x0000000008003874       0x44 ./Drivers/STM32F3xx_HAL_Driver/Src/stm32f3xx_hal_cortex.o
 .text.HAL_NVIC_SetPriorityGrouping
                0x00000000080038b8       0x16 ./Drivers/STM32F3xx_HAL_Driver/Src/stm32f3xx_hal_cortex.o
                0x00000000080038b8                HAL_NVIC_SetPriorityGrouping
 .text.HAL_NVIC_SetPriority
                0x00000000080038ce       0x38 ./Drivers/STM32F3xx_HAL_Driver/Src/stm32f3xx_hal_cortex.o
                0x00000000080038ce                HAL_NVIC_SetPriority
 .text.HAL_NVIC_EnableIRQ
                0x0000000008003906       0x1c ./Drivers/STM32F3xx_HAL_Driver/Src/stm32f3xx_hal_cortex.o
                0x0000000008003906                HAL_NVIC_EnableIRQ
 .text.HAL_SYSTICK_Config
                0x0000000008003922       0x18 ./Drivers/STM32F3xx_HAL_Driver/Src/stm32f3xx_hal_cortex.o
                0x0000000008003922                HAL_SYSTICK_Config
 .text.HAL_DAC_Init
                0x000000000800393a       0x44 ./Drivers/STM32F3xx_HAL_Driver/Src/stm32f3xx_hal_dac.o
                0x000000000800393a                HAL_DAC_Init
 .text.HAL_DAC_DMAUnderrunCallbackCh1
                0x000000000800397e       0x14 ./Drivers/STM32F3xx_HAL_Driver/Src/stm32f3xx_hal_dac.o
                0x000000000800397e                HAL_DAC_DMAUnderrunCallbackCh1
 .text.HAL_DAC_IRQHandler
                0x0000000008003992       0xb4 ./Drivers/STM32F3xx_HAL_Driver/Src/stm32f3xx_hal_dac_ex.o
                0x0000000008003992                HAL_DAC_IRQHandler
 *fill*         0x0000000008003a46        0x2 
 .text.HAL_DAC_ConfigChannel
                0x0000000008003a48       0xd0 ./Drivers/STM32F3xx_HAL_Driver/Src/stm32f3xx_hal_dac_ex.o
                0x0000000008003a48                HAL_DAC_ConfigChannel
 .text.HAL_DACEx_DMAUnderrunCallbackCh2
                0x0000000008003b18       0x14 ./Drivers/STM32F3xx_HAL_Driver/Src/stm32f3xx_hal_dac_ex.o
                0x0000000008003b18                HAL_DACEx_DMAUnderrunCallbackCh2
 .text.HAL_DMA_Init
                0x0000000008003b2c       0x8e ./Drivers/STM32F3xx_HAL_Driver/Src/stm32f3xx_hal_dma.o
                0x0000000008003b2c                HAL_DMA_Init
 .text.HAL_DMA_Start_IT
                0x0000000008003bba       0xbe ./Drivers/STM32F3xx_HAL_Driver/Src/stm32f3xx_hal_dma.o
                0x0000000008003bba                HAL_DMA_Start_IT
 .text.HAL_DMA_Abort
                0x0000000008003c78       0x72 ./Drivers/STM32F3xx_HAL_Driver/Src/stm32f3xx_hal_dma.o
                0x0000000008003c78                HAL_DMA_Abort
 .text.HAL_DMA_Abort_IT
                0x0000000008003cea       0x7c ./Drivers/STM32F3xx_HAL_Driver/Src/stm32f3xx_hal_dma.o
                0x0000000008003cea                HAL_DMA_Abort_IT
 .text.HAL_DMA_IRQHandler
                0x0000000008003d66      0x146 ./Drivers/STM32F3xx_HAL_Driver/Src/stm32f3xx_hal_dma.o
                0x0000000008003d66                HAL_DMA_IRQHandler
 .text.DMA_SetConfig
                0x0000000008003eac       0x5c ./Drivers/STM32F3xx_HAL_Driver/Src/stm32f3xx_hal_dma.o
 .text.DMA_CalcBaseAndBitshift
                0x0000000008003f08       0x40 ./Drivers/STM32F3xx_HAL_Driver/Src/stm32f3xx_hal_dma.o
 .text.HAL_GPIO_Init
                0x0000000008003f48      0x2e4 ./Drivers/STM32F3xx_HAL_Driver/Src/stm32f3xx_hal_gpio.o
                0x0000000008003f48                HAL_GPIO_Init
 .text.HAL_GPIO_WritePin
                0x000000000800422c       0x30 ./Drivers/STM32F3xx_HAL_Driver/Src/stm32f3xx_hal_gpio.o
                0x000000000800422c                HAL_GPIO_WritePin
 .text.HAL_RCC_OscConfig
                0x000000000800425c      0xe10 ./Drivers/STM32F3xx_HAL_Driver/Src/stm32f3xx_hal_rcc.o
                0x000000000800425c                HAL_RCC_OscConfig
 .text.HAL_RCC_ClockConfig
                0x000000000800506c      0x2f8 ./Drivers/STM32F3xx_HAL_Driver/Src/stm32f3xx_hal_rcc.o
                0x000000000800506c                HAL_RCC_ClockConfig
 .text.HAL_RCC_GetSysClockFreq
                0x0000000008005364       0xd8 ./Drivers/STM32F3xx_HAL_Driver/Src/stm32f3xx_hal_rcc.o
                0x0000000008005364                HAL_RCC_GetSysClockFreq
 .text.HAL_RCC_GetHCLKFreq
                0x000000000800543c       0x18 ./Drivers/STM32F3xx_HAL_Driver/Src/stm32f3xx_hal_rcc.o
                0x000000000800543c                HAL_RCC_GetHCLKFreq
 .text.HAL_RCC_GetPCLK1Freq
                0x0000000008005454       0x44 ./Drivers/STM32F3xx_HAL_Driver/Src/stm32f3xx_hal_rcc.o
                0x0000000008005454                HAL_RCC_GetPCLK1Freq
 .text.HAL_RCC_GetPCLK2Freq
                0x0000000008005498       0x44 ./Drivers/STM32F3xx_HAL_Driver/Src/stm32f3xx_hal_rcc.o
                0x0000000008005498                HAL_RCC_GetPCLK2Freq
 .text.HAL_RCCEx_PeriphCLKConfig
                0x00000000080054dc      0x24c ./Drivers/STM32F3xx_HAL_Driver/Src/stm32f3xx_hal_rcc_ex.o
                0x00000000080054dc                HAL_RCCEx_PeriphCLKConfig
 .text.HAL_TIM_Base_Init
                0x0000000008005728       0xae ./Drivers/STM32F3xx_HAL_Driver/Src/stm32f3xx_hal_tim.o
                0x0000000008005728                HAL_TIM_Base_Init
 *fill*         0x00000000080057d6        0x2 
 .text.HAL_TIM_Base_Start_IT
                0x00000000080057d8       0xb8 ./Drivers/STM32F3xx_HAL_Driver/Src/stm32f3xx_hal_tim.o
                0x00000000080057d8                HAL_TIM_Base_Start_IT
 .text.HAL_TIM_PWM_Init
                0x0000000008005890       0xae ./Drivers/STM32F3xx_HAL_Driver/Src/stm32f3xx_hal_tim.o
                0x0000000008005890                HAL_TIM_PWM_Init
 .text.HAL_TIM_Encoder_Init
                0x000000000800593e      0x14c ./Drivers/STM32F3xx_HAL_Driver/Src/stm32f3xx_hal_tim.o
                0x000000000800593e                HAL_TIM_Encoder_Init
 .text.HAL_TIM_IRQHandler
                0x0000000008005a8a      0x23e ./Drivers/STM32F3xx_HAL_Driver/Src/stm32f3xx_hal_tim.o
                0x0000000008005a8a                HAL_TIM_IRQHandler
 .text.HAL_TIM_PWM_ConfigChannel
                0x0000000008005cc8      0x228 ./Drivers/STM32F3xx_HAL_Driver/Src/stm32f3xx_hal_tim.o
                0x0000000008005cc8                HAL_TIM_PWM_ConfigChannel
 .text.HAL_TIM_OC_DelayElapsedCallback
                0x0000000008005ef0       0x14 ./Drivers/STM32F3xx_HAL_Driver/Src/stm32f3xx_hal_tim.o
                0x0000000008005ef0                HAL_TIM_OC_DelayElapsedCallback
 .text.HAL_TIM_IC_CaptureCallback
                0x0000000008005f04       0x14 ./Drivers/STM32F3xx_HAL_Driver/Src/stm32f3xx_hal_tim.o
                0x0000000008005f04                HAL_TIM_IC_CaptureCallback
 .text.HAL_TIM_PWM_PulseFinishedCallback
                0x0000000008005f18       0x14 ./Drivers/STM32F3xx_HAL_Driver/Src/stm32f3xx_hal_tim.o
                0x0000000008005f18                HAL_TIM_PWM_PulseFinishedCallback
 .text.HAL_TIM_TriggerCallback
                0x0000000008005f2c       0x14 ./Drivers/STM32F3xx_HAL_Driver/Src/stm32f3xx_hal_tim.o
                0x0000000008005f2c                HAL_TIM_TriggerCallback
 .text.TIM_Base_SetConfig
                0x0000000008005f40       0xf0 ./Drivers/STM32F3xx_HAL_Driver/Src/stm32f3xx_hal_tim.o
                0x0000000008005f40                TIM_Base_SetConfig
 .text.TIM_OC1_SetConfig
                0x0000000008006030      0x10c ./Drivers/STM32F3xx_HAL_Driver/Src/stm32f3xx_hal_tim.o
 .text.TIM_OC2_SetConfig
                0x000000000800613c      0x100 ./Drivers/STM32F3xx_HAL_Driver/Src/stm32f3xx_hal_tim.o
                0x000000000800613c                TIM_OC2_SetConfig
 .text.TIM_OC3_SetConfig
                0x000000000800623c       0xfc ./Drivers/STM32F3xx_HAL_Driver/Src/stm32f3xx_hal_tim.o
 .text.TIM_OC4_SetConfig
                0x0000000008006338       0xc8 ./Drivers/STM32F3xx_HAL_Driver/Src/stm32f3xx_hal_tim.o
 .text.TIM_OC5_SetConfig
                0x0000000008006400       0xbc ./Drivers/STM32F3xx_HAL_Driver/Src/stm32f3xx_hal_tim.o
 .text.TIM_OC6_SetConfig
                0x00000000080064bc       0xc0 ./Drivers/STM32F3xx_HAL_Driver/Src/stm32f3xx_hal_tim.o
 .text.HAL_TIMEx_MasterConfigSynchronization
                0x000000000800657c       0xdc ./Drivers/STM32F3xx_HAL_Driver/Src/stm32f3xx_hal_tim_ex.o
                0x000000000800657c                HAL_TIMEx_MasterConfigSynchronization
 .text.HAL_TIMEx_CommutCallback
                0x0000000008006658       0x14 ./Drivers/STM32F3xx_HAL_Driver/Src/stm32f3xx_hal_tim_ex.o
                0x0000000008006658                HAL_TIMEx_CommutCallback
 .text.HAL_TIMEx_BreakCallback
                0x000000000800666c       0x14 ./Drivers/STM32F3xx_HAL_Driver/Src/stm32f3xx_hal_tim_ex.o
                0x000000000800666c                HAL_TIMEx_BreakCallback
 .text.HAL_TIMEx_Break2Callback
                0x0000000008006680       0x14 ./Drivers/STM32F3xx_HAL_Driver/Src/stm32f3xx_hal_tim_ex.o
                0x0000000008006680                HAL_TIMEx_Break2Callback
 .text.HAL_UART_Init
                0x0000000008006694       0x9c ./Drivers/STM32F3xx_HAL_Driver/Src/stm32f3xx_hal_uart.o
                0x0000000008006694                HAL_UART_Init
 .text.HAL_UART_Receive_DMA
                0x0000000008006730       0x9c ./Drivers/STM32F3xx_HAL_Driver/Src/stm32f3xx_hal_uart.o
                0x0000000008006730                HAL_UART_Receive_DMA
 .text.HAL_UART_IRQHandler
                0x00000000080067cc      0x5bc ./Drivers/STM32F3xx_HAL_Driver/Src/stm32f3xx_hal_uart.o
                0x00000000080067cc                HAL_UART_IRQHandler
 .text.HAL_UART_TxCpltCallback
                0x0000000008006d88       0x14 ./Drivers/STM32F3xx_HAL_Driver/Src/stm32f3xx_hal_uart.o
                0x0000000008006d88                HAL_UART_TxCpltCallback
 .text.HAL_UART_RxHalfCpltCallback
                0x0000000008006d9c       0x14 ./Drivers/STM32F3xx_HAL_Driver/Src/stm32f3xx_hal_uart.o
                0x0000000008006d9c                HAL_UART_RxHalfCpltCallback
 .text.HAL_UART_ErrorCallback
                0x0000000008006db0       0x14 ./Drivers/STM32F3xx_HAL_Driver/Src/stm32f3xx_hal_uart.o
                0x0000000008006db0                HAL_UART_ErrorCallback
 .text.HAL_UARTEx_RxEventCallback
                0x0000000008006dc4       0x18 ./Drivers/STM32F3xx_HAL_Driver/Src/stm32f3xx_hal_uart.o
                0x0000000008006dc4                HAL_UARTEx_RxEventCallback
 .text.UART_SetConfig
                0x0000000008006ddc      0x26c ./Drivers/STM32F3xx_HAL_Driver/Src/stm32f3xx_hal_uart.o
                0x0000000008006ddc                UART_SetConfig
 .text.UART_AdvFeatureConfig
                0x0000000008007048      0x144 ./Drivers/STM32F3xx_HAL_Driver/Src/stm32f3xx_hal_uart.o
                0x0000000008007048                UART_AdvFeatureConfig
 .text.UART_CheckIdleState
                0x000000000800718c       0x92 ./Drivers/STM32F3xx_HAL_Driver/Src/stm32f3xx_hal_uart.o
                0x000000000800718c                UART_CheckIdleState
 .text.UART_WaitOnFlagUntilTimeout
                0x000000000800721e      0x188 ./Drivers/STM32F3xx_HAL_Driver/Src/stm32f3xx_hal_uart.o
                0x000000000800721e                UART_WaitOnFlagUntilTimeout
 *fill*         0x00000000080073a6        0x2 
 .text.UART_Start_Receive_DMA
                0x00000000080073a8      0x144 ./Drivers/STM32F3xx_HAL_Driver/Src/stm32f3xx_hal_uart.o
                0x00000000080073a8                UART_Start_Receive_DMA
 .text.UART_EndTxTransfer
                0x00000000080074ec       0x4c ./Drivers/STM32F3xx_HAL_Driver/Src/stm32f3xx_hal_uart.o
 .text.UART_EndRxTransfer
                0x0000000008007538       0xc6 ./Drivers/STM32F3xx_HAL_Driver/Src/stm32f3xx_hal_uart.o
 .text.UART_DMAReceiveCplt
                0x00000000080075fe      0x11e ./Drivers/STM32F3xx_HAL_Driver/Src/stm32f3xx_hal_uart.o
 .text.UART_DMARxHalfCplt
                0x000000000800771c       0x38 ./Drivers/STM32F3xx_HAL_Driver/Src/stm32f3xx_hal_uart.o
 .text.UART_DMAError
                0x0000000008007754       0x7c ./Drivers/STM32F3xx_HAL_Driver/Src/stm32f3xx_hal_uart.o
 .text.UART_DMAAbortOnError
                0x00000000080077d0       0x2c ./Drivers/STM32F3xx_HAL_Driver/Src/stm32f3xx_hal_uart.o
 .text.UART_EndTransmit_IT
                0x00000000080077fc       0x54 ./Drivers/STM32F3xx_HAL_Driver/Src/stm32f3xx_hal_uart.o
 .text.HAL_UARTEx_WakeupCallback
                0x0000000008007850       0x14 ./Drivers/STM32F3xx_HAL_Driver/Src/stm32f3xx_hal_uart_ex.o
                0x0000000008007850                HAL_UARTEx_WakeupCallback
 .text.__libc_init_array
                0x0000000008007864       0x48 c:/st/stm32cubeide_1.8.0/stm32cubeide/plugins/com.st.stm32cube.ide.mcu.externaltools.gnu-tools-for-stm32.9-2020-q2-update.win32_2.0.0.202105311346/tools/bin/../lib/gcc/arm-none-eabi/9.3.1/../../../../arm-none-eabi/lib/thumb/v7e-m+fp/hard\libc_nano.a(lib_a-init.o)
                0x0000000008007864                __libc_init_array
 .text.memset   0x00000000080078ac       0x10 c:/st/stm32cubeide_1.8.0/stm32cubeide/plugins/com.st.stm32cube.ide.mcu.externaltools.gnu-tools-for-stm32.9-2020-q2-update.win32_2.0.0.202105311346/tools/bin/../lib/gcc/arm-none-eabi/9.3.1/../../../../arm-none-eabi/lib/thumb/v7e-m+fp/hard\libc_nano.a(lib_a-memset.o)
                0x00000000080078ac                memset
 *(.glue_7)
 .glue_7        0x00000000080078bc        0x0 linker stubs
 *(.glue_7t)
 .glue_7t       0x00000000080078bc        0x0 linker stubs
 *(.eh_frame)
 .eh_frame      0x00000000080078bc        0x0 c:/st/stm32cubeide_1.8.0/stm32cubeide/plugins/com.st.stm32cube.ide.mcu.externaltools.gnu-tools-for-stm32.9-2020-q2-update.win32_2.0.0.202105311346/tools/bin/../lib/gcc/arm-none-eabi/9.3.1/thumb/v7e-m+fp/hard/crtbegin.o
 *(.init)
 .init          0x00000000080078bc        0x4 c:/st/stm32cubeide_1.8.0/stm32cubeide/plugins/com.st.stm32cube.ide.mcu.externaltools.gnu-tools-for-stm32.9-2020-q2-update.win32_2.0.0.202105311346/tools/bin/../lib/gcc/arm-none-eabi/9.3.1/thumb/v7e-m+fp/hard/crti.o
                0x00000000080078bc                _init
 .init          0x00000000080078c0        0x8 c:/st/stm32cubeide_1.8.0/stm32cubeide/plugins/com.st.stm32cube.ide.mcu.externaltools.gnu-tools-for-stm32.9-2020-q2-update.win32_2.0.0.202105311346/tools/bin/../lib/gcc/arm-none-eabi/9.3.1/thumb/v7e-m+fp/hard/crtn.o
 *(.fini)
 .fini          0x00000000080078c8        0x4 c:/st/stm32cubeide_1.8.0/stm32cubeide/plugins/com.st.stm32cube.ide.mcu.externaltools.gnu-tools-for-stm32.9-2020-q2-update.win32_2.0.0.202105311346/tools/bin/../lib/gcc/arm-none-eabi/9.3.1/thumb/v7e-m+fp/hard/crti.o
                0x00000000080078c8                _fini
 .fini          0x00000000080078cc        0x8 c:/st/stm32cubeide_1.8.0/stm32cubeide/plugins/com.st.stm32cube.ide.mcu.externaltools.gnu-tools-for-stm32.9-2020-q2-update.win32_2.0.0.202105311346/tools/bin/../lib/gcc/arm-none-eabi/9.3.1/thumb/v7e-m+fp/hard/crtn.o
                0x00000000080078d4                . = ALIGN (0x4)
                0x00000000080078d4                _etext = .

.vfp11_veneer   0x00000000080078d4        0x0
 .vfp11_veneer  0x00000000080078d4        0x0 linker stubs

.v4_bx          0x00000000080078d4        0x0
 .v4_bx         0x00000000080078d4        0x0 linker stubs

.iplt           0x00000000080078d4        0x0
 .iplt          0x00000000080078d4        0x0 c:/st/stm32cubeide_1.8.0/stm32cubeide/plugins/com.st.stm32cube.ide.mcu.externaltools.gnu-tools-for-stm32.9-2020-q2-update.win32_2.0.0.202105311346/tools/bin/../lib/gcc/arm-none-eabi/9.3.1/thumb/v7e-m+fp/hard/crtbegin.o

.rodata         0x00000000080078d4       0x38
                0x00000000080078d4                . = ALIGN (0x4)
 *(.rodata)
 *(.rodata*)
 .rodata.AHBPrescTable
                0x00000000080078d4       0x10 ./Core/Src/system_stm32f3xx.o
                0x00000000080078d4                AHBPrescTable
 .rodata.APBPrescTable
                0x00000000080078e4        0x8 ./Core/Src/system_stm32f3xx.o
                0x00000000080078e4                APBPrescTable
 .rodata.aPLLMULFactorTable
                0x00000000080078ec       0x10 ./Drivers/STM32F3xx_HAL_Driver/Src/stm32f3xx_hal_rcc.o
                0x00000000080078ec                aPLLMULFactorTable
 .rodata.aPredivFactorTable
                0x00000000080078fc       0x10 ./Drivers/STM32F3xx_HAL_Driver/Src/stm32f3xx_hal_rcc.o
                0x00000000080078fc                aPredivFactorTable
                0x000000000800790c                . = ALIGN (0x4)

.rel.dyn        0x000000000800790c        0x0
 .rel.iplt      0x000000000800790c        0x0 c:/st/stm32cubeide_1.8.0/stm32cubeide/plugins/com.st.stm32cube.ide.mcu.externaltools.gnu-tools-for-stm32.9-2020-q2-update.win32_2.0.0.202105311346/tools/bin/../lib/gcc/arm-none-eabi/9.3.1/thumb/v7e-m+fp/hard/crtbegin.o

.ARM.extab      0x000000000800790c        0x0
                0x000000000800790c                . = ALIGN (0x4)
 *(.ARM.extab* .gnu.linkonce.armextab.*)
                0x000000000800790c                . = ALIGN (0x4)

.ARM            0x000000000800790c        0x0
                0x000000000800790c                . = ALIGN (0x4)
                0x000000000800790c                __exidx_start = .
 *(.ARM.exidx*)
                0x000000000800790c                __exidx_end = .
                0x000000000800790c                . = ALIGN (0x4)

.preinit_array  0x000000000800790c        0x0
                0x000000000800790c                . = ALIGN (0x4)
                0x000000000800790c                PROVIDE (__preinit_array_start = .)
 *(.preinit_array*)
                0x000000000800790c                PROVIDE (__preinit_array_end = .)
                0x000000000800790c                . = ALIGN (0x4)

.init_array     0x000000000800790c        0x4
                0x000000000800790c                . = ALIGN (0x4)
                0x000000000800790c                PROVIDE (__init_array_start = .)
 *(SORT_BY_NAME(.init_array.*))
 *(.init_array*)
 .init_array    0x000000000800790c        0x4 c:/st/stm32cubeide_1.8.0/stm32cubeide/plugins/com.st.stm32cube.ide.mcu.externaltools.gnu-tools-for-stm32.9-2020-q2-update.win32_2.0.0.202105311346/tools/bin/../lib/gcc/arm-none-eabi/9.3.1/thumb/v7e-m+fp/hard/crtbegin.o
                0x0000000008007910                PROVIDE (__init_array_end = .)
                0x0000000008007910                . = ALIGN (0x4)

.fini_array     0x0000000008007910        0x4
                0x0000000008007910                . = ALIGN (0x4)
                [!provide]                        PROVIDE (__fini_array_start = .)
 *(SORT_BY_NAME(.fini_array.*))
 *(.fini_array*)
 .fini_array    0x0000000008007910        0x4 c:/st/stm32cubeide_1.8.0/stm32cubeide/plugins/com.st.stm32cube.ide.mcu.externaltools.gnu-tools-for-stm32.9-2020-q2-update.win32_2.0.0.202105311346/tools/bin/../lib/gcc/arm-none-eabi/9.3.1/thumb/v7e-m+fp/hard/crtbegin.o
                [!provide]                        PROVIDE (__fini_array_end = .)
                0x0000000008007914                . = ALIGN (0x4)
                0x0000000008007914                _sidata = LOADADDR (.data)

.data           0x0000000020000000       0x10 load address 0x0000000008007914
                0x0000000020000000                . = ALIGN (0x4)
                0x0000000020000000                _sdata = .
 *(.data)
 *(.data*)
 .data.ms       0x0000000020000000        0x2 ./Core/Src/main.o
                0x0000000020000000                ms
 *fill*         0x0000000020000002        0x2 
 .data.SystemCoreClock
                0x0000000020000004        0x4 ./Core/Src/system_stm32f3xx.o
                0x0000000020000004                SystemCoreClock
 .data.uwTickPrio
                0x0000000020000008        0x4 ./Drivers/STM32F3xx_HAL_Driver/Src/stm32f3xx_hal.o
                0x0000000020000008                uwTickPrio
 .data.uwTickFreq
                0x000000002000000c        0x1 ./Drivers/STM32F3xx_HAL_Driver/Src/stm32f3xx_hal.o
                0x000000002000000c                uwTickFreq
 *(.RamFunc)
 *(.RamFunc*)
                0x0000000020000010                . = ALIGN (0x4)
 *fill*         0x000000002000000d        0x3 
                0x0000000020000010                _edata = .
                0x0000000008007924                _siccmram = LOADADDR (.ccmram)

.igot.plt       0x0000000020000010        0x0 load address 0x0000000008007924
 .igot.plt      0x0000000020000010        0x0 c:/st/stm32cubeide_1.8.0/stm32cubeide/plugins/com.st.stm32cube.ide.mcu.externaltools.gnu-tools-for-stm32.9-2020-q2-update.win32_2.0.0.202105311346/tools/bin/../lib/gcc/arm-none-eabi/9.3.1/thumb/v7e-m+fp/hard/crtbegin.o

.ccmram         0x0000000010000000        0x0 load address 0x0000000008007924
                0x0000000010000000                . = ALIGN (0x4)
                0x0000000010000000                _sccmram = .
 *(.ccmram)
 *(.ccmram*)
                0x0000000010000000                . = ALIGN (0x4)
                0x0000000010000000                _eccmram = .
                0x0000000010000000                . = ALIGN (0x4)

.bss            0x0000000020000010      0x608
                0x0000000020000010                _sbss = .
                0x0000000020000010                __bss_start__ = _sbss
 *(.bss)
 .bss           0x0000000020000010       0x1c c:/st/stm32cubeide_1.8.0/stm32cubeide/plugins/com.st.stm32cube.ide.mcu.externaltools.gnu-tools-for-stm32.9-2020-q2-update.win32_2.0.0.202105311346/tools/bin/../lib/gcc/arm-none-eabi/9.3.1/thumb/v7e-m+fp/hard/crtbegin.o
 *(.bss*)
 .bss.HAL_RCC_ADC12_CLK_ENABLED
                0x000000002000002c        0x4 ./Core/Src/adc.o
 .bss.uart_rx_buffer
                0x0000000020000030       0x20 ./Core/Src/ibus.o
 .bss.fail_safe_flag
                0x0000000020000050        0x1 ./Core/Src/ibus.o
 .bss.PID_flaga
                0x0000000020000051        0x1 ./Core/Src/main.o
                0x0000000020000051                PID_flaga
 .bss.COMM_flaga
                0x0000000020000052        0x1 ./Core/Src/main.o
                0x0000000020000052                COMM_flaga
 *fill*         0x0000000020000053        0x1 
 .bss.sterowanie_tyl_lewy
                0x0000000020000054        0x2 ./Core/Src/main.o
                0x0000000020000054                sterowanie_tyl_lewy
 .bss.sterowanie_tyl_prawy
                0x0000000020000056        0x2 ./Core/Src/main.o
                0x0000000020000056                sterowanie_tyl_prawy
 .bss.pomiar_tyl_lewy
                0x0000000020000058        0x2 ./Core/Src/main.o
                0x0000000020000058                pomiar_tyl_lewy
 .bss.pomiar_tyl_prawy
                0x000000002000005a        0x2 ./Core/Src/main.o
                0x000000002000005a                pomiar_tyl_prawy
 .bss.setpoint_tyl_lewy
                0x000000002000005c        0x2 ./Core/Src/main.o
                0x000000002000005c                setpoint_tyl_lewy
 .bss.setpoint_tyl_prawy
                0x000000002000005e        0x2 ./Core/Src/main.o
                0x000000002000005e                setpoint_tyl_prawy
 *(COMMON)
 COMMON         0x0000000020000060       0xa0 ./Core/Src/adc.o
                0x0000000020000060                hadc2
                0x00000000200000b0                hadc1
 COMMON         0x0000000020000100       0x14 ./Core/Src/dac.o
                0x0000000020000100                hdac1
 COMMON         0x0000000020000114      0x238 ./Core/Src/main.o
                0x0000000020000114                Rozmiar
                0x0000000020000116                I4_V_MAX
                0x0000000020000118                Wiadomosc
                0x00000000200001e0                OFF_ON
                0x00000000200001e1                MA
                0x00000000200001e2                I1_V
                0x00000000200001e4                mot_tyl_prawy
                0x000000002000024c                ibus_data
                0x0000000020000258                Pid_tyl_prawy
                0x0000000020000298                I6_ONOFF
                0x000000002000029c                Pid_tyl_lewy
                0x00000000200002dc                I2_OMEGA
                0x00000000200002de                odebranie
                0x00000000200002e0                mot_tyl_lewy
                0x0000000020000348                I3_PLCHLDR
                0x000000002000034a                I5_MA
 COMMON         0x000000002000034c      0x17c ./Core/Src/tim.o
                0x000000002000034c                htim3
                0x0000000020000398                htim6
                0x00000000200003e4                htim1
                0x0000000020000430                htim2
                0x000000002000047c                htim7
 COMMON         0x00000000200004c8      0x14c ./Core/Src/usart.o
                0x00000000200004c8                hdma_usart2_rx
                0x000000002000050c                huart1
                0x0000000020000590                huart2
 COMMON         0x0000000020000614        0x4 ./Drivers/STM32F3xx_HAL_Driver/Src/stm32f3xx_hal.o
                0x0000000020000614                uwTick
                0x0000000020000618                . = ALIGN (0x4)
                0x0000000020000618                _ebss = .
                0x0000000020000618                __bss_end__ = _ebss

._user_heap_stack
                0x0000000020000618      0x600
                0x0000000020000618                . = ALIGN (0x8)
                [!provide]                        PROVIDE (end = .)
                0x0000000020000618                PROVIDE (_end = .)
                0x0000000020000818                . = (. + _Min_Heap_Size)
 *fill*         0x0000000020000618      0x200 
                0x0000000020000c18                . = (. + _Min_Stack_Size)
 *fill*         0x0000000020000818      0x400 
                0x0000000020000c18                . = ALIGN (0x8)

/DISCARD/
 libc.a(*)
 libm.a(*)
 libgcc.a(*)

.ARM.attributes
                0x0000000000000000       0x30
 *(.ARM.attributes)
 .ARM.attributes
                0x0000000000000000       0x1e c:/st/stm32cubeide_1.8.0/stm32cubeide/plugins/com.st.stm32cube.ide.mcu.externaltools.gnu-tools-for-stm32.9-2020-q2-update.win32_2.0.0.202105311346/tools/bin/../lib/gcc/arm-none-eabi/9.3.1/thumb/v7e-m+fp/hard/crti.o
 .ARM.attributes
                0x000000000000001e       0x34 c:/st/stm32cubeide_1.8.0/stm32cubeide/plugins/com.st.stm32cube.ide.mcu.externaltools.gnu-tools-for-stm32.9-2020-q2-update.win32_2.0.0.202105311346/tools/bin/../lib/gcc/arm-none-eabi/9.3.1/thumb/v7e-m+fp/hard/crtbegin.o
 .ARM.attributes
                0x0000000000000052       0x34 ./Core/Src/MOT.o
 .ARM.attributes
                0x0000000000000086       0x34 ./Core/Src/PID.o
 .ARM.attributes
                0x00000000000000ba       0x34 ./Core/Src/adc.o
 .ARM.attributes
                0x00000000000000ee       0x34 ./Core/Src/dac.o
 .ARM.attributes
                0x0000000000000122       0x34 ./Core/Src/dma.o
 .ARM.attributes
                0x0000000000000156       0x34 ./Core/Src/gpio.o
 .ARM.attributes
                0x000000000000018a       0x34 ./Core/Src/ibus.o
 .ARM.attributes
                0x00000000000001be       0x34 ./Core/Src/main.o
 .ARM.attributes
                0x00000000000001f2       0x34 ./Core/Src/stm32f3xx_hal_msp.o
 .ARM.attributes
                0x0000000000000226       0x34 ./Core/Src/stm32f3xx_it.o
 .ARM.attributes
                0x000000000000025a       0x34 ./Core/Src/system_stm32f3xx.o
 .ARM.attributes
                0x000000000000028e       0x34 ./Core/Src/tim.o
 .ARM.attributes
                0x00000000000002c2       0x34 ./Core/Src/usart.o
 .ARM.attributes
                0x00000000000002f6       0x21 ./Core/Startup/startup_stm32f303k8tx.o
 .ARM.attributes
                0x0000000000000317       0x34 ./Drivers/STM32F3xx_HAL_Driver/Src/stm32f3xx_hal.o
 .ARM.attributes
                0x000000000000034b       0x34 ./Drivers/STM32F3xx_HAL_Driver/Src/stm32f3xx_hal_adc.o
 .ARM.attributes
                0x000000000000037f       0x34 ./Drivers/STM32F3xx_HAL_Driver/Src/stm32f3xx_hal_adc_ex.o
 .ARM.attributes
                0x00000000000003b3       0x34 ./Drivers/STM32F3xx_HAL_Driver/Src/stm32f3xx_hal_cortex.o
 .ARM.attributes
                0x00000000000003e7       0x34 ./Drivers/STM32F3xx_HAL_Driver/Src/stm32f3xx_hal_dac.o
 .ARM.attributes
                0x000000000000041b       0x34 ./Drivers/STM32F3xx_HAL_Driver/Src/stm32f3xx_hal_dac_ex.o
 .ARM.attributes
                0x000000000000044f       0x34 ./Drivers/STM32F3xx_HAL_Driver/Src/stm32f3xx_hal_dma.o
 .ARM.attributes
                0x0000000000000483       0x34 ./Drivers/STM32F3xx_HAL_Driver/Src/stm32f3xx_hal_gpio.o
 .ARM.attributes
                0x00000000000004b7       0x34 ./Drivers/STM32F3xx_HAL_Driver/Src/stm32f3xx_hal_rcc.o
 .ARM.attributes
                0x00000000000004eb       0x34 ./Drivers/STM32F3xx_HAL_Driver/Src/stm32f3xx_hal_rcc_ex.o
 .ARM.attributes
                0x000000000000051f       0x34 ./Drivers/STM32F3xx_HAL_Driver/Src/stm32f3xx_hal_tim.o
 .ARM.attributes
                0x0000000000000553       0x34 ./Drivers/STM32F3xx_HAL_Driver/Src/stm32f3xx_hal_tim_ex.o
 .ARM.attributes
                0x0000000000000587       0x34 ./Drivers/STM32F3xx_HAL_Driver/Src/stm32f3xx_hal_uart.o
 .ARM.attributes
                0x00000000000005bb       0x34 ./Drivers/STM32F3xx_HAL_Driver/Src/stm32f3xx_hal_uart_ex.o
 .ARM.attributes
                0x00000000000005ef       0x34 c:/st/stm32cubeide_1.8.0/stm32cubeide/plugins/com.st.stm32cube.ide.mcu.externaltools.gnu-tools-for-stm32.9-2020-q2-update.win32_2.0.0.202105311346/tools/bin/../lib/gcc/arm-none-eabi/9.3.1/../../../../arm-none-eabi/lib/thumb/v7e-m+fp/hard\libc_nano.a(lib_a-init.o)
 .ARM.attributes
                0x0000000000000623       0x34 c:/st/stm32cubeide_1.8.0/stm32cubeide/plugins/com.st.stm32cube.ide.mcu.externaltools.gnu-tools-for-stm32.9-2020-q2-update.win32_2.0.0.202105311346/tools/bin/../lib/gcc/arm-none-eabi/9.3.1/../../../../arm-none-eabi/lib/thumb/v7e-m+fp/hard\libc_nano.a(lib_a-memset.o)
 .ARM.attributes
                0x0000000000000657       0x1e c:/st/stm32cubeide_1.8.0/stm32cubeide/plugins/com.st.stm32cube.ide.mcu.externaltools.gnu-tools-for-stm32.9-2020-q2-update.win32_2.0.0.202105311346/tools/bin/../lib/gcc/arm-none-eabi/9.3.1/thumb/v7e-m+fp/hard\libgcc.a(_arm_addsubdf3.o)
 .ARM.attributes
                0x0000000000000675       0x1e c:/st/stm32cubeide_1.8.0/stm32cubeide/plugins/com.st.stm32cube.ide.mcu.externaltools.gnu-tools-for-stm32.9-2020-q2-update.win32_2.0.0.202105311346/tools/bin/../lib/gcc/arm-none-eabi/9.3.1/thumb/v7e-m+fp/hard\libgcc.a(_arm_muldivdf3.o)
 .ARM.attributes
                0x0000000000000693       0x1e c:/st/stm32cubeide_1.8.0/stm32cubeide/plugins/com.st.stm32cube.ide.mcu.externaltools.gnu-tools-for-stm32.9-2020-q2-update.win32_2.0.0.202105311346/tools/bin/../lib/gcc/arm-none-eabi/9.3.1/thumb/v7e-m+fp/hard\libgcc.a(_arm_fixdfsi.o)
 .ARM.attributes
                0x00000000000006b1       0x1e c:/st/stm32cubeide_1.8.0/stm32cubeide/plugins/com.st.stm32cube.ide.mcu.externaltools.gnu-tools-for-stm32.9-2020-q2-update.win32_2.0.0.202105311346/tools/bin/../lib/gcc/arm-none-eabi/9.3.1/thumb/v7e-m+fp/hard\libgcc.a(_arm_truncdfsf2.o)
 .ARM.attributes
                0x00000000000006cf       0x1e c:/st/stm32cubeide_1.8.0/stm32cubeide/plugins/com.st.stm32cube.ide.mcu.externaltools.gnu-tools-for-stm32.9-2020-q2-update.win32_2.0.0.202105311346/tools/bin/../lib/gcc/arm-none-eabi/9.3.1/thumb/v7e-m+fp/hard/crtn.o
OUTPUT(Projekt_roboty_transportowe_C_backup.elf elf32-littlearm)
LOAD linker stubs
LOAD c:/st/stm32cubeide_1.8.0/stm32cubeide/plugins/com.st.stm32cube.ide.mcu.externaltools.gnu-tools-for-stm32.9-2020-q2-update.win32_2.0.0.202105311346/tools/bin/../lib/gcc/arm-none-eabi/9.3.1/../../../../arm-none-eabi/lib/thumb/v7e-m+fp/hard\libc.a
LOAD c:/st/stm32cubeide_1.8.0/stm32cubeide/plugins/com.st.stm32cube.ide.mcu.externaltools.gnu-tools-for-stm32.9-2020-q2-update.win32_2.0.0.202105311346/tools/bin/../lib/gcc/arm-none-eabi/9.3.1/../../../../arm-none-eabi/lib/thumb/v7e-m+fp/hard\libm.a
LOAD c:/st/stm32cubeide_1.8.0/stm32cubeide/plugins/com.st.stm32cube.ide.mcu.externaltools.gnu-tools-for-stm32.9-2020-q2-update.win32_2.0.0.202105311346/tools/bin/../lib/gcc/arm-none-eabi/9.3.1/thumb/v7e-m+fp/hard\libgcc.a

.debug_info     0x0000000000000000    0x18b6f
 .debug_info    0x0000000000000000      0xa5e ./Core/Src/MOT.o
 .debug_info    0x0000000000000a5e      0x2d2 ./Core/Src/PID.o
 .debug_info    0x0000000000000d30      0xcd1 ./Core/Src/adc.o
 .debug_info    0x0000000000001a01      0x9ac ./Core/Src/dac.o
 .debug_info    0x00000000000023ad      0x3c3 ./Core/Src/dma.o
 .debug_info    0x0000000000002770      0x408 ./Core/Src/gpio.o
 .debug_info    0x0000000000002b78      0x8cd ./Core/Src/ibus.o
 .debug_info    0x0000000000003445     0x2115 ./Core/Src/main.o
 .debug_info    0x000000000000555a      0x299 ./Core/Src/stm32f3xx_hal_msp.o
 .debug_info    0x00000000000057f3     0x1118 ./Core/Src/stm32f3xx_it.o
 .debug_info    0x000000000000690b      0x49a ./Core/Src/system_stm32f3xx.o
 .debug_info    0x0000000000006da5      0xf80 ./Core/Src/tim.o
 .debug_info    0x0000000000007d25      0xbae ./Core/Src/usart.o
 .debug_info    0x00000000000088d3       0x22 ./Core/Startup/startup_stm32f303k8tx.o
 .debug_info    0x00000000000088f5      0x7b3 ./Drivers/STM32F3xx_HAL_Driver/Src/stm32f3xx_hal.o
 .debug_info    0x00000000000090a8      0xc8d ./Drivers/STM32F3xx_HAL_Driver/Src/stm32f3xx_hal_adc.o
 .debug_info    0x0000000000009d35     0x16c7 ./Drivers/STM32F3xx_HAL_Driver/Src/stm32f3xx_hal_adc_ex.o
 .debug_info    0x000000000000b3fc      0xbdf ./Drivers/STM32F3xx_HAL_Driver/Src/stm32f3xx_hal_cortex.o
 .debug_info    0x000000000000bfdb      0x981 ./Drivers/STM32F3xx_HAL_Driver/Src/stm32f3xx_hal_dac.o
 .debug_info    0x000000000000c95c      0xae1 ./Drivers/STM32F3xx_HAL_Driver/Src/stm32f3xx_hal_dac_ex.o
 .debug_info    0x000000000000d43d      0x839 ./Drivers/STM32F3xx_HAL_Driver/Src/stm32f3xx_hal_dma.o
 .debug_info    0x000000000000dc76      0x83d ./Drivers/STM32F3xx_HAL_Driver/Src/stm32f3xx_hal_gpio.o
 .debug_info    0x000000000000e4b3     0x15b5 ./Drivers/STM32F3xx_HAL_Driver/Src/stm32f3xx_hal_rcc.o
 .debug_info    0x000000000000fa68      0x60f ./Drivers/STM32F3xx_HAL_Driver/Src/stm32f3xx_hal_rcc_ex.o
 .debug_info    0x0000000000010077     0x2cf6 ./Drivers/STM32F3xx_HAL_Driver/Src/stm32f3xx_hal_tim.o
 .debug_info    0x0000000000012d6d     0x163e ./Drivers/STM32F3xx_HAL_Driver/Src/stm32f3xx_hal_tim_ex.o
 .debug_info    0x00000000000143ab     0x3af9 ./Drivers/STM32F3xx_HAL_Driver/Src/stm32f3xx_hal_uart.o
 .debug_info    0x0000000000017ea4      0xccb ./Drivers/STM32F3xx_HAL_Driver/Src/stm32f3xx_hal_uart_ex.o

.debug_abbrev   0x0000000000000000     0x3627
 .debug_abbrev  0x0000000000000000      0x1ee ./Core/Src/MOT.o
 .debug_abbrev  0x00000000000001ee      0x10e ./Core/Src/PID.o
 .debug_abbrev  0x00000000000002fc      0x1c4 ./Core/Src/adc.o
 .debug_abbrev  0x00000000000004c0      0x1c4 ./Core/Src/dac.o
 .debug_abbrev  0x0000000000000684      0x11b ./Core/Src/dma.o
 .debug_abbrev  0x000000000000079f      0x14e ./Core/Src/gpio.o
 .debug_abbrev  0x00000000000008ed      0x216 ./Core/Src/ibus.o
 .debug_abbrev  0x0000000000000b03      0x2d3 ./Core/Src/main.o
 .debug_abbrev  0x0000000000000dd6      0x11d ./Core/Src/stm32f3xx_hal_msp.o
 .debug_abbrev  0x0000000000000ef3      0x1a1 ./Core/Src/stm32f3xx_it.o
 .debug_abbrev  0x0000000000001094      0x145 ./Core/Src/system_stm32f3xx.o
 .debug_abbrev  0x00000000000011d9      0x231 ./Core/Src/tim.o
 .debug_abbrev  0x000000000000140a      0x1d7 ./Core/Src/usart.o
 .debug_abbrev  0x00000000000015e1       0x12 ./Core/Startup/startup_stm32f303k8tx.o
 .debug_abbrev  0x00000000000015f3      0x1ed ./Drivers/STM32F3xx_HAL_Driver/Src/stm32f3xx_hal.o
 .debug_abbrev  0x00000000000017e0      0x1a7 ./Drivers/STM32F3xx_HAL_Driver/Src/stm32f3xx_hal_adc.o
 .debug_abbrev  0x0000000000001987      0x253 ./Drivers/STM32F3xx_HAL_Driver/Src/stm32f3xx_hal_adc_ex.o
 .debug_abbrev  0x0000000000001bda      0x313 ./Drivers/STM32F3xx_HAL_Driver/Src/stm32f3xx_hal_cortex.o
 .debug_abbrev  0x0000000000001eed      0x1c5 ./Drivers/STM32F3xx_HAL_Driver/Src/stm32f3xx_hal_dac.o
 .debug_abbrev  0x00000000000020b2      0x25d ./Drivers/STM32F3xx_HAL_Driver/Src/stm32f3xx_hal_dac_ex.o
 .debug_abbrev  0x000000000000230f      0x228 ./Drivers/STM32F3xx_HAL_Driver/Src/stm32f3xx_hal_dma.o
 .debug_abbrev  0x0000000000002537      0x1e8 ./Drivers/STM32F3xx_HAL_Driver/Src/stm32f3xx_hal_gpio.o
 .debug_abbrev  0x000000000000271f      0x2c4 ./Drivers/STM32F3xx_HAL_Driver/Src/stm32f3xx_hal_rcc.o
 .debug_abbrev  0x00000000000029e3      0x22b ./Drivers/STM32F3xx_HAL_Driver/Src/stm32f3xx_hal_rcc_ex.o
 .debug_abbrev  0x0000000000002c0e      0x25e ./Drivers/STM32F3xx_HAL_Driver/Src/stm32f3xx_hal_tim.o
 .debug_abbrev  0x0000000000002e6c      0x266 ./Drivers/STM32F3xx_HAL_Driver/Src/stm32f3xx_hal_tim_ex.o
 .debug_abbrev  0x00000000000030d2      0x2b3 ./Drivers/STM32F3xx_HAL_Driver/Src/stm32f3xx_hal_uart.o
 .debug_abbrev  0x0000000000003385      0x2a2 ./Drivers/STM32F3xx_HAL_Driver/Src/stm32f3xx_hal_uart_ex.o

.debug_aranges  0x0000000000000000     0x1260
 .debug_aranges
                0x0000000000000000       0x38 ./Core/Src/MOT.o
 .debug_aranges
                0x0000000000000038       0x30 ./Core/Src/PID.o
 .debug_aranges
                0x0000000000000068       0x38 ./Core/Src/adc.o
 .debug_aranges
                0x00000000000000a0       0x30 ./Core/Src/dac.o
 .debug_aranges
                0x00000000000000d0       0x20 ./Core/Src/dma.o
 .debug_aranges
                0x00000000000000f0       0x20 ./Core/Src/gpio.o
 .debug_aranges
                0x0000000000000110       0x50 ./Core/Src/ibus.o
 .debug_aranges
                0x0000000000000160       0x60 ./Core/Src/main.o
 .debug_aranges
                0x00000000000001c0       0x20 ./Core/Src/stm32f3xx_hal_msp.o
 .debug_aranges
                0x00000000000001e0       0x88 ./Core/Src/stm32f3xx_it.o
 .debug_aranges
                0x0000000000000268       0x28 ./Core/Src/system_stm32f3xx.o
 .debug_aranges
                0x0000000000000290       0x78 ./Core/Src/tim.o
 .debug_aranges
                0x0000000000000308       0x38 ./Core/Src/usart.o
 .debug_aranges
                0x0000000000000340       0x28 ./Core/Startup/startup_stm32f303k8tx.o
 .debug_aranges
                0x0000000000000368       0xe0 ./Drivers/STM32F3xx_HAL_Driver/Src/stm32f3xx_hal.o
 .debug_aranges
                0x0000000000000448       0xc8 ./Drivers/STM32F3xx_HAL_Driver/Src/stm32f3xx_hal_adc.o
 .debug_aranges
                0x0000000000000510      0x168 ./Drivers/STM32F3xx_HAL_Driver/Src/stm32f3xx_hal_adc_ex.o
 .debug_aranges
                0x0000000000000678      0x100 ./Drivers/STM32F3xx_HAL_Driver/Src/stm32f3xx_hal_cortex.o
 .debug_aranges
                0x0000000000000778       0xa8 ./Drivers/STM32F3xx_HAL_Driver/Src/stm32f3xx_hal_dac.o
 .debug_aranges
                0x0000000000000820       0xb8 ./Drivers/STM32F3xx_HAL_Driver/Src/stm32f3xx_hal_dac_ex.o
 .debug_aranges
                0x00000000000008d8       0x88 ./Drivers/STM32F3xx_HAL_Driver/Src/stm32f3xx_hal_dma.o
 .debug_aranges
                0x0000000000000960       0x58 ./Drivers/STM32F3xx_HAL_Driver/Src/stm32f3xx_hal_gpio.o
 .debug_aranges
                0x00000000000009b8       0x88 ./Drivers/STM32F3xx_HAL_Driver/Src/stm32f3xx_hal_rcc.o
 .debug_aranges
                0x0000000000000a40       0x38 ./Drivers/STM32F3xx_HAL_Driver/Src/stm32f3xx_hal_rcc_ex.o
 .debug_aranges
                0x0000000000000a78      0x3e0 ./Drivers/STM32F3xx_HAL_Driver/Src/stm32f3xx_hal_tim.o
 .debug_aranges
                0x0000000000000e58      0x178 ./Drivers/STM32F3xx_HAL_Driver/Src/stm32f3xx_hal_tim_ex.o
 .debug_aranges
                0x0000000000000fd0      0x228 ./Drivers/STM32F3xx_HAL_Driver/Src/stm32f3xx_hal_uart.o
 .debug_aranges
                0x00000000000011f8       0x68 ./Drivers/STM32F3xx_HAL_Driver/Src/stm32f3xx_hal_uart_ex.o

.debug_ranges   0x0000000000000000     0x10d8
 .debug_ranges  0x0000000000000000       0x28 ./Core/Src/MOT.o
 .debug_ranges  0x0000000000000028       0x20 ./Core/Src/PID.o
 .debug_ranges  0x0000000000000048       0x28 ./Core/Src/adc.o
 .debug_ranges  0x0000000000000070       0x20 ./Core/Src/dac.o
 .debug_ranges  0x0000000000000090       0x10 ./Core/Src/dma.o
 .debug_ranges  0x00000000000000a0       0x10 ./Core/Src/gpio.o
 .debug_ranges  0x00000000000000b0       0x40 ./Core/Src/ibus.o
 .debug_ranges  0x00000000000000f0       0x50 ./Core/Src/main.o
 .debug_ranges  0x0000000000000140       0x10 ./Core/Src/stm32f3xx_hal_msp.o
 .debug_ranges  0x0000000000000150       0x78 ./Core/Src/stm32f3xx_it.o
 .debug_ranges  0x00000000000001c8       0x18 ./Core/Src/system_stm32f3xx.o
 .debug_ranges  0x00000000000001e0       0x68 ./Core/Src/tim.o
 .debug_ranges  0x0000000000000248       0x28 ./Core/Src/usart.o
 .debug_ranges  0x0000000000000270       0x20 ./Core/Startup/startup_stm32f303k8tx.o
 .debug_ranges  0x0000000000000290       0xd0 ./Drivers/STM32F3xx_HAL_Driver/Src/stm32f3xx_hal.o
 .debug_ranges  0x0000000000000360       0xb8 ./Drivers/STM32F3xx_HAL_Driver/Src/stm32f3xx_hal_adc.o
 .debug_ranges  0x0000000000000418      0x158 ./Drivers/STM32F3xx_HAL_Driver/Src/stm32f3xx_hal_adc_ex.o
 .debug_ranges  0x0000000000000570       0xf0 ./Drivers/STM32F3xx_HAL_Driver/Src/stm32f3xx_hal_cortex.o
 .debug_ranges  0x0000000000000660       0x98 ./Drivers/STM32F3xx_HAL_Driver/Src/stm32f3xx_hal_dac.o
 .debug_ranges  0x00000000000006f8       0xa8 ./Drivers/STM32F3xx_HAL_Driver/Src/stm32f3xx_hal_dac_ex.o
 .debug_ranges  0x00000000000007a0       0x78 ./Drivers/STM32F3xx_HAL_Driver/Src/stm32f3xx_hal_dma.o
 .debug_ranges  0x0000000000000818       0x48 ./Drivers/STM32F3xx_HAL_Driver/Src/stm32f3xx_hal_gpio.o
 .debug_ranges  0x0000000000000860       0x78 ./Drivers/STM32F3xx_HAL_Driver/Src/stm32f3xx_hal_rcc.o
 .debug_ranges  0x00000000000008d8       0x28 ./Drivers/STM32F3xx_HAL_Driver/Src/stm32f3xx_hal_rcc_ex.o
 .debug_ranges  0x0000000000000900      0x3d0 ./Drivers/STM32F3xx_HAL_Driver/Src/stm32f3xx_hal_tim.o
 .debug_ranges  0x0000000000000cd0      0x168 ./Drivers/STM32F3xx_HAL_Driver/Src/stm32f3xx_hal_tim_ex.o
 .debug_ranges  0x0000000000000e38      0x248 ./Drivers/STM32F3xx_HAL_Driver/Src/stm32f3xx_hal_uart.o
 .debug_ranges  0x0000000000001080       0x58 ./Drivers/STM32F3xx_HAL_Driver/Src/stm32f3xx_hal_uart_ex.o

.debug_macro    0x0000000000000000    0x1e018
 .debug_macro   0x0000000000000000      0x215 ./Core/Src/MOT.o
 .debug_macro   0x0000000000000215      0xaa8 ./Core/Src/MOT.o
 .debug_macro   0x0000000000000cbd       0x40 ./Core/Src/MOT.o
 .debug_macro   0x0000000000000cfd       0x22 ./Core/Src/MOT.o
 .debug_macro   0x0000000000000d1f       0x8e ./Core/Src/MOT.o
 .debug_macro   0x0000000000000dad       0x51 ./Core/Src/MOT.o
 .debug_macro   0x0000000000000dfe      0x103 ./Core/Src/MOT.o
 .debug_macro   0x0000000000000f01       0x6a ./Core/Src/MOT.o
 .debug_macro   0x0000000000000f6b      0x1df ./Core/Src/MOT.o
 .debug_macro   0x000000000000114a      0x163 ./Core/Src/MOT.o
 .debug_macro   0x00000000000012ad       0x2e ./Core/Src/MOT.o
 .debug_macro   0x00000000000012db       0x28 ./Core/Src/MOT.o
 .debug_macro   0x0000000000001303       0x1c ./Core/Src/MOT.o
 .debug_macro   0x000000000000131f       0x22 ./Core/Src/MOT.o
 .debug_macro   0x0000000000001341       0xdf ./Core/Src/MOT.o
 .debug_macro   0x0000000000001420      0xf07 ./Core/Src/MOT.o
 .debug_macro   0x0000000000002327    0x10be0 ./Core/Src/MOT.o
 .debug_macro   0x0000000000012f07       0x6d ./Core/Src/MOT.o
 .debug_macro   0x0000000000012f74     0x3540 ./Core/Src/MOT.o
 .debug_macro   0x00000000000164b4      0x174 ./Core/Src/MOT.o
 .debug_macro   0x0000000000016628       0x55 ./Core/Src/MOT.o
 .debug_macro   0x000000000001667d      0x8f9 ./Core/Src/MOT.o
 .debug_macro   0x0000000000016f76      0x304 ./Core/Src/MOT.o
 .debug_macro   0x000000000001727a      0x1b6 ./Core/Src/MOT.o
 .debug_macro   0x0000000000017430      0x11b ./Core/Src/MOT.o
 .debug_macro   0x000000000001754b      0x1d5 ./Core/Src/MOT.o
 .debug_macro   0x0000000000017720      0x1bc ./Core/Src/MOT.o
 .debug_macro   0x00000000000178dc       0x34 ./Core/Src/MOT.o
 .debug_macro   0x0000000000017910       0x3c ./Core/Src/MOT.o
 .debug_macro   0x000000000001794c       0x57 ./Core/Src/MOT.o
 .debug_macro   0x00000000000179a3      0x87d ./Core/Src/MOT.o
 .debug_macro   0x0000000000018220       0x77 ./Core/Src/MOT.o
 .debug_macro   0x0000000000018297      0x18b ./Core/Src/MOT.o
 .debug_macro   0x0000000000018422       0x5d ./Core/Src/MOT.o
 .debug_macro   0x000000000001847f       0xc5 ./Core/Src/MOT.o
 .debug_macro   0x0000000000018544      0x19f ./Core/Src/MOT.o
 .debug_macro   0x00000000000186e3      0x22c ./Core/Src/MOT.o
 .debug_macro   0x000000000001890f       0x5b ./Core/Src/MOT.o
 .debug_macro   0x000000000001896a       0xa5 ./Core/Src/MOT.o
 .debug_macro   0x0000000000018a0f       0x81 ./Core/Src/MOT.o
 .debug_macro   0x0000000000018a90       0xd3 ./Core/Src/MOT.o
 .debug_macro   0x0000000000018b63      0xa3d ./Core/Src/MOT.o
 .debug_macro   0x00000000000195a0       0x59 ./Core/Src/MOT.o
 .debug_macro   0x00000000000195f9      0x5a5 ./Core/Src/MOT.o
 .debug_macro   0x0000000000019b9e       0x44 ./Core/Src/MOT.o
 .debug_macro   0x0000000000019be2      0x285 ./Core/Src/MOT.o
 .debug_macro   0x0000000000019e67      0x13c ./Core/Src/MOT.o
 .debug_macro   0x0000000000019fa3       0x72 ./Core/Src/PID.o
 .debug_macro   0x000000000001a015       0x10 ./Core/Src/PID.o
 .debug_macro   0x000000000001a025      0x20c ./Core/Src/adc.o
 .debug_macro   0x000000000001a231      0x20c ./Core/Src/dac.o
 .debug_macro   0x000000000001a43d      0x20c ./Core/Src/dma.o
 .debug_macro   0x000000000001a649      0x20c ./Core/Src/gpio.o
 .debug_macro   0x000000000001a855      0x224 ./Core/Src/ibus.o
 .debug_macro   0x000000000001aa79       0x22 ./Core/Src/ibus.o
 .debug_macro   0x000000000001aa9b       0x22 ./Core/Src/ibus.o
 .debug_macro   0x000000000001aabd      0x467 ./Core/Src/main.o
 .debug_macro   0x000000000001af24       0x52 ./Core/Src/main.o
 .debug_macro   0x000000000001af76       0x18 ./Core/Src/main.o
 .debug_macro   0x000000000001af8e       0x3c ./Core/Src/main.o
 .debug_macro   0x000000000001afca       0x34 ./Core/Src/main.o
 .debug_macro   0x000000000001affe       0x16 ./Core/Src/main.o
 .debug_macro   0x000000000001b014       0x35 ./Core/Src/main.o
 .debug_macro   0x000000000001b049      0x333 ./Core/Src/main.o
 .debug_macro   0x000000000001b37c       0x10 ./Core/Src/main.o
 .debug_macro   0x000000000001b38c       0x16 ./Core/Src/main.o
 .debug_macro   0x000000000001b3a2       0x43 ./Core/Src/main.o
 .debug_macro   0x000000000001b3e5       0x34 ./Core/Src/main.o
 .debug_macro   0x000000000001b419       0x10 ./Core/Src/main.o
 .debug_macro   0x000000000001b429       0x58 ./Core/Src/main.o
 .debug_macro   0x000000000001b481       0x71 ./Core/Src/main.o
 .debug_macro   0x000000000001b4f2       0x1c ./Core/Src/main.o
 .debug_macro   0x000000000001b50e      0x12a ./Core/Src/main.o
 .debug_macro   0x000000000001b638       0x10 ./Core/Src/main.o
 .debug_macro   0x000000000001b648       0x1c ./Core/Src/main.o
 .debug_macro   0x000000000001b664       0x52 ./Core/Src/main.o
 .debug_macro   0x000000000001b6b6       0x22 ./Core/Src/main.o
 .debug_macro   0x000000000001b6d8       0x10 ./Core/Src/main.o
 .debug_macro   0x000000000001b6e8       0x40 ./Core/Src/main.o
 .debug_macro   0x000000000001b728       0xd5 ./Core/Src/main.o
 .debug_macro   0x000000000001b7fd       0x1c ./Core/Src/main.o
 .debug_macro   0x000000000001b819       0x3d ./Core/Src/main.o
 .debug_macro   0x000000000001b856       0x16 ./Core/Src/main.o
 .debug_macro   0x000000000001b86c      0x145 ./Core/Src/main.o
 .debug_macro   0x000000000001b9b1       0x16 ./Core/Src/main.o
 .debug_macro   0x000000000001b9c7       0x16 ./Core/Src/main.o
 .debug_macro   0x000000000001b9dd       0x29 ./Core/Src/main.o
 .debug_macro   0x000000000001ba06       0x16 ./Core/Src/main.o
 .debug_macro   0x000000000001ba1c      0x202 ./Core/Src/stm32f3xx_hal_msp.o
 .debug_macro   0x000000000001bc1e      0x20c ./Core/Src/stm32f3xx_it.o
 .debug_macro   0x000000000001be2a      0x1f3 ./Core/Src/system_stm32f3xx.o
 .debug_macro   0x000000000001c01d      0x20c ./Core/Src/tim.o
 .debug_macro   0x000000000001c229      0x20c ./Core/Src/usart.o
 .debug_macro   0x000000000001c435      0x217 ./Drivers/STM32F3xx_HAL_Driver/Src/stm32f3xx_hal.o
 .debug_macro   0x000000000001c64c      0x1f4 ./Drivers/STM32F3xx_HAL_Driver/Src/stm32f3xx_hal_adc.o
 .debug_macro   0x000000000001c840      0x21d ./Drivers/STM32F3xx_HAL_Driver/Src/stm32f3xx_hal_adc_ex.o
 .debug_macro   0x000000000001ca5d      0x1f3 ./Drivers/STM32F3xx_HAL_Driver/Src/stm32f3xx_hal_cortex.o
 .debug_macro   0x000000000001cc50      0x1f4 ./Drivers/STM32F3xx_HAL_Driver/Src/stm32f3xx_hal_dac.o
 .debug_macro   0x000000000001ce44      0x1f3 ./Drivers/STM32F3xx_HAL_Driver/Src/stm32f3xx_hal_dac_ex.o
 .debug_macro   0x000000000001d037      0x1f3 ./Drivers/STM32F3xx_HAL_Driver/Src/stm32f3xx_hal_dma.o
 .debug_macro   0x000000000001d22a      0x1fa ./Drivers/STM32F3xx_HAL_Driver/Src/stm32f3xx_hal_gpio.o
 .debug_macro   0x000000000001d424      0x217 ./Drivers/STM32F3xx_HAL_Driver/Src/stm32f3xx_hal_rcc.o
 .debug_macro   0x000000000001d63b      0x1f3 ./Drivers/STM32F3xx_HAL_Driver/Src/stm32f3xx_hal_rcc_ex.o
 .debug_macro   0x000000000001d82e      0x1f4 ./Drivers/STM32F3xx_HAL_Driver/Src/stm32f3xx_hal_tim.o
 .debug_macro   0x000000000001da22      0x1f3 ./Drivers/STM32F3xx_HAL_Driver/Src/stm32f3xx_hal_tim_ex.o
 .debug_macro   0x000000000001dc15      0x210 ./Drivers/STM32F3xx_HAL_Driver/Src/stm32f3xx_hal_uart.o
 .debug_macro   0x000000000001de25      0x1f3 ./Drivers/STM32F3xx_HAL_Driver/Src/stm32f3xx_hal_uart_ex.o

.debug_line     0x0000000000000000    0x189e1
 .debug_line    0x0000000000000000      0x852 ./Core/Src/MOT.o
 .debug_line    0x0000000000000852      0x4a5 ./Core/Src/PID.o
 .debug_line    0x0000000000000cf7      0x89e ./Core/Src/adc.o
 .debug_line    0x0000000000001595      0x7a3 ./Core/Src/dac.o
 .debug_line    0x0000000000001d38      0x740 ./Core/Src/dma.o
 .debug_line    0x0000000000002478      0x771 ./Core/Src/gpio.o
 .debug_line    0x0000000000002be9      0x906 ./Core/Src/ibus.o
 .debug_line    0x00000000000034ef      0xc29 ./Core/Src/main.o
 .debug_line    0x0000000000004118      0x744 ./Core/Src/stm32f3xx_hal_msp.o
 .debug_line    0x000000000000485c      0x881 ./Core/Src/stm32f3xx_it.o
 .debug_line    0x00000000000050dd      0x7bb ./Core/Src/system_stm32f3xx.o
 .debug_line    0x0000000000005898      0xa22 ./Core/Src/tim.o
 .debug_line    0x00000000000062ba      0x85d ./Core/Src/usart.o
 .debug_line    0x0000000000006b17       0x88 ./Core/Startup/startup_stm32f303k8tx.o
 .debug_line    0x0000000000006b9f      0x9f0 ./Drivers/STM32F3xx_HAL_Driver/Src/stm32f3xx_hal.o
 .debug_line    0x000000000000758f      0x934 ./Drivers/STM32F3xx_HAL_Driver/Src/stm32f3xx_hal_adc.o
 .debug_line    0x0000000000007ec3     0x20df ./Drivers/STM32F3xx_HAL_Driver/Src/stm32f3xx_hal_adc_ex.o
 .debug_line    0x0000000000009fa2      0xbd8 ./Drivers/STM32F3xx_HAL_Driver/Src/stm32f3xx_hal_cortex.o
 .debug_line    0x000000000000ab7a      0x93c ./Drivers/STM32F3xx_HAL_Driver/Src/stm32f3xx_hal_dac.o
 .debug_line    0x000000000000b4b6      0xb8f ./Drivers/STM32F3xx_HAL_Driver/Src/stm32f3xx_hal_dac_ex.o
 .debug_line    0x000000000000c045      0xcde ./Drivers/STM32F3xx_HAL_Driver/Src/stm32f3xx_hal_dma.o
 .debug_line    0x000000000000cd23      0xb3d ./Drivers/STM32F3xx_HAL_Driver/Src/stm32f3xx_hal_gpio.o
 .debug_line    0x000000000000d860     0x13cb ./Drivers/STM32F3xx_HAL_Driver/Src/stm32f3xx_hal_rcc.o
 .debug_line    0x000000000000ec2b      0xa93 ./Drivers/STM32F3xx_HAL_Driver/Src/stm32f3xx_hal_rcc_ex.o
 .debug_line    0x000000000000f6be     0x3c15 ./Drivers/STM32F3xx_HAL_Driver/Src/stm32f3xx_hal_tim.o
 .debug_line    0x00000000000132d3     0x1a63 ./Drivers/STM32F3xx_HAL_Driver/Src/stm32f3xx_hal_tim_ex.o
 .debug_line    0x0000000000014d36     0x3104 ./Drivers/STM32F3xx_HAL_Driver/Src/stm32f3xx_hal_uart.o
 .debug_line    0x0000000000017e3a      0xba7 ./Drivers/STM32F3xx_HAL_Driver/Src/stm32f3xx_hal_uart_ex.o

.debug_str      0x0000000000000000    0xae89f
 .debug_str     0x0000000000000000    0xa5c40 ./Core/Src/MOT.o
                                      0xa5f8c (size before relaxing)
 .debug_str     0x00000000000a5c40       0xdc ./Core/Src/PID.o
                                       0x3dc9 (size before relaxing)
 .debug_str     0x00000000000a5d1c      0x5c1 ./Core/Src/adc.o
                                      0xa61b0 (size before relaxing)
 .debug_str     0x00000000000a62dd      0x1aa ./Core/Src/dac.o
                                      0xa5ff6 (size before relaxing)
 .debug_str     0x00000000000a6487       0x29 ./Core/Src/dma.o
                                      0xa5be2 (size before relaxing)
 .debug_str     0x00000000000a64b0       0x48 ./Core/Src/gpio.o
                                      0xa599e (size before relaxing)
 .debug_str     0x00000000000a64f8      0x392 ./Core/Src/ibus.o
                                      0xa5e2a (size before relaxing)
 .debug_str     0x00000000000a688a     0x45aa ./Core/Src/main.o
                                      0xaac9f (size before relaxing)
 .debug_str     0x00000000000aae34       0x2c ./Core/Src/stm32f3xx_hal_msp.o
                                      0xa5901 (size before relaxing)
 .debug_str     0x00000000000aae60       0xf7 ./Core/Src/stm32f3xx_it.o
                                      0xa645d (size before relaxing)
 .debug_str     0x00000000000aaf57       0xb3 ./Core/Src/system_stm32f3xx.o
                                      0xa54d6 (size before relaxing)
 .debug_str     0x00000000000ab00a      0x270 ./Core/Src/tim.o
                                      0xa63f2 (size before relaxing)
 .debug_str     0x00000000000ab27a       0x6b ./Core/Src/usart.o
                                      0xa60dc (size before relaxing)
 .debug_str     0x00000000000ab2e5       0x36 ./Core/Startup/startup_stm32f303k8tx.o
                                         0x8d (size before relaxing)
 .debug_str     0x00000000000ab31b      0x317 ./Drivers/STM32F3xx_HAL_Driver/Src/stm32f3xx_hal.o
                                      0xa5b24 (size before relaxing)
 .debug_str     0x00000000000ab632      0x22f ./Drivers/STM32F3xx_HAL_Driver/Src/stm32f3xx_hal_adc.o
                                      0xa5b01 (size before relaxing)
 .debug_str     0x00000000000ab861      0x6ba ./Drivers/STM32F3xx_HAL_Driver/Src/stm32f3xx_hal_adc_ex.o
                                      0xa612e (size before relaxing)
 .debug_str     0x00000000000abf1b      0x284 ./Drivers/STM32F3xx_HAL_Driver/Src/stm32f3xx_hal_cortex.o
                                      0xa5b05 (size before relaxing)
 .debug_str     0x00000000000ac19f      0x181 ./Drivers/STM32F3xx_HAL_Driver/Src/stm32f3xx_hal_dac.o
                                      0xa590a (size before relaxing)
 .debug_str     0x00000000000ac320      0x1a5 ./Drivers/STM32F3xx_HAL_Driver/Src/stm32f3xx_hal_dac_ex.o
                                      0xa599c (size before relaxing)
 .debug_str     0x00000000000ac4c5      0x248 ./Drivers/STM32F3xx_HAL_Driver/Src/stm32f3xx_hal_dma.o
                                      0xa5850 (size before relaxing)
 .debug_str     0x00000000000ac70d      0x195 ./Drivers/STM32F3xx_HAL_Driver/Src/stm32f3xx_hal_gpio.o
                                      0xa56f3 (size before relaxing)
 .debug_str     0x00000000000ac8a2      0x2f0 ./Drivers/STM32F3xx_HAL_Driver/Src/stm32f3xx_hal_rcc.o
                                      0xa5944 (size before relaxing)
 .debug_str     0x00000000000acb92       0xd8 ./Drivers/STM32F3xx_HAL_Driver/Src/stm32f3xx_hal_rcc_ex.o
                                      0xa5658 (size before relaxing)
 .debug_str     0x00000000000acc6a      0xce2 ./Drivers/STM32F3xx_HAL_Driver/Src/stm32f3xx_hal_tim.o
                                      0xa6899 (size before relaxing)
 .debug_str     0x00000000000ad94c      0x550 ./Drivers/STM32F3xx_HAL_Driver/Src/stm32f3xx_hal_tim_ex.o
                                      0xa609d (size before relaxing)
 .debug_str     0x00000000000ade9c      0x865 ./Drivers/STM32F3xx_HAL_Driver/Src/stm32f3xx_hal_uart.o
                                      0xa6154 (size before relaxing)
 .debug_str     0x00000000000ae701      0x19e ./Drivers/STM32F3xx_HAL_Driver/Src/stm32f3xx_hal_uart_ex.o
                                      0xa5a3e (size before relaxing)

.comment        0x0000000000000000       0x53
 .comment       0x0000000000000000       0x53 ./Core/Src/MOT.o
                                         0x54 (size before relaxing)
 .comment       0x0000000000000053       0x54 ./Core/Src/PID.o
 .comment       0x0000000000000053       0x54 ./Core/Src/adc.o
 .comment       0x0000000000000053       0x54 ./Core/Src/dac.o
 .comment       0x0000000000000053       0x54 ./Core/Src/dma.o
 .comment       0x0000000000000053       0x54 ./Core/Src/gpio.o
 .comment       0x0000000000000053       0x54 ./Core/Src/ibus.o
 .comment       0x0000000000000053       0x54 ./Core/Src/main.o
 .comment       0x0000000000000053       0x54 ./Core/Src/stm32f3xx_hal_msp.o
 .comment       0x0000000000000053       0x54 ./Core/Src/stm32f3xx_it.o
 .comment       0x0000000000000053       0x54 ./Core/Src/system_stm32f3xx.o
 .comment       0x0000000000000053       0x54 ./Core/Src/tim.o
 .comment       0x0000000000000053       0x54 ./Core/Src/usart.o
 .comment       0x0000000000000053       0x54 ./Drivers/STM32F3xx_HAL_Driver/Src/stm32f3xx_hal.o
 .comment       0x0000000000000053       0x54 ./Drivers/STM32F3xx_HAL_Driver/Src/stm32f3xx_hal_adc.o
 .comment       0x0000000000000053       0x54 ./Drivers/STM32F3xx_HAL_Driver/Src/stm32f3xx_hal_adc_ex.o
 .comment       0x0000000000000053       0x54 ./Drivers/STM32F3xx_HAL_Driver/Src/stm32f3xx_hal_cortex.o
 .comment       0x0000000000000053       0x54 ./Drivers/STM32F3xx_HAL_Driver/Src/stm32f3xx_hal_dac.o
 .comment       0x0000000000000053       0x54 ./Drivers/STM32F3xx_HAL_Driver/Src/stm32f3xx_hal_dac_ex.o
 .comment       0x0000000000000053       0x54 ./Drivers/STM32F3xx_HAL_Driver/Src/stm32f3xx_hal_dma.o
 .comment       0x0000000000000053       0x54 ./Drivers/STM32F3xx_HAL_Driver/Src/stm32f3xx_hal_gpio.o
 .comment       0x0000000000000053       0x54 ./Drivers/STM32F3xx_HAL_Driver/Src/stm32f3xx_hal_rcc.o
 .comment       0x0000000000000053       0x54 ./Drivers/STM32F3xx_HAL_Driver/Src/stm32f3xx_hal_rcc_ex.o
 .comment       0x0000000000000053       0x54 ./Drivers/STM32F3xx_HAL_Driver/Src/stm32f3xx_hal_tim.o
 .comment       0x0000000000000053       0x54 ./Drivers/STM32F3xx_HAL_Driver/Src/stm32f3xx_hal_tim_ex.o
 .comment       0x0000000000000053       0x54 ./Drivers/STM32F3xx_HAL_Driver/Src/stm32f3xx_hal_uart.o
 .comment       0x0000000000000053       0x54 ./Drivers/STM32F3xx_HAL_Driver/Src/stm32f3xx_hal_uart_ex.o

.debug_frame    0x0000000000000000     0x4c70
 .debug_frame   0x0000000000000000       0xac ./Core/Src/MOT.o
 .debug_frame   0x00000000000000ac       0x88 ./Core/Src/PID.o
 .debug_frame   0x0000000000000134       0xa0 ./Core/Src/adc.o
 .debug_frame   0x00000000000001d4       0x7c ./Core/Src/dac.o
 .debug_frame   0x0000000000000250       0x34 ./Core/Src/dma.o
 .debug_frame   0x0000000000000284       0x34 ./Core/Src/gpio.o
 .debug_frame   0x00000000000002b8      0x108 ./Core/Src/ibus.o
 .debug_frame   0x00000000000003c0      0x15c ./Core/Src/main.o
 .debug_frame   0x000000000000051c       0x38 ./Core/Src/stm32f3xx_hal_msp.o
 .debug_frame   0x0000000000000554      0x190 ./Core/Src/stm32f3xx_it.o
 .debug_frame   0x00000000000006e4       0x58 ./Core/Src/system_stm32f3xx.o
 .debug_frame   0x000000000000073c      0x1c8 ./Core/Src/tim.o
 .debug_frame   0x0000000000000904       0x90 ./Core/Src/usart.o
 .debug_frame   0x0000000000000994      0x334 ./Drivers/STM32F3xx_HAL_Driver/Src/stm32f3xx_hal.o
 .debug_frame   0x0000000000000cc8      0x380 ./Drivers/STM32F3xx_HAL_Driver/Src/stm32f3xx_hal_adc.o
 .debug_frame   0x0000000000001048      0x638 ./Drivers/STM32F3xx_HAL_Driver/Src/stm32f3xx_hal_adc_ex.o
 .debug_frame   0x0000000000001680      0x428 ./Drivers/STM32F3xx_HAL_Driver/Src/stm32f3xx_hal_cortex.o
 .debug_frame   0x0000000000001aa8      0x2d4 ./Drivers/STM32F3xx_HAL_Driver/Src/stm32f3xx_hal_dac.o
 .debug_frame   0x0000000000001d7c      0x310 ./Drivers/STM32F3xx_HAL_Driver/Src/stm32f3xx_hal_dac_ex.o
 .debug_frame   0x000000000000208c      0x224 ./Drivers/STM32F3xx_HAL_Driver/Src/stm32f3xx_hal_dma.o
 .debug_frame   0x00000000000022b0      0x14c ./Drivers/STM32F3xx_HAL_Driver/Src/stm32f3xx_hal_gpio.o
 .debug_frame   0x00000000000023fc      0x214 ./Drivers/STM32F3xx_HAL_Driver/Src/stm32f3xx_hal_rcc.o
 .debug_frame   0x0000000000002610       0xb4 ./Drivers/STM32F3xx_HAL_Driver/Src/stm32f3xx_hal_rcc_ex.o
 .debug_frame   0x00000000000026c4     0x121c ./Drivers/STM32F3xx_HAL_Driver/Src/stm32f3xx_hal_tim.o
 .debug_frame   0x00000000000038e0      0x688 ./Drivers/STM32F3xx_HAL_Driver/Src/stm32f3xx_hal_tim_ex.o
 .debug_frame   0x0000000000003f68      0x9e8 ./Drivers/STM32F3xx_HAL_Driver/Src/stm32f3xx_hal_uart.o
 .debug_frame   0x0000000000004950      0x190 ./Drivers/STM32F3xx_HAL_Driver/Src/stm32f3xx_hal_uart_ex.o
 .debug_frame   0x0000000000004ae0       0x2c c:/st/stm32cubeide_1.8.0/stm32cubeide/plugins/com.st.stm32cube.ide.mcu.externaltools.gnu-tools-for-stm32.9-2020-q2-update.win32_2.0.0.202105311346/tools/bin/../lib/gcc/arm-none-eabi/9.3.1/../../../../arm-none-eabi/lib/thumb/v7e-m+fp/hard\libc_nano.a(lib_a-init.o)
 .debug_frame   0x0000000000004b0c       0x20 c:/st/stm32cubeide_1.8.0/stm32cubeide/plugins/com.st.stm32cube.ide.mcu.externaltools.gnu-tools-for-stm32.9-2020-q2-update.win32_2.0.0.202105311346/tools/bin/../lib/gcc/arm-none-eabi/9.3.1/../../../../arm-none-eabi/lib/thumb/v7e-m+fp/hard\libc_nano.a(lib_a-memset.o)
 .debug_frame   0x0000000000004b2c       0xac c:/st/stm32cubeide_1.8.0/stm32cubeide/plugins/com.st.stm32cube.ide.mcu.externaltools.gnu-tools-for-stm32.9-2020-q2-update.win32_2.0.0.202105311346/tools/bin/../lib/gcc/arm-none-eabi/9.3.1/thumb/v7e-m+fp/hard\libgcc.a(_arm_addsubdf3.o)
 .debug_frame   0x0000000000004bd8       0x50 c:/st/stm32cubeide_1.8.0/stm32cubeide/plugins/com.st.stm32cube.ide.mcu.externaltools.gnu-tools-for-stm32.9-2020-q2-update.win32_2.0.0.202105311346/tools/bin/../lib/gcc/arm-none-eabi/9.3.1/thumb/v7e-m+fp/hard\libgcc.a(_arm_muldivdf3.o)
 .debug_frame   0x0000000000004c28       0x24 c:/st/stm32cubeide_1.8.0/stm32cubeide/plugins/com.st.stm32cube.ide.mcu.externaltools.gnu-tools-for-stm32.9-2020-q2-update.win32_2.0.0.202105311346/tools/bin/../lib/gcc/arm-none-eabi/9.3.1/thumb/v7e-m+fp/hard\libgcc.a(_arm_fixdfsi.o)
 .debug_frame   0x0000000000004c4c       0x24 c:/st/stm32cubeide_1.8.0/stm32cubeide/plugins/com.st.stm32cube.ide.mcu.externaltools.gnu-tools-for-stm32.9-2020-q2-update.win32_2.0.0.202105311346/tools/bin/../lib/gcc/arm-none-eabi/9.3.1/thumb/v7e-m+fp/hard\libgcc.a(_arm_truncdfsf2.o)
