Archive member included to satisfy reference by file (symbol)

c:/st/stm32cubeide_1.8.0/stm32cubeide/plugins/com.st.stm32cube.ide.mcu.externaltools.gnu-tools-for-stm32.9-2020-q2-update.win32_2.0.0.202105311346/tools/bin/../lib/gcc/arm-none-eabi/9.3.1/../../../../arm-none-eabi/lib/thumb/v7e-m+fp/hard\libc_nano.a(lib_a-errno.o)
                              ./Core/Src/syscalls.o (__errno)
c:/st/stm32cubeide_1.8.0/stm32cubeide/plugins/com.st.stm32cube.ide.mcu.externaltools.gnu-tools-for-stm32.9-2020-q2-update.win32_2.0.0.202105311346/tools/bin/../lib/gcc/arm-none-eabi/9.3.1/../../../../arm-none-eabi/lib/thumb/v7e-m+fp/hard\libc_nano.a(lib_a-exit.o)
                              c:/st/stm32cubeide_1.8.0/stm32cubeide/plugins/com.st.stm32cube.ide.mcu.externaltools.gnu-tools-for-stm32.9-2020-q2-update.win32_2.0.0.202105311346/tools/bin/../lib/gcc/arm-none-eabi/9.3.1/../../../../arm-none-eabi/lib/thumb/v7e-m+fp/hard/crt0.o (exit)
c:/st/stm32cubeide_1.8.0/stm32cubeide/plugins/com.st.stm32cube.ide.mcu.externaltools.gnu-tools-for-stm32.9-2020-q2-update.win32_2.0.0.202105311346/tools/bin/../lib/gcc/arm-none-eabi/9.3.1/../../../../arm-none-eabi/lib/thumb/v7e-m+fp/hard\libc_nano.a(lib_a-impure.o)
                              c:/st/stm32cubeide_1.8.0/stm32cubeide/plugins/com.st.stm32cube.ide.mcu.externaltools.gnu-tools-for-stm32.9-2020-q2-update.win32_2.0.0.202105311346/tools/bin/../lib/gcc/arm-none-eabi/9.3.1/../../../../arm-none-eabi/lib/thumb/v7e-m+fp/hard\libc_nano.a(lib_a-exit.o) (_global_impure_ptr)
c:/st/stm32cubeide_1.8.0/stm32cubeide/plugins/com.st.stm32cube.ide.mcu.externaltools.gnu-tools-for-stm32.9-2020-q2-update.win32_2.0.0.202105311346/tools/bin/../lib/gcc/arm-none-eabi/9.3.1/../../../../arm-none-eabi/lib/thumb/v7e-m+fp/hard\libc_nano.a(lib_a-init.o)
                              c:/st/stm32cubeide_1.8.0/stm32cubeide/plugins/com.st.stm32cube.ide.mcu.externaltools.gnu-tools-for-stm32.9-2020-q2-update.win32_2.0.0.202105311346/tools/bin/../lib/gcc/arm-none-eabi/9.3.1/../../../../arm-none-eabi/lib/thumb/v7e-m+fp/hard/crt0.o (__libc_init_array)
c:/st/stm32cubeide_1.8.0/stm32cubeide/plugins/com.st.stm32cube.ide.mcu.externaltools.gnu-tools-for-stm32.9-2020-q2-update.win32_2.0.0.202105311346/tools/bin/../lib/gcc/arm-none-eabi/9.3.1/../../../../arm-none-eabi/lib/thumb/v7e-m+fp/hard\libc_nano.a(lib_a-memset.o)
                              c:/st/stm32cubeide_1.8.0/stm32cubeide/plugins/com.st.stm32cube.ide.mcu.externaltools.gnu-tools-for-stm32.9-2020-q2-update.win32_2.0.0.202105311346/tools/bin/../lib/gcc/arm-none-eabi/9.3.1/../../../../arm-none-eabi/lib/thumb/v7e-m+fp/hard/crt0.o (memset)
c:/st/stm32cubeide_1.8.0/stm32cubeide/plugins/com.st.stm32cube.ide.mcu.externaltools.gnu-tools-for-stm32.9-2020-q2-update.win32_2.0.0.202105311346/tools/bin/../lib/gcc/arm-none-eabi/9.3.1/thumb/v7e-m+fp/hard\libgcc.a(_arm_muldf3.o)
                              ./Core/Src/MOT.o (__aeabi_dmul)
c:/st/stm32cubeide_1.8.0/stm32cubeide/plugins/com.st.stm32cube.ide.mcu.externaltools.gnu-tools-for-stm32.9-2020-q2-update.win32_2.0.0.202105311346/tools/bin/../lib/gcc/arm-none-eabi/9.3.1/thumb/v7e-m+fp/hard\libgcc.a(_arm_addsubdf3.o)
                              ./Core/Src/main.o (__aeabi_dadd)
c:/st/stm32cubeide_1.8.0/stm32cubeide/plugins/com.st.stm32cube.ide.mcu.externaltools.gnu-tools-for-stm32.9-2020-q2-update.win32_2.0.0.202105311346/tools/bin/../lib/gcc/arm-none-eabi/9.3.1/thumb/v7e-m+fp/hard\libgcc.a(_arm_muldivdf3.o)
                              ./Core/Src/MOT.o (__aeabi_ddiv)
c:/st/stm32cubeide_1.8.0/stm32cubeide/plugins/com.st.stm32cube.ide.mcu.externaltools.gnu-tools-for-stm32.9-2020-q2-update.win32_2.0.0.202105311346/tools/bin/../lib/gcc/arm-none-eabi/9.3.1/thumb/v7e-m+fp/hard\libgcc.a(_arm_fixdfsi.o)
                              ./Core/Src/MOT.o (__aeabi_d2iz)
c:/st/stm32cubeide_1.8.0/stm32cubeide/plugins/com.st.stm32cube.ide.mcu.externaltools.gnu-tools-for-stm32.9-2020-q2-update.win32_2.0.0.202105311346/tools/bin/../lib/gcc/arm-none-eabi/9.3.1/thumb/v7e-m+fp/hard\libgcc.a(_arm_truncdfsf2.o)
                              ./Core/Src/MOT.o (__aeabi_d2f)

Allocating common symbols
Common symbol       size              file

I4_V_MAX            0x2               ./Core/Src/main.o
hdma_usart2_rx      0x44              ./Core/Src/usart.o
mot_przod_prawy     0x34              ./Core/Src/main.o
OFF_ON              0x1               ./Core/Src/main.o
MA                  0x1               ./Core/Src/main.o
mot_przod_lewy      0x34              ./Core/Src/main.o
I1_V                0x2               ./Core/Src/main.o
uwTick              0x4               ./Drivers/STM32F3xx_HAL_Driver/Src/stm32f3xx_hal.o
pFlash              0x20              ./Drivers/STM32F3xx_HAL_Driver/Src/stm32f3xx_hal_flash.o
htim3               0x4c              ./Core/Src/tim.o
ibus_data           0xc               ./Core/Src/main.o
huart1              0x84              ./Core/Src/usart.o
[...]
Memory Configuration

Name             Origin             Length             Attributes
CCMRAM           0x0000000010000000 0x0000000000001000 xrw
RAM              0x0000000020000000 0x0000000000003000 xrw
FLASH            0x0000000008000000 0x0000000000010000 xr
*default*        0x0000000000000000 0xffffffffffffffff

Linker script and memory map

LOAD c:/st/stm32cubeide_1.8.0/stm32cubeide/plugins/com.st.stm32cube.ide.mcu.externaltools.gnu-tools-for-stm32.9-2020-q2-update.win32_2.0.0.202105311346/tools/bin/../lib/gcc/arm-none-eabi/9.3.1/thumb/v7e-m+fp/hard/crti.o
LOAD c:/st/stm32cubeide_1.8.0/stm32cubeide/plugins/com.st.stm32cube.ide.mcu.externaltools.gnu-tools-for-stm32.9-2020-q2-update.win32_2.0.0.202105311346/tools/bin/../lib/gcc/arm-none-eabi/9.3.1/thumb/v7e-m+fp/hard/crtbegin.o
LOAD c:/st/stm32cubeide_1.8.0/stm32cubeide/plugins/com.st.stm32cube.ide.mcu.externaltools.gnu-tools-for-stm32.9-2020-q2-update.win32_2.0.0.202105311346/tools/bin/../lib/gcc/arm-none-eabi/9.3.1/../../../../arm-none-eabi/lib/thumb/v7e-m+fp/hard/crt0.o
LOAD ./Core/Src/MOT.o
LOAD ./Core/Src/dma.o
LOAD ./Core/Src/gpio.o
LOAD ./Core/Src/ibus.o
LOAD ./Core/Src/main.o
LOAD ./Core/Src/stm32f3xx_hal_msp.o
LOAD ./Core/Src/stm32f3xx_it.o
LOAD ./Core/Src/syscalls.o
LOAD ./Core/Src/sysmem.o
LOAD ./Core/Src/system_stm32f3xx.o
LOAD ./Core/Src/tim.o
LOAD ./Core/Src/usart.o
LOAD ./Core/Startup/startup_stm32f303k8tx.o
LOAD ./Drivers/STM32F3xx_HAL_Driver/Src/stm32f3xx_hal.o
LOAD ./Drivers/STM32F3xx_HAL_Driver/Src/stm32f3xx_hal_cortex.o
LOAD ./Drivers/STM32F3xx_HAL_Driver/Src/stm32f3xx_hal_dma.o
LOAD ./Drivers/STM32F3xx_HAL_Driver/Src/stm32f3xx_hal_exti.o
LOAD ./Drivers/STM32F3xx_HAL_Driver/Src/stm32f3xx_hal_flash.o
LOAD ./Drivers/STM32F3xx_HAL_Driver/Src/stm32f3xx_hal_flash_ex.o
LOAD ./Drivers/STM32F3xx_HAL_Driver/Src/stm32f3xx_hal_gpio.o
LOAD ./Drivers/STM32F3xx_HAL_Driver/Src/stm32f3xx_hal_i2c.o
LOAD ./Drivers/STM32F3xx_HAL_Driver/Src/stm32f3xx_hal_i2c_ex.o
LOAD ./Drivers/STM32F3xx_HAL_Driver/Src/stm32f3xx_hal_pwr.o
LOAD ./Drivers/STM32F3xx_HAL_Driver/Src/stm32f3xx_hal_pwr_ex.o
LOAD ./Drivers/STM32F3xx_HAL_Driver/Src/stm32f3xx_hal_rcc.o
LOAD ./Drivers/STM32F3xx_HAL_Driver/Src/stm32f3xx_hal_rcc_ex.o
LOAD ./Drivers/STM32F3xx_HAL_Driver/Src/stm32f3xx_hal_tim.o
LOAD ./Drivers/STM32F3xx_HAL_Driver/Src/stm32f3xx_hal_tim_ex.o
LOAD ./Drivers/STM32F3xx_HAL_Driver/Src/stm32f3xx_hal_uart.o
LOAD ./Drivers/STM32F3xx_HAL_Driver/Src/stm32f3xx_hal_uart_ex.o
START GROUP
LOAD c:/st/stm32cubeide_1.8.0/stm32cubeide/plugins/com.st.stm32cube.ide.mcu.externaltools.gnu-tools-for-stm32.9-2020-q2-update.win32_2.0.0.202105311346/tools/bin/../lib/gcc/arm-none-eabi/9.3.1/../../../../arm-none-eabi/lib/thumb/v7e-m+fp/hard\libc_nano.a
LOAD c:/st/stm32cubeide_1.8.0/stm32cubeide/plugins/com.st.stm32cube.ide.mcu.externaltools.gnu-tools-for-stm32.9-2020-q2-update.win32_2.0.0.202105311346/tools/bin/../lib/gcc/arm-none-eabi/9.3.1/../../../../arm-none-eabi/lib/thumb/v7e-m+fp/hard\libm.a
END GROUP
START GROUP
LOAD c:/st/stm32cubeide_1.8.0/stm32cubeide/plugins/com.st.stm32cube.ide.mcu.externaltools.gnu-tools-for-stm32.9-2020-q2-update.win32_2.0.0.202105311346/tools/bin/../lib/gcc/arm-none-eabi/9.3.1/thumb/v7e-m+fp/hard\libgcc.a
LOAD c:/st/stm32cubeide_1.8.0/stm32cubeide/plugins/com.st.stm32cube.ide.mcu.externaltools.gnu-tools-for-stm32.9-2020-q2-update.win32_2.0.0.202105311346/tools/bin/../lib/gcc/arm-none-eabi/9.3.1/../../../../arm-none-eabi/lib/thumb/v7e-m+fp/hard\libc_nano.a
END GROUP
START GROUP
LOAD c:/st/stm32cubeide_1.8.0/stm32cubeide/plugins/com.st.stm32cube.ide.mcu.externaltools.gnu-tools-for-stm32.9-2020-q2-update.win32_2.0.0.202105311346/tools/bin/../lib/gcc/arm-none-eabi/9.3.1/thumb/v7e-m+fp/hard\libgcc.a
LOAD c:/st/stm32cubeide_1.8.0/stm32cubeide/plugins/com.st.stm32cube.ide.mcu.externaltools.gnu-tools-for-stm32.9-2020-q2-update.win32_2.0.0.202105311346/tools/bin/../lib/gcc/arm-none-eabi/9.3.1/../../../../arm-none-eabi/lib/thumb/v7e-m+fp/hard\libc_nano.a
LOAD c:/st/stm32cubeide_1.8.0/stm32cubeide/plugins/com.st.stm32cube.ide.mcu.externaltools.gnu-tools-for-stm32.9-2020-q2-update.win32_2.0.0.202105311346/tools/bin/../lib/gcc/arm-none-eabi/9.3.1/../../../../arm-none-eabi/lib/thumb/v7e-m+fp/hard\libnosys.a
END GROUP
START GROUP
LOAD c:/st/stm32cubeide_1.8.0/stm32cubeide/plugins/com.st.stm32cube.ide.mcu.externaltools.gnu-tools-for-stm32.9-2020-q2-update.win32_2.0.0.202105311346/tools/bin/../lib/gcc/arm-none-eabi/9.3.1/thumb/v7e-m+fp/hard\libgcc.a
LOAD c:/st/stm32cubeide_1.8.0/stm32cubeide/plugins/com.st.stm32cube.ide.mcu.externaltools.gnu-tools-for-stm32.9-2020-q2-update.win32_2.0.0.202105311346/tools/bin/../lib/gcc/arm-none-eabi/9.3.1/../../../../arm-none-eabi/lib/thumb/v7e-m+fp/hard\libc_nano.a
LOAD c:/st/stm32cubeide_1.8.0/stm32cubeide/plugins/com.st.stm32cube.ide.mcu.externaltools.gnu-tools-for-stm32.9-2020-q2-update.win32_2.0.0.202105311346/tools/bin/../lib/gcc/arm-none-eabi/9.3.1/../../../../arm-none-eabi/lib/thumb/v7e-m+fp/hard\libnosys.a
END GROUP
LOAD c:/st/stm32cubeide_1.8.0/stm32cubeide/plugins/com.st.stm32cube.ide.mcu.externaltools.gnu-tools-for-stm32.9-2020-q2-update.win32_2.0.0.202105311346/tools/bin/../lib/gcc/arm-none-eabi/9.3.1/thumb/v7e-m+fp/hard/crtend.o
LOAD c:/st/stm32cubeide_1.8.0/stm32cubeide/plugins/com.st.stm32cube.ide.mcu.externaltools.gnu-tools-for-stm32.9-2020-q2-update.win32_2.0.0.202105311346/tools/bin/../lib/gcc/arm-none-eabi/9.3.1/thumb/v7e-m+fp/hard/crtn.o
                0x0000000020003000                _estack = (ORIGIN (RAM) + LENGTH (RAM))
                0x0000000000000200                _Min_Heap_Size = 0x200
                0x0000000000000400                _Min_Stack_Size = 0x400

.isr_vector     0x0000000008000000      0x188
                0x0000000008000000                . = ALIGN (0x4)
 *(.isr_vector)
 .isr_vector    0x0000000008000000      0x188 ./Core/Startup/startup_stm32f303k8tx.o
                0x0000000008000000                g_pfnVectors
                0x0000000008000188                . = ALIGN (0x4)

.text           0x0000000008000188     0x5df8
                0x0000000008000188                . = ALIGN (0x4)
 *(.text)
 .text          0x0000000008000188       0x40 c:/st/stm32cubeide_1.8.0/stm32cubeide/plugins/com.st.stm32cube.ide.mcu.externaltools.gnu-tools-for-stm32.9-2020-q2-update.win32_2.0.0.202105311346/tools/bin/../lib/gcc/arm-none-eabi/9.3.1/thumb/v7e-m+fp/hard/crtbegin.o
 .text          0x00000000080001c8      0x378 c:/st/stm32cubeide_1.8.0/stm32cubeide/plugins/com.st.stm32cube.ide.mcu.externaltools.gnu-tools-for-stm32.9-2020-q2-update.win32_2.0.0.202105311346/tools/bin/../lib/gcc/arm-none-eabi/9.3.1/thumb/v7e-m+fp/hard\libgcc.a(_arm_addsubdf3.o)
                0x00000000080001c8                __aeabi_drsub
                0x00000000080001d0                __aeabi_dsub
                0x00000000080001d0                __subdf3
                0x00000000080001d4                __aeabi_dadd
                0x00000000080001d4                __adddf3
                0x000000000800044c                __floatunsidf
                0x000000000800044c                __aeabi_ui2d
                0x000000000800046c                __floatsidf
                0x000000000800046c                __aeabi_i2d
                0x0000000008000490                __aeabi_f2d
                0x0000000008000490                __extendsfdf2
                0x00000000080004d4                __floatundidf
                0x00000000080004d4                __aeabi_ul2d
                0x00000000080004e4                __floatdidf
                0x00000000080004e4                __aeabi_l2d
 .text          0x0000000008000540      0x424 c:/st/stm32cubeide_1.8.0/stm32cubeide/plugins/com.st.stm32cube.ide.mcu.externaltools.gnu-tools-for-stm32.9-2020-q2-update.win32_2.0.0.202105311346/tools/bin/../lib/gcc/arm-none-eabi/9.3.1/thumb/v7e-m+fp/hard\libgcc.a(_arm_muldivdf3.o)
                0x0000000008000540                __aeabi_dmul
                0x0000000008000540                __muldf3
                0x0000000008000794                __divdf3
                0x0000000008000794                __aeabi_ddiv
 .text          0x0000000008000964       0x50 c:/st/stm32cubeide_1.8.0/stm32cubeide/plugins/com.st.stm32cube.ide.mcu.externaltools.gnu-tools-for-stm32.9-2020-q2-update.win32_2.0.0.202105311346/tools/bin/../lib/gcc/arm-none-eabi/9.3.1/thumb/v7e-m+fp/hard\libgcc.a(_arm_fixdfsi.o)
                0x0000000008000964                __aeabi_d2iz
                0x0000000008000964                __fixdfsi
 .text          0x00000000080009b4       0xa0 c:/st/stm32cubeide_1.8.0/stm32cubeide/plugins/com.st.stm32cube.ide.mcu.externaltools.gnu-tools-for-stm32.9-2020-q2-update.win32_2.0.0.202105311346/tools/bin/../lib/gcc/arm-none-eabi/9.3.1/thumb/v7e-m+fp/hard\libgcc.a(_arm_truncdfsf2.o)
                0x00000000080009b4                __truncdfsf2
                0x00000000080009b4                __aeabi_d2f
 *(.text*)
 .text.motor_update_count
                0x0000000008000a54       0x2a ./Core/Src/MOT.o
                0x0000000008000a54                motor_update_count
 *fill*         0x0000000008000a7e        0x2 
 .text.motor_calculate_speed
                0x0000000008000a80      0x104 ./Core/Src/MOT.o
                0x0000000008000a80                motor_calculate_speed
 .text.motor_init
                0x0000000008000b84       0x50 ./Core/Src/MOT.o
                0x0000000008000b84                motor_init
 .text.MX_DMA_Init
                0x0000000008000bd4       0x3c ./Core/Src/dma.o
                0x0000000008000bd4                MX_DMA_Init
 .text.MX_GPIO_Init
                0x0000000008000c10       0x60 ./Core/Src/gpio.o
                0x0000000008000c10                MX_GPIO_Init
 .text.ibus_init
                0x0000000008000c70       0x1c ./Core/Src/ibus.o
                0x0000000008000c70                ibus_init
 .text.ibus_read
                0x0000000008000c8c       0x40 ./Core/Src/ibus.o
                0x0000000008000c8c                ibus_read
 .text.ibus_is_valid
                0x0000000008000ccc       0x30 ./Core/Src/ibus.o
                0x0000000008000ccc                ibus_is_valid
 .text.ibus_checksum
                0x0000000008000cfc       0x60 ./Core/Src/ibus.o
                0x0000000008000cfc                ibus_checksum
 .text.ibus_update
                0x0000000008000d5c       0x5c ./Core/Src/ibus.o
                0x0000000008000d5c                ibus_update
 .text.ibus_soft_failsafe
                0x0000000008000db8       0x78 ./Core/Src/ibus.o
                0x0000000008000db8                ibus_soft_failsafe
 .text.ibus_reset_failsafe
                0x0000000008000e30       0x18 ./Core/Src/ibus.o
                0x0000000008000e30                ibus_reset_failsafe
 .text.main     0x0000000008000e48      0x418 ./Core/Src/main.o
                0x0000000008000e48                main
 .text.SystemClock_Config
                0x0000000008001260       0xb8 ./Core/Src/main.o
                0x0000000008001260                SystemClock_Config
 .text.HAL_UART_RxCpltCallback
                0x0000000008001318       0x20 ./Core/Src/main.o
                0x0000000008001318                HAL_UART_RxCpltCallback
 .text.HAL_TIM_PeriodElapsedCallback
                0x0000000008001338       0x2c ./Core/Src/main.o
                0x0000000008001338                HAL_TIM_PeriodElapsedCallback
 .text.to_process_range
                0x0000000008001364       0x74 ./Core/Src/main.o
                0x0000000008001364                to_process_range
 .text.to_communication_range
                0x00000000080013d8       0x44 ./Core/Src/main.o
                0x00000000080013d8                to_communication_range
 .text.check_communication
                0x000000000800141c       0x40 ./Core/Src/main.o
                0x000000000800141c                check_communication
 .text.HAL_TIM_IC_CaptureCallback
                0x000000000800145c       0x6c ./Core/Src/main.o
                0x000000000800145c                HAL_TIM_IC_CaptureCallback
 .text.Error_Handler
                0x00000000080014c8        0xe ./Core/Src/main.o
                0x00000000080014c8                Error_Handler
 *fill*         0x00000000080014d6        0x2 
 .text.HAL_MspInit
                0x00000000080014d8       0x48 ./Core/Src/stm32f3xx_hal_msp.o
                0x00000000080014d8                HAL_MspInit
 .text.NMI_Handler
                0x0000000008001520        0x6 ./Core/Src/stm32f3xx_it.o
                0x0000000008001520                NMI_Handler
 .text.HardFault_Handler
                0x0000000008001526        0x6 ./Core/Src/stm32f3xx_it.o
                0x0000000008001526                HardFault_Handler
 .text.MemManage_Handler
                0x000000000800152c        0x6 ./Core/Src/stm32f3xx_it.o
                0x000000000800152c                MemManage_Handler
 .text.BusFault_Handler
                0x0000000008001532        0x6 ./Core/Src/stm32f3xx_it.o
                0x0000000008001532                BusFault_Handler
 .text.UsageFault_Handler
                0x0000000008001538        0x6 ./Core/Src/stm32f3xx_it.o
                0x0000000008001538                UsageFault_Handler
 .text.SVC_Handler
                0x000000000800153e        0xe ./Core/Src/stm32f3xx_it.o
                0x000000000800153e                SVC_Handler
 .text.DebugMon_Handler
                0x000000000800154c        0xe ./Core/Src/stm32f3xx_it.o
                0x000000000800154c                DebugMon_Handler
 .text.PendSV_Handler
                0x000000000800155a        0xe ./Core/Src/stm32f3xx_it.o
                0x000000000800155a                PendSV_Handler
 .text.SysTick_Handler
                0x0000000008001568        0xc ./Core/Src/stm32f3xx_it.o
                0x0000000008001568                SysTick_Handler
 .text.DMA1_Channel6_IRQHandler
                0x0000000008001574       0x14 ./Core/Src/stm32f3xx_it.o
                0x0000000008001574                DMA1_Channel6_IRQHandler
 .text.TIM1_UP_TIM16_IRQHandler
                0x0000000008001588       0x14 ./Core/Src/stm32f3xx_it.o
                0x0000000008001588                TIM1_UP_TIM16_IRQHandler
 .text.USART1_IRQHandler
                0x000000000800159c       0x14 ./Core/Src/stm32f3xx_it.o
                0x000000000800159c                USART1_IRQHandler
 .text.USART2_IRQHandler
                0x00000000080015b0       0x14 ./Core/Src/stm32f3xx_it.o
                0x00000000080015b0                USART2_IRQHandler
 .text.TIM6_DAC1_IRQHandler
                0x00000000080015c4       0x14 ./Core/Src/stm32f3xx_it.o
                0x00000000080015c4                TIM6_DAC1_IRQHandler
 .text.SystemInit
                0x00000000080015d8       0x24 ./Core/Src/system_stm32f3xx.o
                0x00000000080015d8                SystemInit
 .text.MX_TIM2_Init
                0x00000000080015fc       0xa8 ./Core/Src/tim.o
                0x00000000080015fc                MX_TIM2_Init
 .text.MX_TIM3_Init
                0x00000000080016a4       0xac ./Core/Src/tim.o
                0x00000000080016a4                MX_TIM3_Init
 .text.MX_TIM6_Init
                0x0000000008001750       0x70 ./Core/Src/tim.o
                0x0000000008001750                MX_TIM6_Init
 .text.MX_TIM16_Init
                0x00000000080017c0       0x98 ./Core/Src/tim.o
                0x00000000080017c0                MX_TIM16_Init
 .text.HAL_TIM_Encoder_MspInit
                0x0000000008001858       0xe4 ./Core/Src/tim.o
                0x0000000008001858                HAL_TIM_Encoder_MspInit
 .text.HAL_TIM_Base_MspInit
                0x000000000800193c       0xd0 ./Core/Src/tim.o
                0x000000000800193c                HAL_TIM_Base_MspInit
 .text.MX_USART1_UART_Init
                0x0000000008001a0c       0x60 ./Core/Src/usart.o
                0x0000000008001a0c                MX_USART1_UART_Init
 .text.MX_USART2_UART_Init
                0x0000000008001a6c       0x60 ./Core/Src/usart.o
                0x0000000008001a6c                MX_USART2_UART_Init
 .text.HAL_UART_MspInit
                0x0000000008001acc      0x160 ./Core/Src/usart.o
                0x0000000008001acc                HAL_UART_MspInit
 .text.Reset_Handler
                0x0000000008001c2c       0x50 ./Core/Startup/startup_stm32f303k8tx.o
                0x0000000008001c2c                Reset_Handler
 .text.Default_Handler
                0x0000000008001c7c        0x2 ./Core/Startup/startup_stm32f303k8tx.o
                0x0000000008001c7c                RTC_Alarm_IRQHandler
                0x0000000008001c7c                TIM1_CC_IRQHandler
                0x0000000008001c7c                PVD_IRQHandler
                0x0000000008001c7c                TAMP_STAMP_IRQHandler
                0x0000000008001c7c                EXTI3_IRQHandler
                0x0000000008001c7c                EXTI0_IRQHandler
                0x0000000008001c7c                FPU_IRQHandler
                0x0000000008001c7c                CAN_TX_IRQHandler
                0x0000000008001c7c                ADC1_2_IRQHandler
                0x0000000008001c7c                SPI1_IRQHandler
                0x0000000008001c7c                CAN_SCE_IRQHandler
                0x0000000008001c7c                DMA1_Channel4_IRQHandler
                0x0000000008001c7c                USART3_IRQHandler
                0x0000000008001c7c                DMA1_Channel7_IRQHandler
                0x0000000008001c7c                TIM7_DAC2_IRQHandler
                0x0000000008001c7c                CAN_RX1_IRQHandler
                0x0000000008001c7c                I2C1_EV_IRQHandler
                0x0000000008001c7c                TIM3_IRQHandler
                0x0000000008001c7c                RCC_IRQHandler
                0x0000000008001c7c                DMA1_Channel1_IRQHandler
                0x0000000008001c7c                Default_Handler
                0x0000000008001c7c                EXTI15_10_IRQHandler
                0x0000000008001c7c                COMP2_IRQHandler
                0x0000000008001c7c                EXTI9_5_IRQHandler
                0x0000000008001c7c                RTC_WKUP_IRQHandler
                0x0000000008001c7c                DMA1_Channel5_IRQHandler
                0x0000000008001c7c                EXTI4_IRQHandler
                0x0000000008001c7c                TIM1_TRG_COM_TIM17_IRQHandler
                0x0000000008001c7c                DMA1_Channel3_IRQHandler
                0x0000000008001c7c                WWDG_IRQHandler
                0x0000000008001c7c                TIM2_IRQHandler
                0x0000000008001c7c                EXTI1_IRQHandler
                0x0000000008001c7c                COMP4_6_IRQHandler
                0x0000000008001c7c                DMA1_Channel2_IRQHandler
                0x0000000008001c7c                FLASH_IRQHandler
                0x0000000008001c7c                CAN_RX0_IRQHandler
                0x0000000008001c7c                I2C1_ER_IRQHandler
                0x0000000008001c7c                EXTI2_TSC_IRQHandler
                0x0000000008001c7c                TIM1_BRK_TIM15_IRQHandler
 *fill*         0x0000000008001c7e        0x2 
 .text.HAL_Init
                0x0000000008001c80       0x2c ./Drivers/STM32F3xx_HAL_Driver/Src/stm32f3xx_hal.o
                0x0000000008001c80                HAL_Init
 .text.HAL_InitTick
                0x0000000008001cac       0x60 ./Drivers/STM32F3xx_HAL_Driver/Src/stm32f3xx_hal.o
                0x0000000008001cac                HAL_InitTick
 .text.HAL_IncTick
                0x0000000008001d0c       0x28 ./Drivers/STM32F3xx_HAL_Driver/Src/stm32f3xx_hal.o
                0x0000000008001d0c                HAL_IncTick
 .text.HAL_GetTick
                0x0000000008001d34       0x18 ./Drivers/STM32F3xx_HAL_Driver/Src/stm32f3xx_hal.o
                0x0000000008001d34                HAL_GetTick
 .text.__NVIC_SetPriorityGrouping
                0x0000000008001d4c       0x48 ./Drivers/STM32F3xx_HAL_Driver/Src/stm32f3xx_hal_cortex.o
 .text.__NVIC_GetPriorityGrouping
                0x0000000008001d94       0x1c ./Drivers/STM32F3xx_HAL_Driver/Src/stm32f3xx_hal_cortex.o
 .text.__NVIC_EnableIRQ
                0x0000000008001db0       0x3c ./Drivers/STM32F3xx_HAL_Driver/Src/stm32f3xx_hal_cortex.o
 .text.__NVIC_SetPriority
                0x0000000008001dec       0x54 ./Drivers/STM32F3xx_HAL_Driver/Src/stm32f3xx_hal_cortex.o
 .text.NVIC_EncodePriority
                0x0000000008001e40       0x66 ./Drivers/STM32F3xx_HAL_Driver/Src/stm32f3xx_hal_cortex.o
 *fill*         0x0000000008001ea6        0x2 
 .text.SysTick_Config
                0x0000000008001ea8       0x44 ./Drivers/STM32F3xx_HAL_Driver/Src/stm32f3xx_hal_cortex.o
 .text.HAL_NVIC_SetPriorityGrouping
                0x0000000008001eec       0x16 ./Drivers/STM32F3xx_HAL_Driver/Src/stm32f3xx_hal_cortex.o
                0x0000000008001eec                HAL_NVIC_SetPriorityGrouping
 .text.HAL_NVIC_SetPriority
                0x0000000008001f02       0x38 ./Drivers/STM32F3xx_HAL_Driver/Src/stm32f3xx_hal_cortex.o
                0x0000000008001f02                HAL_NVIC_SetPriority
 .text.HAL_NVIC_EnableIRQ
                0x0000000008001f3a       0x1c ./Drivers/STM32F3xx_HAL_Driver/Src/stm32f3xx_hal_cortex.o
                0x0000000008001f3a                HAL_NVIC_EnableIRQ
 .text.HAL_SYSTICK_Config
                0x0000000008001f56       0x18 ./Drivers/STM32F3xx_HAL_Driver/Src/stm32f3xx_hal_cortex.o
                0x0000000008001f56                HAL_SYSTICK_Config
 .text.HAL_DMA_Init
                0x0000000008001f6e       0x8e ./Drivers/STM32F3xx_HAL_Driver/Src/stm32f3xx_hal_dma.o
                0x0000000008001f6e                HAL_DMA_Init
 .text.HAL_DMA_Start_IT
                0x0000000008001ffc       0xbe ./Drivers/STM32F3xx_HAL_Driver/Src/stm32f3xx_hal_dma.o
                0x0000000008001ffc                HAL_DMA_Start_IT
 .text.HAL_DMA_Abort
                0x00000000080020ba       0x72 ./Drivers/STM32F3xx_HAL_Driver/Src/stm32f3xx_hal_dma.o
                0x00000000080020ba                HAL_DMA_Abort
 .text.HAL_DMA_Abort_IT
                0x000000000800212c       0x7c ./Drivers/STM32F3xx_HAL_Driver/Src/stm32f3xx_hal_dma.o
                0x000000000800212c                HAL_DMA_Abort_IT
 .text.HAL_DMA_IRQHandler
                0x00000000080021a8      0x146 ./Drivers/STM32F3xx_HAL_Driver/Src/stm32f3xx_hal_dma.o
                0x00000000080021a8                HAL_DMA_IRQHandler
 .text.DMA_SetConfig
                0x00000000080022ee       0x5c ./Drivers/STM32F3xx_HAL_Driver/Src/stm32f3xx_hal_dma.o
 *fill*         0x000000000800234a        0x2 
 .text.DMA_CalcBaseAndBitshift
                0x000000000800234c       0x40 ./Drivers/STM32F3xx_HAL_Driver/Src/stm32f3xx_hal_dma.o
 .text.HAL_GPIO_Init
                0x000000000800238c      0x2e4 ./Drivers/STM32F3xx_HAL_Driver/Src/stm32f3xx_hal_gpio.o
                0x000000000800238c                HAL_GPIO_Init
 .text.HAL_RCC_OscConfig
                0x0000000008002670      0xe10 ./Drivers/STM32F3xx_HAL_Driver/Src/stm32f3xx_hal_rcc.o
                0x0000000008002670                HAL_RCC_OscConfig
 .text.HAL_RCC_ClockConfig
                0x0000000008003480      0x2f8 ./Drivers/STM32F3xx_HAL_Driver/Src/stm32f3xx_hal_rcc.o
                0x0000000008003480                HAL_RCC_ClockConfig
 .text.HAL_RCC_GetSysClockFreq
                0x0000000008003778       0xd8 ./Drivers/STM32F3xx_HAL_Driver/Src/stm32f3xx_hal_rcc.o
                0x0000000008003778                HAL_RCC_GetSysClockFreq
 .text.HAL_RCC_GetHCLKFreq
                0x0000000008003850       0x18 ./Drivers/STM32F3xx_HAL_Driver/Src/stm32f3xx_hal_rcc.o
                0x0000000008003850                HAL_RCC_GetHCLKFreq
 .text.HAL_RCC_GetPCLK1Freq
                0x0000000008003868       0x44 ./Drivers/STM32F3xx_HAL_Driver/Src/stm32f3xx_hal_rcc.o
                0x0000000008003868                HAL_RCC_GetPCLK1Freq
 .text.HAL_RCC_GetPCLK2Freq
                0x00000000080038ac       0x44 ./Drivers/STM32F3xx_HAL_Driver/Src/stm32f3xx_hal_rcc.o
                0x00000000080038ac                HAL_RCC_GetPCLK2Freq
 .text.HAL_RCCEx_PeriphCLKConfig
                0x00000000080038f0      0x24c ./Drivers/STM32F3xx_HAL_Driver/Src/stm32f3xx_hal_rcc_ex.o
                0x00000000080038f0                HAL_RCCEx_PeriphCLKConfig
 .text.HAL_TIM_Base_Init
                0x0000000008003b3c       0xae ./Drivers/STM32F3xx_HAL_Driver/Src/stm32f3xx_hal_tim.o
                0x0000000008003b3c                HAL_TIM_Base_Init
 *fill*         0x0000000008003bea        0x2 
 .text.HAL_TIM_Base_Start_IT
                0x0000000008003bec       0xb8 ./Drivers/STM32F3xx_HAL_Driver/Src/stm32f3xx_hal_tim.o
                0x0000000008003bec                HAL_TIM_Base_Start_IT
 .text.HAL_TIM_IC_Init
                0x0000000008003ca4       0xae ./Drivers/STM32F3xx_HAL_Driver/Src/stm32f3xx_hal_tim.o
                0x0000000008003ca4                HAL_TIM_IC_Init
 .text.HAL_TIM_IC_MspInit
                0x0000000008003d52       0x14 ./Drivers/STM32F3xx_HAL_Driver/Src/stm32f3xx_hal_tim.o
                0x0000000008003d52                HAL_TIM_IC_MspInit
 *fill*         0x0000000008003d66        0x2 
 .text.HAL_TIM_IC_Start_IT
                0x0000000008003d68      0x268 ./Drivers/STM32F3xx_HAL_Driver/Src/stm32f3xx_hal_tim.o
                0x0000000008003d68                HAL_TIM_IC_Start_IT
 .text.HAL_TIM_Encoder_Init
                0x0000000008003fd0      0x14c ./Drivers/STM32F3xx_HAL_Driver/Src/stm32f3xx_hal_tim.o
                0x0000000008003fd0                HAL_TIM_Encoder_Init
 .text.HAL_TIM_Encoder_Start
                0x000000000800411c      0x11c ./Drivers/STM32F3xx_HAL_Driver/Src/stm32f3xx_hal_tim.o
                0x000000000800411c                HAL_TIM_Encoder_Start
 .text.HAL_TIM_IRQHandler
                0x0000000008004238      0x23e ./Drivers/STM32F3xx_HAL_Driver/Src/stm32f3xx_hal_tim.o
                0x0000000008004238                HAL_TIM_IRQHandler
 .text.HAL_TIM_IC_ConfigChannel
                0x0000000008004476      0x138 ./Drivers/STM32F3xx_HAL_Driver/Src/stm32f3xx_hal_tim.o
                0x0000000008004476                HAL_TIM_IC_ConfigChannel
 *fill*         0x00000000080045ae        0x2 
 .text.HAL_TIM_ReadCapturedValue
                0x00000000080045b0       0x88 ./Drivers/STM32F3xx_HAL_Driver/Src/stm32f3xx_hal_tim.o
                0x00000000080045b0                HAL_TIM_ReadCapturedValue
 .text.HAL_TIM_OC_DelayElapsedCallback
                0x0000000008004638       0x14 ./Drivers/STM32F3xx_HAL_Driver/Src/stm32f3xx_hal_tim.o
                0x0000000008004638                HAL_TIM_OC_DelayElapsedCallback
 .text.HAL_TIM_PWM_PulseFinishedCallback
                0x000000000800464c       0x14 ./Drivers/STM32F3xx_HAL_Driver/Src/stm32f3xx_hal_tim.o
                0x000000000800464c                HAL_TIM_PWM_PulseFinishedCallback
 .text.HAL_TIM_TriggerCallback
                0x0000000008004660       0x14 ./Drivers/STM32F3xx_HAL_Driver/Src/stm32f3xx_hal_tim.o
                0x0000000008004660                HAL_TIM_TriggerCallback
 .text.TIM_Base_SetConfig
                0x0000000008004674       0xf0 ./Drivers/STM32F3xx_HAL_Driver/Src/stm32f3xx_hal_tim.o
                0x0000000008004674                TIM_Base_SetConfig
 .text.TIM_TI1_SetConfig
                0x0000000008004764       0xb8 ./Drivers/STM32F3xx_HAL_Driver/Src/stm32f3xx_hal_tim.o
                0x0000000008004764                TIM_TI1_SetConfig
 .text.TIM_TI2_SetConfig
                0x000000000800481c       0x7a ./Drivers/STM32F3xx_HAL_Driver/Src/stm32f3xx_hal_tim.o
 .text.TIM_TI3_SetConfig
                0x0000000008004896       0x78 ./Drivers/STM32F3xx_HAL_Driver/Src/stm32f3xx_hal_tim.o
 .text.TIM_TI4_SetConfig
                0x000000000800490e       0x7a ./Drivers/STM32F3xx_HAL_Driver/Src/stm32f3xx_hal_tim.o
 .text.TIM_CCxChannelCmd
                0x0000000008004988       0x4a ./Drivers/STM32F3xx_HAL_Driver/Src/stm32f3xx_hal_tim.o
                0x0000000008004988                TIM_CCxChannelCmd
 *fill*         0x00000000080049d2        0x2 
 .text.HAL_TIMEx_MasterConfigSynchronization
                0x00000000080049d4       0xdc ./Drivers/STM32F3xx_HAL_Driver/Src/stm32f3xx_hal_tim_ex.o
                0x00000000080049d4                HAL_TIMEx_MasterConfigSynchronization
 .text.HAL_TIMEx_CommutCallback
                0x0000000008004ab0       0x14 ./Drivers/STM32F3xx_HAL_Driver/Src/stm32f3xx_hal_tim_ex.o
                0x0000000008004ab0                HAL_TIMEx_CommutCallback
 .text.HAL_TIMEx_BreakCallback
                0x0000000008004ac4       0x14 ./Drivers/STM32F3xx_HAL_Driver/Src/stm32f3xx_hal_tim_ex.o
                0x0000000008004ac4                HAL_TIMEx_BreakCallback
 .text.HAL_TIMEx_Break2Callback
                0x0000000008004ad8       0x14 ./Drivers/STM32F3xx_HAL_Driver/Src/stm32f3xx_hal_tim_ex.o
                0x0000000008004ad8                HAL_TIMEx_Break2Callback
 .text.HAL_UART_Init
                0x0000000008004aec       0x9c ./Drivers/STM32F3xx_HAL_Driver/Src/stm32f3xx_hal_uart.o
                0x0000000008004aec                HAL_UART_Init
 .text.HAL_UART_Transmit_IT
                0x0000000008004b88       0xdc ./Drivers/STM32F3xx_HAL_Driver/Src/stm32f3xx_hal_uart.o
                0x0000000008004b88                HAL_UART_Transmit_IT
 .text.HAL_UART_Receive_DMA
                0x0000000008004c64       0x9c ./Drivers/STM32F3xx_HAL_Driver/Src/stm32f3xx_hal_uart.o
                0x0000000008004c64                HAL_UART_Receive_DMA
 .text.HAL_UART_IRQHandler
                0x0000000008004d00      0x5bc ./Drivers/STM32F3xx_HAL_Driver/Src/stm32f3xx_hal_uart.o
                0x0000000008004d00                HAL_UART_IRQHandler
 .text.HAL_UART_TxCpltCallback
                0x00000000080052bc       0x14 ./Drivers/STM32F3xx_HAL_Driver/Src/stm32f3xx_hal_uart.o
                0x00000000080052bc                HAL_UART_TxCpltCallback
 .text.HAL_UART_RxHalfCpltCallback
                0x00000000080052d0       0x14 ./Drivers/STM32F3xx_HAL_Driver/Src/stm32f3xx_hal_uart.o
                0x00000000080052d0                HAL_UART_RxHalfCpltCallback
 .text.HAL_UART_ErrorCallback
                0x00000000080052e4       0x14 ./Drivers/STM32F3xx_HAL_Driver/Src/stm32f3xx_hal_uart.o
                0x00000000080052e4                HAL_UART_ErrorCallback
 .text.HAL_UARTEx_RxEventCallback
                0x00000000080052f8       0x18 ./Drivers/STM32F3xx_HAL_Driver/Src/stm32f3xx_hal_uart.o
                0x00000000080052f8                HAL_UARTEx_RxEventCallback
 .text.UART_SetConfig
                0x0000000008005310      0x26c ./Drivers/STM32F3xx_HAL_Driver/Src/stm32f3xx_hal_uart.o
                0x0000000008005310                UART_SetConfig
 .text.UART_AdvFeatureConfig
                0x000000000800557c      0x144 ./Drivers/STM32F3xx_HAL_Driver/Src/stm32f3xx_hal_uart.o
                0x000000000800557c                UART_AdvFeatureConfig
 .text.UART_CheckIdleState
                0x00000000080056c0       0x92 ./Drivers/STM32F3xx_HAL_Driver/Src/stm32f3xx_hal_uart.o
                0x00000000080056c0                UART_CheckIdleState
 .text.UART_WaitOnFlagUntilTimeout
                0x0000000008005752      0x188 ./Drivers/STM32F3xx_HAL_Driver/Src/stm32f3xx_hal_uart.o
                0x0000000008005752                UART_WaitOnFlagUntilTimeout
 *fill*         0x00000000080058da        0x2 
 .text.UART_Start_Receive_DMA
                0x00000000080058dc      0x144 ./Drivers/STM32F3xx_HAL_Driver/Src/stm32f3xx_hal_uart.o
                0x00000000080058dc                UART_Start_Receive_DMA
 .text.UART_EndTxTransfer
                0x0000000008005a20       0x4c ./Drivers/STM32F3xx_HAL_Driver/Src/stm32f3xx_hal_uart.o
 .text.UART_EndRxTransfer
                0x0000000008005a6c       0xc6 ./Drivers/STM32F3xx_HAL_Driver/Src/stm32f3xx_hal_uart.o
 .text.UART_DMAReceiveCplt
                0x0000000008005b32      0x11e ./Drivers/STM32F3xx_HAL_Driver/Src/stm32f3xx_hal_uart.o
 .text.UART_DMARxHalfCplt
                0x0000000008005c50       0x38 ./Drivers/STM32F3xx_HAL_Driver/Src/stm32f3xx_hal_uart.o
 .text.UART_DMAError
                0x0000000008005c88       0x7c ./Drivers/STM32F3xx_HAL_Driver/Src/stm32f3xx_hal_uart.o
 .text.UART_DMAAbortOnError
                0x0000000008005d04       0x2c ./Drivers/STM32F3xx_HAL_Driver/Src/stm32f3xx_hal_uart.o
 .text.UART_TxISR_8BIT
                0x0000000008005d30       0xb8 ./Drivers/STM32F3xx_HAL_Driver/Src/stm32f3xx_hal_uart.o
 .text.UART_TxISR_16BIT
                0x0000000008005de8       0xc0 ./Drivers/STM32F3xx_HAL_Driver/Src/stm32f3xx_hal_uart.o
 .text.UART_EndTransmit_IT
                0x0000000008005ea8       0x54 ./Drivers/STM32F3xx_HAL_Driver/Src/stm32f3xx_hal_uart.o
 .text.HAL_UARTEx_WakeupCallback
                0x0000000008005efc       0x14 ./Drivers/STM32F3xx_HAL_Driver/Src/stm32f3xx_hal_uart_ex.o
                0x0000000008005efc                HAL_UARTEx_WakeupCallback
 .text.__libc_init_array
                0x0000000008005f10       0x48 c:/st/stm32cubeide_1.8.0/stm32cubeide/plugins/com.st.stm32cube.ide.mcu.externaltools.gnu-tools-for-stm32.9-2020-q2-update.win32_2.0.0.202105311346/tools/bin/../lib/gcc/arm-none-eabi/9.3.1/../../../../arm-none-eabi/lib/thumb/v7e-m+fp/hard\libc_nano.a(lib_a-init.o)
                0x0000000008005f10                __libc_init_array
 .text.memset   0x0000000008005f58       0x10 c:/st/stm32cubeide_1.8.0/stm32cubeide/plugins/com.st.stm32cube.ide.mcu.externaltools.gnu-tools-for-stm32.9-2020-q2-update.win32_2.0.0.202105311346/tools/bin/../lib/gcc/arm-none-eabi/9.3.1/../../../../arm-none-eabi/lib/thumb/v7e-m+fp/hard\libc_nano.a(lib_a-memset.o)
                0x0000000008005f58                memset
 *(.glue_7)
 .glue_7        0x0000000008005f68        0x0 linker stubs
 *(.glue_7t)
 .glue_7t       0x0000000008005f68        0x0 linker stubs
 *(.eh_frame)
 .eh_frame      0x0000000008005f68        0x0 c:/st/stm32cubeide_1.8.0/stm32cubeide/plugins/com.st.stm32cube.ide.mcu.externaltools.gnu-tools-for-stm32.9-2020-q2-update.win32_2.0.0.202105311346/tools/bin/../lib/gcc/arm-none-eabi/9.3.1/thumb/v7e-m+fp/hard/crtbegin.o
 *(.init)
 .init          0x0000000008005f68        0x4 c:/st/stm32cubeide_1.8.0/stm32cubeide/plugins/com.st.stm32cube.ide.mcu.externaltools.gnu-tools-for-stm32.9-2020-q2-update.win32_2.0.0.202105311346/tools/bin/../lib/gcc/arm-none-eabi/9.3.1/thumb/v7e-m+fp/hard/crti.o
                0x0000000008005f68                _init
 .init          0x0000000008005f6c        0x8 c:/st/stm32cubeide_1.8.0/stm32cubeide/plugins/com.st.stm32cube.ide.mcu.externaltools.gnu-tools-for-stm32.9-2020-q2-update.win32_2.0.0.202105311346/tools/bin/../lib/gcc/arm-none-eabi/9.3.1/thumb/v7e-m+fp/hard/crtn.o
 *(.fini)
 .fini          0x0000000008005f74        0x4 c:/st/stm32cubeide_1.8.0/stm32cubeide/plugins/com.st.stm32cube.ide.mcu.externaltools.gnu-tools-for-stm32.9-2020-q2-update.win32_2.0.0.202105311346/tools/bin/../lib/gcc/arm-none-eabi/9.3.1/thumb/v7e-m+fp/hard/crti.o
                0x0000000008005f74                _fini
 .fini          0x0000000008005f78        0x8 c:/st/stm32cubeide_1.8.0/stm32cubeide/plugins/com.st.stm32cube.ide.mcu.externaltools.gnu-tools-for-stm32.9-2020-q2-update.win32_2.0.0.202105311346/tools/bin/../lib/gcc/arm-none-eabi/9.3.1/thumb/v7e-m+fp/hard/crtn.o
                0x0000000008005f80                . = ALIGN (0x4)
                0x0000000008005f80                _etext = .

.vfp11_veneer   0x0000000008005f80        0x0
 .vfp11_veneer  0x0000000008005f80        0x0 linker stubs

.v4_bx          0x0000000008005f80        0x0
 .v4_bx         0x0000000008005f80        0x0 linker stubs

.iplt           0x0000000008005f80        0x0
 .iplt          0x0000000008005f80        0x0 c:/st/stm32cubeide_1.8.0/stm32cubeide/plugins/com.st.stm32cube.ide.mcu.externaltools.gnu-tools-for-stm32.9-2020-q2-update.win32_2.0.0.202105311346/tools/bin/../lib/gcc/arm-none-eabi/9.3.1/thumb/v7e-m+fp/hard/crtbegin.o

.rodata         0x0000000008005f80       0x38
                0x0000000008005f80                . = ALIGN (0x4)
 *(.rodata)
 *(.rodata*)
 .rodata.AHBPrescTable
                0x0000000008005f80       0x10 ./Core/Src/system_stm32f3xx.o
                0x0000000008005f80                AHBPrescTable
 .rodata.APBPrescTable
                0x0000000008005f90        0x8 ./Core/Src/system_stm32f3xx.o
                0x0000000008005f90                APBPrescTable
 .rodata.aPLLMULFactorTable
                0x0000000008005f98       0x10 ./Drivers/STM32F3xx_HAL_Driver/Src/stm32f3xx_hal_rcc.o
                0x0000000008005f98                aPLLMULFactorTable
 .rodata.aPredivFactorTable
                0x0000000008005fa8       0x10 ./Drivers/STM32F3xx_HAL_Driver/Src/stm32f3xx_hal_rcc.o
                0x0000000008005fa8                aPredivFactorTable
                0x0000000008005fb8                . = ALIGN (0x4)

.rel.dyn        0x0000000008005fb8        0x0
 .rel.iplt      0x0000000008005fb8        0x0 c:/st/stm32cubeide_1.8.0/stm32cubeide/plugins/com.st.stm32cube.ide.mcu.externaltools.gnu-tools-for-stm32.9-2020-q2-update.win32_2.0.0.202105311346/tools/bin/../lib/gcc/arm-none-eabi/9.3.1/thumb/v7e-m+fp/hard/crtbegin.o

.ARM.extab      0x0000000008005fb8        0x0
                0x0000000008005fb8                . = ALIGN (0x4)
 *(.ARM.extab* .gnu.linkonce.armextab.*)
                0x0000000008005fb8                . = ALIGN (0x4)

.ARM            0x0000000008005fb8        0x0
                0x0000000008005fb8                . = ALIGN (0x4)
                0x0000000008005fb8                __exidx_start = .
 *(.ARM.exidx*)
                0x0000000008005fb8                __exidx_end = .
                0x0000000008005fb8                . = ALIGN (0x4)

.preinit_array  0x0000000008005fb8        0x0
                0x0000000008005fb8                . = ALIGN (0x4)
                0x0000000008005fb8                PROVIDE (__preinit_array_start = .)
 *(.preinit_array*)
                0x0000000008005fb8                PROVIDE (__preinit_array_end = .)
                0x0000000008005fb8                . = ALIGN (0x4)

.init_array     0x0000000008005fb8        0x4
                0x0000000008005fb8                . = ALIGN (0x4)
                0x0000000008005fb8                PROVIDE (__init_array_start = .)
 *(SORT_BY_NAME(.init_array.*))
 *(.init_array*)
 .init_array    0x0000000008005fb8        0x4 c:/st/stm32cubeide_1.8.0/stm32cubeide/plugins/com.st.stm32cube.ide.mcu.externaltools.gnu-tools-for-stm32.9-2020-q2-update.win32_2.0.0.202105311346/tools/bin/../lib/gcc/arm-none-eabi/9.3.1/thumb/v7e-m+fp/hard/crtbegin.o
                0x0000000008005fbc                PROVIDE (__init_array_end = .)
                0x0000000008005fbc                . = ALIGN (0x4)

.fini_array     0x0000000008005fbc        0x4
                0x0000000008005fbc                . = ALIGN (0x4)
                [!provide]                        PROVIDE (__fini_array_start = .)
 *(SORT_BY_NAME(.fini_array.*))
 *(.fini_array*)
 .fini_array    0x0000000008005fbc        0x4 c:/st/stm32cubeide_1.8.0/stm32cubeide/plugins/com.st.stm32cube.ide.mcu.externaltools.gnu-tools-for-stm32.9-2020-q2-update.win32_2.0.0.202105311346/tools/bin/../lib/gcc/arm-none-eabi/9.3.1/thumb/v7e-m+fp/hard/crtbegin.o
                [!provide]                        PROVIDE (__fini_array_end = .)
                0x0000000008005fc0                . = ALIGN (0x4)
                0x0000000008005fc0                _sidata = LOADADDR (.data)

.data           0x0000000020000000        0xc load address 0x0000000008005fc0
                0x0000000020000000                . = ALIGN (0x4)
                0x0000000020000000                _sdata = .
 *(.data)
 *(.data*)
 .data.SystemCoreClock
                0x0000000020000000        0x4 ./Core/Src/system_stm32f3xx.o
                0x0000000020000000                SystemCoreClock
 .data.uwTickPrio
                0x0000000020000004        0x4 ./Drivers/STM32F3xx_HAL_Driver/Src/stm32f3xx_hal.o
                0x0000000020000004                uwTickPrio
 .data.uwTickFreq
                0x0000000020000008        0x1 ./Drivers/STM32F3xx_HAL_Driver/Src/stm32f3xx_hal.o
                0x0000000020000008                uwTickFreq
 *(.RamFunc)
 *(.RamFunc*)
                0x000000002000000c                . = ALIGN (0x4)
 *fill*         0x0000000020000009        0x3 
                0x000000002000000c                _edata = .
                0x0000000008005fcc                _siccmram = LOADADDR (.ccmram)

.igot.plt       0x000000002000000c        0x0 load address 0x0000000008005fcc
 .igot.plt      0x000000002000000c        0x0 c:/st/stm32cubeide_1.8.0/stm32cubeide/plugins/com.st.stm32cube.ide.mcu.externaltools.gnu-tools-for-stm32.9-2020-q2-update.win32_2.0.0.202105311346/tools/bin/../lib/gcc/arm-none-eabi/9.3.1/thumb/v7e-m+fp/hard/crtbegin.o

.ccmram         0x0000000010000000        0x0 load address 0x0000000008005fcc
                0x0000000010000000                . = ALIGN (0x4)
                0x0000000010000000                _sccmram = .
 *(.ccmram)
 *(.ccmram*)
                0x0000000010000000                . = ALIGN (0x4)
                0x0000000010000000                _eccmram = .
                0x0000000010000000                . = ALIGN (0x4)

.bss            0x000000002000000c      0x368
                0x000000002000000c                _sbss = .
                0x000000002000000c                __bss_start__ = _sbss
 *(.bss)
 .bss           0x000000002000000c       0x1c c:/st/stm32cubeide_1.8.0/stm32cubeide/plugins/com.st.stm32cube.ide.mcu.externaltools.gnu-tools-for-stm32.9-2020-q2-update.win32_2.0.0.202105311346/tools/bin/../lib/gcc/arm-none-eabi/9.3.1/thumb/v7e-m+fp/hard/crtbegin.o
 *(.bss*)
 .bss.uart_rx_buffer
                0x0000000020000028       0x20 ./Core/Src/ibus.o
 .bss.fail_safe_flag
                0x0000000020000048        0x1 ./Core/Src/ibus.o
 .bss.COMM_flaga
                0x0000000020000049        0x1 ./Core/Src/main.o
                0x0000000020000049                COMM_flaga
 .bss.pomiar_przod_lewy
                0x000000002000004a        0x2 ./Core/Src/main.o
                0x000000002000004a                pomiar_przod_lewy
 .bss.pomiar_przod_prawy
                0x000000002000004c        0x2 ./Core/Src/main.o
                0x000000002000004c                pomiar_przod_prawy
 .bss.pomiar_serwo_kat
                0x000000002000004e        0x2 ./Core/Src/main.o
                0x000000002000004e                pomiar_serwo_kat
 .bss.IC_Captured
                0x0000000020000050        0x4 ./Core/Src/main.o
                0x0000000020000050                IC_Captured
 .bss.T0        0x0000000020000054        0x4 ./Core/Src/main.o
                0x0000000020000054                T0
 .bss.T1        0x0000000020000058        0x4 ./Core/Src/main.o
                0x0000000020000058                T1
 *(COMMON)
 COMMON         0x000000002000005c       0x98 ./Core/Src/main.o
                0x000000002000005c                I4_V_MAX
                0x0000000020000060                mot_przod_prawy
                0x0000000020000094                OFF_ON
                0x0000000020000095                MA
                0x0000000020000098                mot_przod_lewy
                0x00000000200000cc                I1_V
                0x00000000200000d0                ibus_data
                0x00000000200000dc                MCU_send_data
                0x00000000200000ea                I6_ONOFF
                0x00000000200000ec                I2_OMEGA
                0x00000000200000ee                odebranie
                0x00000000200000f0                I3_PLCHLDR
                0x00000000200000f2                I5_MA
 COMMON         0x00000000200000f4      0x130 ./Core/Src/tim.o
                0x00000000200000f4                htim3
                0x0000000020000140                htim6
                0x000000002000018c                htim2
                0x00000000200001d8                htim16
 COMMON         0x0000000020000224      0x14c ./Core/Src/usart.o
                0x0000000020000224                hdma_usart2_rx
                0x0000000020000268                huart1
                0x00000000200002ec                huart2
 COMMON         0x0000000020000370        0x4 ./Drivers/STM32F3xx_HAL_Driver/Src/stm32f3xx_hal.o
                0x0000000020000370                uwTick
                0x0000000020000374                . = ALIGN (0x4)
                0x0000000020000374                _ebss = .
                0x0000000020000374                __bss_end__ = _ebss

._user_heap_stack
                0x0000000020000374      0x604
                0x0000000020000378                . = ALIGN (0x8)
 *fill*         0x0000000020000374        0x4 
                [!provide]                        PROVIDE (end = .)
                0x0000000020000378                PROVIDE (_end = .)
                0x0000000020000578                . = (. + _Min_Heap_Size)
 *fill*         0x0000000020000378      0x200 
                0x0000000020000978                . = (. + _Min_Stack_Size)
 *fill*         0x0000000020000578      0x400 
                0x0000000020000978                . = ALIGN (0x8)

/DISCARD/
 libc.a(*)
 libm.a(*)
 libgcc.a(*)

.ARM.attributes
                0x0000000000000000       0x30
 *(.ARM.attributes)
 .ARM.attributes
                0x0000000000000000       0x1e c:/st/stm32cubeide_1.8.0/stm32cubeide/plugins/com.st.stm32cube.ide.mcu.externaltools.gnu-tools-for-stm32.9-2020-q2-update.win32_2.0.0.202105311346/tools/bin/../lib/gcc/arm-none-eabi/9.3.1/thumb/v7e-m+fp/hard/crti.o
 .ARM.attributes
                0x000000000000001e       0x34 c:/st/stm32cubeide_1.8.0/stm32cubeide/plugins/com.st.stm32cube.ide.mcu.externaltools.gnu-tools-for-stm32.9-2020-q2-update.win32_2.0.0.202105311346/tools/bin/../lib/gcc/arm-none-eabi/9.3.1/thumb/v7e-m+fp/hard/crtbegin.o
 .ARM.attributes
                0x0000000000000052       0x34 ./Core/Src/MOT.o
 .ARM.attributes
                0x0000000000000086       0x34 ./Core/Src/dma.o
 .ARM.attributes
                0x00000000000000ba       0x34 ./Core/Src/gpio.o
 .ARM.attributes
                0x00000000000000ee       0x34 ./Core/Src/ibus.o
 .ARM.attributes
                0x0000000000000122       0x34 ./Core/Src/main.o
 .ARM.attributes
                0x0000000000000156       0x34 ./Core/Src/stm32f3xx_hal_msp.o
 .ARM.attributes
                0x000000000000018a       0x34 ./Core/Src/stm32f3xx_it.o
 .ARM.attributes
                0x00000000000001be       0x34 ./Core/Src/system_stm32f3xx.o
 .ARM.attributes
                0x00000000000001f2       0x34 ./Core/Src/tim.o
 .ARM.attributes
                0x0000000000000226       0x34 ./Core/Src/usart.o
 .ARM.attributes
                0x000000000000025a       0x21 ./Core/Startup/startup_stm32f303k8tx.o
 .ARM.attributes
                0x000000000000027b       0x34 ./Drivers/STM32F3xx_HAL_Driver/Src/stm32f3xx_hal.o
 .ARM.attributes
                0x00000000000002af       0x34 ./Drivers/STM32F3xx_HAL_Driver/Src/stm32f3xx_hal_cortex.o
 .ARM.attributes
                0x00000000000002e3       0x34 ./Drivers/STM32F3xx_HAL_Driver/Src/stm32f3xx_hal_dma.o
 .ARM.attributes
                0x0000000000000317       0x34 ./Drivers/STM32F3xx_HAL_Driver/Src/stm32f3xx_hal_gpio.o
 .ARM.attributes
                0x000000000000034b       0x34 ./Drivers/STM32F3xx_HAL_Driver/Src/stm32f3xx_hal_rcc.o
 .ARM.attributes
                0x000000000000037f       0x34 ./Drivers/STM32F3xx_HAL_Driver/Src/stm32f3xx_hal_rcc_ex.o
 .ARM.attributes
                0x00000000000003b3       0x34 ./Drivers/STM32F3xx_HAL_Driver/Src/stm32f3xx_hal_tim.o
 .ARM.attributes
                0x00000000000003e7       0x34 ./Drivers/STM32F3xx_HAL_Driver/Src/stm32f3xx_hal_tim_ex.o
 .ARM.attributes
                0x000000000000041b       0x34 ./Drivers/STM32F3xx_HAL_Driver/Src/stm32f3xx_hal_uart.o
 .ARM.attributes
                0x000000000000044f       0x34 ./Drivers/STM32F3xx_HAL_Driver/Src/stm32f3xx_hal_uart_ex.o
 .ARM.attributes
                0x0000000000000483       0x34 c:/st/stm32cubeide_1.8.0/stm32cubeide/plugins/com.st.stm32cube.ide.mcu.externaltools.gnu-tools-for-stm32.9-2020-q2-update.win32_2.0.0.202105311346/tools/bin/../lib/gcc/arm-none-eabi/9.3.1/../../../../arm-none-eabi/lib/thumb/v7e-m+fp/hard\libc_nano.a(lib_a-init.o)
 .ARM.attributes
                0x00000000000004b7       0x34 c:/st/stm32cubeide_1.8.0/stm32cubeide/plugins/com.st.stm32cube.ide.mcu.externaltools.gnu-tools-for-stm32.9-2020-q2-update.win32_2.0.0.202105311346/tools/bin/../lib/gcc/arm-none-eabi/9.3.1/../../../../arm-none-eabi/lib/thumb/v7e-m+fp/hard\libc_nano.a(lib_a-memset.o)
 .ARM.attributes
                0x00000000000004eb       0x1e c:/st/stm32cubeide_1.8.0/stm32cubeide/plugins/com.st.stm32cube.ide.mcu.externaltools.gnu-tools-for-stm32.9-2020-q2-update.win32_2.0.0.202105311346/tools/bin/../lib/gcc/arm-none-eabi/9.3.1/thumb/v7e-m+fp/hard\libgcc.a(_arm_addsubdf3.o)
 .ARM.attributes
                0x0000000000000509       0x1e c:/st/stm32cubeide_1.8.0/stm32cubeide/plugins/com.st.stm32cube.ide.mcu.externaltools.gnu-tools-for-stm32.9-2020-q2-update.win32_2.0.0.202105311346/tools/bin/../lib/gcc/arm-none-eabi/9.3.1/thumb/v7e-m+fp/hard\libgcc.a(_arm_muldivdf3.o)
 .ARM.attributes
                0x0000000000000527       0x1e c:/st/stm32cubeide_1.8.0/stm32cubeide/plugins/com.st.stm32cube.ide.mcu.externaltools.gnu-tools-for-stm32.9-2020-q2-update.win32_2.0.0.202105311346/tools/bin/../lib/gcc/arm-none-eabi/9.3.1/thumb/v7e-m+fp/hard\libgcc.a(_arm_fixdfsi.o)
 .ARM.attributes
                0x0000000000000545       0x1e c:/st/stm32cubeide_1.8.0/stm32cubeide/plugins/com.st.stm32cube.ide.mcu.externaltools.gnu-tools-for-stm32.9-2020-q2-update.win32_2.0.0.202105311346/tools/bin/../lib/gcc/arm-none-eabi/9.3.1/thumb/v7e-m+fp/hard\libgcc.a(_arm_truncdfsf2.o)
 .ARM.attributes
                0x0000000000000563       0x1e c:/st/stm32cubeide_1.8.0/stm32cubeide/plugins/com.st.stm32cube.ide.mcu.externaltools.gnu-tools-for-stm32.9-2020-q2-update.win32_2.0.0.202105311346/tools/bin/../lib/gcc/arm-none-eabi/9.3.1/thumb/v7e-m+fp/hard/crtn.o
OUTPUT(Projekt_roboty_transportowe_master_mcu.elf elf32-littlearm)
LOAD linker stubs
LOAD c:/st/stm32cubeide_1.8.0/stm32cubeide/plugins/com.st.stm32cube.ide.mcu.externaltools.gnu-tools-for-stm32.9-2020-q2-update.win32_2.0.0.202105311346/tools/bin/../lib/gcc/arm-none-eabi/9.3.1/../../../../arm-none-eabi/lib/thumb/v7e-m+fp/hard\libc.a
LOAD c:/st/stm32cubeide_1.8.0/stm32cubeide/plugins/com.st.stm32cube.ide.mcu.externaltools.gnu-tools-for-stm32.9-2020-q2-update.win32_2.0.0.202105311346/tools/bin/../lib/gcc/arm-none-eabi/9.3.1/../../../../arm-none-eabi/lib/thumb/v7e-m+fp/hard\libm.a
LOAD c:/st/stm32cubeide_1.8.0/stm32cubeide/plugins/com.st.stm32cube.ide.mcu.externaltools.gnu-tools-for-stm32.9-2020-q2-update.win32_2.0.0.202105311346/tools/bin/../lib/gcc/arm-none-eabi/9.3.1/thumb/v7e-m+fp/hard\libgcc.a

.debug_info     0x0000000000000000    0x1297e
 .debug_info    0x0000000000000000      0x8cb ./Core/Src/MOT.o
 .debug_info    0x00000000000008cb      0x3c3 ./Core/Src/dma.o
 .debug_info    0x0000000000000c8e      0x2b6 ./Core/Src/gpio.o
 .debug_info    0x0000000000000f44      0x8cd ./Core/Src/ibus.o
 .debug_info    0x0000000000001811     0x1999 ./Core/Src/main.o
 .debug_info    0x00000000000031aa      0x299 ./Core/Src/stm32f3xx_hal_msp.o
 .debug_info    0x0000000000003443      0xbd3 ./Core/Src/stm32f3xx_it.o
 .debug_info    0x0000000000004016      0x49a ./Core/Src/system_stm32f3xx.o
 .debug_info    0x00000000000044b0      0xe57 ./Core/Src/tim.o
 .debug_info    0x0000000000005307      0xb91 ./Core/Src/usart.o
 .debug_info    0x0000000000005e98       0x22 ./Core/Startup/startup_stm32f303k8tx.o
 .debug_info    0x0000000000005eba      0x7b3 ./Drivers/STM32F3xx_HAL_Driver/Src/stm32f3xx_hal.o
 .debug_info    0x000000000000666d      0xbdf ./Drivers/STM32F3xx_HAL_Driver/Src/stm32f3xx_hal_cortex.o
 .debug_info    0x000000000000724c      0x839 ./Drivers/STM32F3xx_HAL_Driver/Src/stm32f3xx_hal_dma.o
 .debug_info    0x0000000000007a85      0x83d ./Drivers/STM32F3xx_HAL_Driver/Src/stm32f3xx_hal_gpio.o
 .debug_info    0x00000000000082c2     0x15b5 ./Drivers/STM32F3xx_HAL_Driver/Src/stm32f3xx_hal_rcc.o
 .debug_info    0x0000000000009877      0x60f ./Drivers/STM32F3xx_HAL_Driver/Src/stm32f3xx_hal_rcc_ex.o
 .debug_info    0x0000000000009e86     0x2cf6 ./Drivers/STM32F3xx_HAL_Driver/Src/stm32f3xx_hal_tim.o
 .debug_info    0x000000000000cb7c     0x163e ./Drivers/STM32F3xx_HAL_Driver/Src/stm32f3xx_hal_tim_ex.o
 .debug_info    0x000000000000e1ba     0x3af9 ./Drivers/STM32F3xx_HAL_Driver/Src/stm32f3xx_hal_uart.o
 .debug_info    0x0000000000011cb3      0xccb ./Drivers/STM32F3xx_HAL_Driver/Src/stm32f3xx_hal_uart_ex.o

.debug_abbrev   0x0000000000000000     0x28fb
 .debug_abbrev  0x0000000000000000      0x1d2 ./Core/Src/MOT.o
 .debug_abbrev  0x00000000000001d2      0x11b ./Core/Src/dma.o
 .debug_abbrev  0x00000000000002ed      0x11d ./Core/Src/gpio.o
 .debug_abbrev  0x000000000000040a      0x216 ./Core/Src/ibus.o
 .debug_abbrev  0x0000000000000620      0x2d3 ./Core/Src/main.o
 .debug_abbrev  0x00000000000008f3      0x11d ./Core/Src/stm32f3xx_hal_msp.o
 .debug_abbrev  0x0000000000000a10      0x190 ./Core/Src/stm32f3xx_it.o
 .debug_abbrev  0x0000000000000ba0      0x145 ./Core/Src/system_stm32f3xx.o
 .debug_abbrev  0x0000000000000ce5      0x215 ./Core/Src/tim.o
 .debug_abbrev  0x0000000000000efa      0x1d7 ./Core/Src/usart.o
 .debug_abbrev  0x00000000000010d1       0x12 ./Core/Startup/startup_stm32f303k8tx.o
 .debug_abbrev  0x00000000000010e3      0x1ed ./Drivers/STM32F3xx_HAL_Driver/Src/stm32f3xx_hal.o
 .debug_abbrev  0x00000000000012d0      0x313 ./Drivers/STM32F3xx_HAL_Driver/Src/stm32f3xx_hal_cortex.o
 .debug_abbrev  0x00000000000015e3      0x228 ./Drivers/STM32F3xx_HAL_Driver/Src/stm32f3xx_hal_dma.o
 .debug_abbrev  0x000000000000180b      0x1e8 ./Drivers/STM32F3xx_HAL_Driver/Src/stm32f3xx_hal_gpio.o
 .debug_abbrev  0x00000000000019f3      0x2c4 ./Drivers/STM32F3xx_HAL_Driver/Src/stm32f3xx_hal_rcc.o
 .debug_abbrev  0x0000000000001cb7      0x22b ./Drivers/STM32F3xx_HAL_Driver/Src/stm32f3xx_hal_rcc_ex.o
 .debug_abbrev  0x0000000000001ee2      0x25e ./Drivers/STM32F3xx_HAL_Driver/Src/stm32f3xx_hal_tim.o
 .debug_abbrev  0x0000000000002140      0x266 ./Drivers/STM32F3xx_HAL_Driver/Src/stm32f3xx_hal_tim_ex.o
 .debug_abbrev  0x00000000000023a6      0x2b3 ./Drivers/STM32F3xx_HAL_Driver/Src/stm32f3xx_hal_uart.o
 .debug_abbrev  0x0000000000002659      0x2a2 ./Drivers/STM32F3xx_HAL_Driver/Src/stm32f3xx_hal_uart_ex.o

.debug_aranges  0x0000000000000000      0xe18
 .debug_aranges
                0x0000000000000000       0x30 ./Core/Src/MOT.o
 .debug_aranges
                0x0000000000000030       0x20 ./Core/Src/dma.o
 .debug_aranges
                0x0000000000000050       0x20 ./Core/Src/gpio.o
 .debug_aranges
                0x0000000000000070       0x50 ./Core/Src/ibus.o
 .debug_aranges
                0x00000000000000c0       0x68 ./Core/Src/main.o
 .debug_aranges
                0x0000000000000128       0x20 ./Core/Src/stm32f3xx_hal_msp.o
 .debug_aranges
                0x0000000000000148       0x88 ./Core/Src/stm32f3xx_it.o
 .debug_aranges
                0x00000000000001d0       0x28 ./Core/Src/system_stm32f3xx.o
 .debug_aranges
                0x00000000000001f8       0x58 ./Core/Src/tim.o
 .debug_aranges
                0x0000000000000250       0x38 ./Core/Src/usart.o
 .debug_aranges
                0x0000000000000288       0x28 ./Core/Startup/startup_stm32f303k8tx.o
 .debug_aranges
                0x00000000000002b0       0xe0 ./Drivers/STM32F3xx_HAL_Driver/Src/stm32f3xx_hal.o
 .debug_aranges
                0x0000000000000390      0x100 ./Drivers/STM32F3xx_HAL_Driver/Src/stm32f3xx_hal_cortex.o
 .debug_aranges
                0x0000000000000490       0x88 ./Drivers/STM32F3xx_HAL_Driver/Src/stm32f3xx_hal_dma.o
 .debug_aranges
                0x0000000000000518       0x58 ./Drivers/STM32F3xx_HAL_Driver/Src/stm32f3xx_hal_gpio.o
 .debug_aranges
                0x0000000000000570       0x88 ./Drivers/STM32F3xx_HAL_Driver/Src/stm32f3xx_hal_rcc.o
 .debug_aranges
                0x00000000000005f8       0x38 ./Drivers/STM32F3xx_HAL_Driver/Src/stm32f3xx_hal_rcc_ex.o
 .debug_aranges
                0x0000000000000630      0x3e0 ./Drivers/STM32F3xx_HAL_Driver/Src/stm32f3xx_hal_tim.o
 .debug_aranges
                0x0000000000000a10      0x178 ./Drivers/STM32F3xx_HAL_Driver/Src/stm32f3xx_hal_tim_ex.o
 .debug_aranges
                0x0000000000000b88      0x228 ./Drivers/STM32F3xx_HAL_Driver/Src/stm32f3xx_hal_uart.o
 .debug_aranges
                0x0000000000000db0       0x68 ./Drivers/STM32F3xx_HAL_Driver/Src/stm32f3xx_hal_uart_ex.o

.debug_ranges   0x0000000000000000      0xd00
 .debug_ranges  0x0000000000000000       0x20 ./Core/Src/MOT.o
 .debug_ranges  0x0000000000000020       0x10 ./Core/Src/dma.o
 .debug_ranges  0x0000000000000030       0x10 ./Core/Src/gpio.o
 .debug_ranges  0x0000000000000040       0x40 ./Core/Src/ibus.o
 .debug_ranges  0x0000000000000080       0x58 ./Core/Src/main.o
 .debug_ranges  0x00000000000000d8       0x10 ./Core/Src/stm32f3xx_hal_msp.o
 .debug_ranges  0x00000000000000e8       0x78 ./Core/Src/stm32f3xx_it.o
 .debug_ranges  0x0000000000000160       0x18 ./Core/Src/system_stm32f3xx.o
 .debug_ranges  0x0000000000000178       0x48 ./Core/Src/tim.o
 .debug_ranges  0x00000000000001c0       0x28 ./Core/Src/usart.o
 .debug_ranges  0x00000000000001e8       0x20 ./Core/Startup/startup_stm32f303k8tx.o
 .debug_ranges  0x0000000000000208       0xd0 ./Drivers/STM32F3xx_HAL_Driver/Src/stm32f3xx_hal.o
 .debug_ranges  0x00000000000002d8       0xf0 ./Drivers/STM32F3xx_HAL_Driver/Src/stm32f3xx_hal_cortex.o
 .debug_ranges  0x00000000000003c8       0x78 ./Drivers/STM32F3xx_HAL_Driver/Src/stm32f3xx_hal_dma.o
 .debug_ranges  0x0000000000000440       0x48 ./Drivers/STM32F3xx_HAL_Driver/Src/stm32f3xx_hal_gpio.o
 .debug_ranges  0x0000000000000488       0x78 ./Drivers/STM32F3xx_HAL_Driver/Src/stm32f3xx_hal_rcc.o
 .debug_ranges  0x0000000000000500       0x28 ./Drivers/STM32F3xx_HAL_Driver/Src/stm32f3xx_hal_rcc_ex.o
 .debug_ranges  0x0000000000000528      0x3d0 ./Drivers/STM32F3xx_HAL_Driver/Src/stm32f3xx_hal_tim.o
 .debug_ranges  0x00000000000008f8      0x168 ./Drivers/STM32F3xx_HAL_Driver/Src/stm32f3xx_hal_tim_ex.o
 .debug_ranges  0x0000000000000a60      0x248 ./Drivers/STM32F3xx_HAL_Driver/Src/stm32f3xx_hal_uart.o
 .debug_ranges  0x0000000000000ca8       0x58 ./Drivers/STM32F3xx_HAL_Driver/Src/stm32f3xx_hal_uart_ex.o

.debug_macro    0x0000000000000000    0x1c439
 .debug_macro   0x0000000000000000      0x1e8 ./Core/Src/MOT.o
 .debug_macro   0x00000000000001e8      0xaa8 ./Core/Src/MOT.o
 .debug_macro   0x0000000000000c90       0x2e ./Core/Src/MOT.o
 .debug_macro   0x0000000000000cbe       0x22 ./Core/Src/MOT.o
 .debug_macro   0x0000000000000ce0       0x8e ./Core/Src/MOT.o
 .debug_macro   0x0000000000000d6e       0x51 ./Core/Src/MOT.o
 .debug_macro   0x0000000000000dbf      0x103 ./Core/Src/MOT.o
 .debug_macro   0x0000000000000ec2       0x6a ./Core/Src/MOT.o
 .debug_macro   0x0000000000000f2c      0x1df ./Core/Src/MOT.o
 .debug_macro   0x000000000000110b      0x157 ./Core/Src/MOT.o
 .debug_macro   0x0000000000001262       0x2e ./Core/Src/MOT.o
 .debug_macro   0x0000000000001290       0x28 ./Core/Src/MOT.o
 .debug_macro   0x00000000000012b8       0x1c ./Core/Src/MOT.o
 .debug_macro   0x00000000000012d4       0x22 ./Core/Src/MOT.o
 .debug_macro   0x00000000000012f6       0xdf ./Core/Src/MOT.o
 .debug_macro   0x00000000000013d5      0xf07 ./Core/Src/MOT.o
 .debug_macro   0x00000000000022dc    0x10be0 ./Core/Src/MOT.o
 .debug_macro   0x0000000000012ebc       0x6d ./Core/Src/MOT.o
 .debug_macro   0x0000000000012f29     0x3540 ./Core/Src/MOT.o
 .debug_macro   0x0000000000016469      0x174 ./Core/Src/MOT.o
 .debug_macro   0x00000000000165dd       0x55 ./Core/Src/MOT.o
 .debug_macro   0x0000000000016632      0x8f9 ./Core/Src/MOT.o
 .debug_macro   0x0000000000016f2b      0x304 ./Core/Src/MOT.o
 .debug_macro   0x000000000001722f      0x1b6 ./Core/Src/MOT.o
 .debug_macro   0x00000000000173e5      0x11b ./Core/Src/MOT.o
 .debug_macro   0x0000000000017500      0x1d5 ./Core/Src/MOT.o
 .debug_macro   0x00000000000176d5      0x1bc ./Core/Src/MOT.o
 .debug_macro   0x0000000000017891       0x34 ./Core/Src/MOT.o
 .debug_macro   0x00000000000178c5       0x3c ./Core/Src/MOT.o
 .debug_macro   0x0000000000017901       0x57 ./Core/Src/MOT.o
 .debug_macro   0x0000000000017958       0xc5 ./Core/Src/MOT.o
 .debug_macro   0x0000000000017a1d      0x19f ./Core/Src/MOT.o
 .debug_macro   0x0000000000017bbc      0x22c ./Core/Src/MOT.o
 .debug_macro   0x0000000000017de8       0x5b ./Core/Src/MOT.o
 .debug_macro   0x0000000000017e43       0xa5 ./Core/Src/MOT.o
 .debug_macro   0x0000000000017ee8       0x81 ./Core/Src/MOT.o
 .debug_macro   0x0000000000017f69       0xd3 ./Core/Src/MOT.o
 .debug_macro   0x000000000001803c      0xa3d ./Core/Src/MOT.o
 .debug_macro   0x0000000000018a79       0x59 ./Core/Src/MOT.o
 .debug_macro   0x0000000000018ad2      0x5a5 ./Core/Src/MOT.o
 .debug_macro   0x0000000000019077       0x44 ./Core/Src/MOT.o
 .debug_macro   0x00000000000190bb      0x285 ./Core/Src/MOT.o
 .debug_macro   0x0000000000019340       0xb8 ./Core/Src/MOT.o
 .debug_macro   0x00000000000193f8      0x1df ./Core/Src/dma.o
 .debug_macro   0x00000000000195d7      0x1df ./Core/Src/gpio.o
 .debug_macro   0x00000000000197b6      0x1f7 ./Core/Src/ibus.o
 .debug_macro   0x00000000000199ad       0x22 ./Core/Src/ibus.o
 .debug_macro   0x00000000000199cf       0x22 ./Core/Src/ibus.o
 .debug_macro   0x00000000000199f1      0x405 ./Core/Src/main.o
 .debug_macro   0x0000000000019df6       0x52 ./Core/Src/main.o
 .debug_macro   0x0000000000019e48       0x18 ./Core/Src/main.o
 .debug_macro   0x0000000000019e60       0x3c ./Core/Src/main.o
 .debug_macro   0x0000000000019e9c       0x34 ./Core/Src/main.o
 .debug_macro   0x0000000000019ed0       0x16 ./Core/Src/main.o
 .debug_macro   0x0000000000019ee6       0x35 ./Core/Src/main.o
 .debug_macro   0x0000000000019f1b      0x333 ./Core/Src/main.o
 .debug_macro   0x000000000001a24e       0x10 ./Core/Src/main.o
 .debug_macro   0x000000000001a25e       0x16 ./Core/Src/main.o
 .debug_macro   0x000000000001a274       0x43 ./Core/Src/main.o
 .debug_macro   0x000000000001a2b7       0x34 ./Core/Src/main.o
 .debug_macro   0x000000000001a2eb       0x10 ./Core/Src/main.o
 .debug_macro   0x000000000001a2fb       0x58 ./Core/Src/main.o
 .debug_macro   0x000000000001a353       0x71 ./Core/Src/main.o
 .debug_macro   0x000000000001a3c4       0x1c ./Core/Src/main.o
 .debug_macro   0x000000000001a3e0      0x12a ./Core/Src/main.o
 .debug_macro   0x000000000001a50a       0x10 ./Core/Src/main.o
 .debug_macro   0x000000000001a51a       0x1c ./Core/Src/main.o
 .debug_macro   0x000000000001a536       0x52 ./Core/Src/main.o
 .debug_macro   0x000000000001a588       0x22 ./Core/Src/main.o
 .debug_macro   0x000000000001a5aa       0x10 ./Core/Src/main.o
 .debug_macro   0x000000000001a5ba       0x40 ./Core/Src/main.o
 .debug_macro   0x000000000001a5fa       0xd5 ./Core/Src/main.o
 .debug_macro   0x000000000001a6cf       0x1c ./Core/Src/main.o
 .debug_macro   0x000000000001a6eb       0x3d ./Core/Src/main.o
 .debug_macro   0x000000000001a728       0x16 ./Core/Src/main.o
 .debug_macro   0x000000000001a73e      0x145 ./Core/Src/main.o
 .debug_macro   0x000000000001a883       0x16 ./Core/Src/main.o
 .debug_macro   0x000000000001a899       0x16 ./Core/Src/main.o
 .debug_macro   0x000000000001a8af       0x29 ./Core/Src/main.o
 .debug_macro   0x000000000001a8d8      0x1d5 ./Core/Src/stm32f3xx_hal_msp.o
 .debug_macro   0x000000000001aaad      0x1df ./Core/Src/stm32f3xx_it.o
 .debug_macro   0x000000000001ac8c      0x1c6 ./Core/Src/system_stm32f3xx.o
 .debug_macro   0x000000000001ae52      0x1df ./Core/Src/tim.o
 .debug_macro   0x000000000001b031      0x1df ./Core/Src/usart.o
 .debug_macro   0x000000000001b210      0x1ea ./Drivers/STM32F3xx_HAL_Driver/Src/stm32f3xx_hal.o
 .debug_macro   0x000000000001b3fa      0x1c6 ./Drivers/STM32F3xx_HAL_Driver/Src/stm32f3xx_hal_cortex.o
 .debug_macro   0x000000000001b5c0      0x1c6 ./Drivers/STM32F3xx_HAL_Driver/Src/stm32f3xx_hal_dma.o
 .debug_macro   0x000000000001b786      0x1cd ./Drivers/STM32F3xx_HAL_Driver/Src/stm32f3xx_hal_gpio.o
 .debug_macro   0x000000000001b953      0x1ea ./Drivers/STM32F3xx_HAL_Driver/Src/stm32f3xx_hal_rcc.o
 .debug_macro   0x000000000001bb3d      0x1c6 ./Drivers/STM32F3xx_HAL_Driver/Src/stm32f3xx_hal_rcc_ex.o
 .debug_macro   0x000000000001bd03      0x1c7 ./Drivers/STM32F3xx_HAL_Driver/Src/stm32f3xx_hal_tim.o
 .debug_macro   0x000000000001beca      0x1c6 ./Drivers/STM32F3xx_HAL_Driver/Src/stm32f3xx_hal_tim_ex.o
 .debug_macro   0x000000000001c090      0x1e3 ./Drivers/STM32F3xx_HAL_Driver/Src/stm32f3xx_hal_uart.o
 .debug_macro   0x000000000001c273      0x1c6 ./Drivers/STM32F3xx_HAL_Driver/Src/stm32f3xx_hal_uart_ex.o

.debug_line     0x0000000000000000    0x12d6c
 .debug_line    0x0000000000000000      0x7a0 ./Core/Src/MOT.o
 .debug_line    0x00000000000007a0      0x6de ./Core/Src/dma.o
 .debug_line    0x0000000000000e7e      0x6e0 ./Core/Src/gpio.o
 .debug_line    0x000000000000155e      0x8a4 ./Core/Src/ibus.o
 .debug_line    0x0000000000001e02      0xc1c ./Core/Src/main.o
 .debug_line    0x0000000000002a1e      0x6e2 ./Core/Src/stm32f3xx_hal_msp.o
 .debug_line    0x0000000000003100      0x81d ./Core/Src/stm32f3xx_it.o
 .debug_line    0x000000000000391d      0x759 ./Core/Src/system_stm32f3xx.o
 .debug_line    0x0000000000004076      0x8f3 ./Core/Src/tim.o
 .debug_line    0x0000000000004969      0x7eb ./Core/Src/usart.o
 .debug_line    0x0000000000005154       0x88 ./Core/Startup/startup_stm32f303k8tx.o
 .debug_line    0x00000000000051dc      0x98e ./Drivers/STM32F3xx_HAL_Driver/Src/stm32f3xx_hal.o
 .debug_line    0x0000000000005b6a      0xb76 ./Drivers/STM32F3xx_HAL_Driver/Src/stm32f3xx_hal_cortex.o
 .debug_line    0x00000000000066e0      0xc7c ./Drivers/STM32F3xx_HAL_Driver/Src/stm32f3xx_hal_dma.o
 .debug_line    0x000000000000735c      0xadb ./Drivers/STM32F3xx_HAL_Driver/Src/stm32f3xx_hal_gpio.o
 .debug_line    0x0000000000007e37     0x1369 ./Drivers/STM32F3xx_HAL_Driver/Src/stm32f3xx_hal_rcc.o
 .debug_line    0x00000000000091a0      0xa31 ./Drivers/STM32F3xx_HAL_Driver/Src/stm32f3xx_hal_rcc_ex.o
 .debug_line    0x0000000000009bd1     0x3bb3 ./Drivers/STM32F3xx_HAL_Driver/Src/stm32f3xx_hal_tim.o
 .debug_line    0x000000000000d784     0x1a01 ./Drivers/STM32F3xx_HAL_Driver/Src/stm32f3xx_hal_tim_ex.o
 .debug_line    0x000000000000f185     0x30a2 ./Drivers/STM32F3xx_HAL_Driver/Src/stm32f3xx_hal_uart.o
 .debug_line    0x0000000000012227      0xb45 ./Drivers/STM32F3xx_HAL_Driver/Src/stm32f3xx_hal_uart_ex.o

.debug_str      0x0000000000000000    0xa53b4
 .debug_str     0x0000000000000000    0x9d868 ./Core/Src/MOT.o
                                      0x9dbab (size before relaxing)
 .debug_str     0x000000000009d868      0x2c0 ./Core/Src/dma.o
                                      0x9d8d6 (size before relaxing)
 .debug_str     0x000000000009db28       0x2c ./Core/Src/gpio.o
                                      0x9d5f5 (size before relaxing)
 .debug_str     0x000000000009db54      0x3b1 ./Core/Src/ibus.o
                                      0x9db1e (size before relaxing)
 .debug_str     0x000000000009df05     0x4552 ./Core/Src/main.o
                                      0xa245c (size before relaxing)
 .debug_str     0x00000000000a2457       0x2c ./Core/Src/stm32f3xx_hal_msp.o
                                      0x9d5f5 (size before relaxing)
 .debug_str     0x00000000000a2483      0x109 ./Core/Src/stm32f3xx_it.o
                                      0x9dde0 (size before relaxing)
 .debug_str     0x00000000000a258c       0xbd ./Core/Src/system_stm32f3xx.o
                                      0x9d3a2 (size before relaxing)
 .debug_str     0x00000000000a2649      0x23a ./Core/Src/tim.o
                                      0x9e063 (size before relaxing)
 .debug_str     0x00000000000a2883       0x6b ./Core/Src/usart.o
                                      0x9ddd0 (size before relaxing)
 .debug_str     0x00000000000a28ee       0x8f ./Core/Startup/startup_stm32f303k8tx.o
 .debug_str     0x00000000000a297d      0x317 ./Drivers/STM32F3xx_HAL_Driver/Src/stm32f3xx_hal.o
                                      0x9d9f0 (size before relaxing)
 .debug_str     0x00000000000a2c94      0x2a2 ./Drivers/STM32F3xx_HAL_Driver/Src/stm32f3xx_hal_cortex.o
                                      0x9d9d1 (size before relaxing)
 .debug_str     0x00000000000a2f36      0x248 ./Drivers/STM32F3xx_HAL_Driver/Src/stm32f3xx_hal_dma.o
                                      0x9d71c (size before relaxing)
 .debug_str     0x00000000000a317e      0x1d9 ./Drivers/STM32F3xx_HAL_Driver/Src/stm32f3xx_hal_gpio.o
                                      0x9d5bf (size before relaxing)
 .debug_str     0x00000000000a3357      0x2f0 ./Drivers/STM32F3xx_HAL_Driver/Src/stm32f3xx_hal_rcc.o
                                      0x9d810 (size before relaxing)
 .debug_str     0x00000000000a3647       0xd8 ./Drivers/STM32F3xx_HAL_Driver/Src/stm32f3xx_hal_rcc_ex.o
                                      0x9d524 (size before relaxing)
 .debug_str     0x00000000000a371f      0xd42 ./Drivers/STM32F3xx_HAL_Driver/Src/stm32f3xx_hal_tim.o
                                      0x9e765 (size before relaxing)
 .debug_str     0x00000000000a4461      0x550 ./Drivers/STM32F3xx_HAL_Driver/Src/stm32f3xx_hal_tim_ex.o
                                      0x9df69 (size before relaxing)
 .debug_str     0x00000000000a49b1      0x865 ./Drivers/STM32F3xx_HAL_Driver/Src/stm32f3xx_hal_uart.o
                                      0x9e020 (size before relaxing)
 .debug_str     0x00000000000a5216      0x19e ./Drivers/STM32F3xx_HAL_Driver/Src/stm32f3xx_hal_uart_ex.o
                                      0x9d90a (size before relaxing)

.comment        0x0000000000000000       0x53
 .comment       0x0000000000000000       0x53 ./Core/Src/MOT.o
                                         0x54 (size before relaxing)
 .comment       0x0000000000000053       0x54 ./Core/Src/dma.o
 .comment       0x0000000000000053       0x54 ./Core/Src/gpio.o
 .comment       0x0000000000000053       0x54 ./Core/Src/ibus.o
 .comment       0x0000000000000053       0x54 ./Core/Src/main.o
 .comment       0x0000000000000053       0x54 ./Core/Src/stm32f3xx_hal_msp.o
 .comment       0x0000000000000053       0x54 ./Core/Src/stm32f3xx_it.o
 .comment       0x0000000000000053       0x54 ./Core/Src/system_stm32f3xx.o
 .comment       0x0000000000000053       0x54 ./Core/Src/tim.o
 .comment       0x0000000000000053       0x54 ./Core/Src/usart.o
 .comment       0x0000000000000053       0x54 ./Drivers/STM32F3xx_HAL_Driver/Src/stm32f3xx_hal.o
 .comment       0x0000000000000053       0x54 ./Drivers/STM32F3xx_HAL_Driver/Src/stm32f3xx_hal_cortex.o
 .comment       0x0000000000000053       0x54 ./Drivers/STM32F3xx_HAL_Driver/Src/stm32f3xx_hal_dma.o
 .comment       0x0000000000000053       0x54 ./Drivers/STM32F3xx_HAL_Driver/Src/stm32f3xx_hal_gpio.o
 .comment       0x0000000000000053       0x54 ./Drivers/STM32F3xx_HAL_Driver/Src/stm32f3xx_hal_rcc.o
 .comment       0x0000000000000053       0x54 ./Drivers/STM32F3xx_HAL_Driver/Src/stm32f3xx_hal_rcc_ex.o
 .comment       0x0000000000000053       0x54 ./Drivers/STM32F3xx_HAL_Driver/Src/stm32f3xx_hal_tim.o
 .comment       0x0000000000000053       0x54 ./Drivers/STM32F3xx_HAL_Driver/Src/stm32f3xx_hal_tim_ex.o
 .comment       0x0000000000000053       0x54 ./Drivers/STM32F3xx_HAL_Driver/Src/stm32f3xx_hal_uart.o
 .comment       0x0000000000000053       0x54 ./Drivers/STM32F3xx_HAL_Driver/Src/stm32f3xx_hal_uart_ex.o

.debug_frame    0x0000000000000000     0x3a98
 .debug_frame   0x0000000000000000       0x88 ./Core/Src/MOT.o
 .debug_frame   0x0000000000000088       0x34 ./Core/Src/dma.o
 .debug_frame   0x00000000000000bc       0x38 ./Core/Src/gpio.o
 .debug_frame   0x00000000000000f4      0x108 ./Core/Src/ibus.o
 .debug_frame   0x00000000000001fc      0x17c ./Core/Src/main.o
 .debug_frame   0x0000000000000378       0x38 ./Core/Src/stm32f3xx_hal_msp.o
 .debug_frame   0x00000000000003b0      0x190 ./Core/Src/stm32f3xx_it.o
 .debug_frame   0x0000000000000540       0x58 ./Core/Src/system_stm32f3xx.o
 .debug_frame   0x0000000000000598      0x130 ./Core/Src/tim.o
 .debug_frame   0x00000000000006c8       0x90 ./Core/Src/usart.o
 .debug_frame   0x0000000000000758      0x334 ./Drivers/STM32F3xx_HAL_Driver/Src/stm32f3xx_hal.o
 .debug_frame   0x0000000000000a8c      0x428 ./Drivers/STM32F3xx_HAL_Driver/Src/stm32f3xx_hal_cortex.o
 .debug_frame   0x0000000000000eb4      0x224 ./Drivers/STM32F3xx_HAL_Driver/Src/stm32f3xx_hal_dma.o
 .debug_frame   0x00000000000010d8      0x14c ./Drivers/STM32F3xx_HAL_Driver/Src/stm32f3xx_hal_gpio.o
 .debug_frame   0x0000000000001224      0x214 ./Drivers/STM32F3xx_HAL_Driver/Src/stm32f3xx_hal_rcc.o
 .debug_frame   0x0000000000001438       0xb4 ./Drivers/STM32F3xx_HAL_Driver/Src/stm32f3xx_hal_rcc_ex.o
 .debug_frame   0x00000000000014ec     0x121c ./Drivers/STM32F3xx_HAL_Driver/Src/stm32f3xx_hal_tim.o
 .debug_frame   0x0000000000002708      0x688 ./Drivers/STM32F3xx_HAL_Driver/Src/stm32f3xx_hal_tim_ex.o
 .debug_frame   0x0000000000002d90      0x9e8 ./Drivers/STM32F3xx_HAL_Driver/Src/stm32f3xx_hal_uart.o
 .debug_frame   0x0000000000003778      0x190 ./Drivers/STM32F3xx_HAL_Driver/Src/stm32f3xx_hal_uart_ex.o
 .debug_frame   0x0000000000003908       0x2c c:/st/stm32cubeide_1.8.0/stm32cubeide/plugins/com.st.stm32cube.ide.mcu.externaltools.gnu-tools-for-stm32.9-2020-q2-update.win32_2.0.0.202105311346/tools/bin/../lib/gcc/arm-none-eabi/9.3.1/../../../../arm-none-eabi/lib/thumb/v7e-m+fp/hard\libc_nano.a(lib_a-init.o)
 .debug_frame   0x0000000000003934       0x20 c:/st/stm32cubeide_1.8.0/stm32cubeide/plugins/com.st.stm32cube.ide.mcu.externaltools.gnu-tools-for-stm32.9-2020-q2-update.win32_2.0.0.202105311346/tools/bin/../lib/gcc/arm-none-eabi/9.3.1/../../../../arm-none-eabi/lib/thumb/v7e-m+fp/hard\libc_nano.a(lib_a-memset.o)
 .debug_frame   0x0000000000003954       0xac c:/st/stm32cubeide_1.8.0/stm32cubeide/plugins/com.st.stm32cube.ide.mcu.externaltools.gnu-tools-for-stm32.9-2020-q2-update.win32_2.0.0.202105311346/tools/bin/../lib/gcc/arm-none-eabi/9.3.1/thumb/v7e-m+fp/hard\libgcc.a(_arm_addsubdf3.o)
 .debug_frame   0x0000000000003a00       0x50 c:/st/stm32cubeide_1.8.0/stm32cubeide/plugins/com.st.stm32cube.ide.mcu.externaltools.gnu-tools-for-stm32.9-2020-q2-update.win32_2.0.0.202105311346/tools/bin/../lib/gcc/arm-none-eabi/9.3.1/thumb/v7e-m+fp/hard\libgcc.a(_arm_muldivdf3.o)
 .debug_frame   0x0000000000003a50       0x24 c:/st/stm32cubeide_1.8.0/stm32cubeide/plugins/com.st.stm32cube.ide.mcu.externaltools.gnu-tools-for-stm32.9-2020-q2-update.win32_2.0.0.202105311346/tools/bin/../lib/gcc/arm-none-eabi/9.3.1/thumb/v7e-m+fp/hard\libgcc.a(_arm_fixdfsi.o)
 .debug_frame   0x0000000000003a74       0x24 c:/st/stm32cubeide_1.8.0/stm32cubeide/plugins/com.st.stm32cube.ide.mcu.externaltools.gnu-tools-for-stm32.9-2020-q2-update.win32_2.0.0.202105311346/tools/bin/../lib/gcc/arm-none-eabi/9.3.1/thumb/v7e-m+fp/hard\libgcc.a(_arm_truncdfsf2.o)
